Component: Arm Compiler for Embedded 6.21 Tool: armlink [5ec1fa00]

==============================================================================

Section Cross References

    empty.o(.text.main) refers to ti_msp_dl_config.o(.text.SYSCFG_DL_init) for SYSCFG_DL_init
    empty.o(.text.main) refers to mid_uart.o(.text.uart0_init) for uart0_init
    empty.o(.text.main) refers to app_oled.o(.text.oled_init) for oled_init
    empty.o(.text.main) refers to hw_gpio_it.o(.text.gpio_encoder_init) for gpio_encoder_init
    empty.o(.text.main) refers to mid_button.o(.text.user_button_init) for user_button_init
    empty.o(.text.main) refers to mid_pid.o(.text.pid_init) for pid_init
    empty.o(.text.main) refers to hw_timer.o(.text.timer_init) for timer_init
    empty.o(.text.main) refers to hw_motor.o(.text.stop_motor) for stop_motor
    empty.o(.text.main) refers to app_oled.o(.text.oled_show) for oled_show
    empty.o(.text.main) refers to app_motor.o(.text.motor_update) for motor_update
    empty.o(.text.main) refers to mid_pid.o(.bss.speed_pid) for speed_pid
    empty.o(.text.main) refers to mid_pid.o(.bss.angle_pid) for angle_pid
    empty.o(.ARM.exidx.text.main) refers to empty.o(.text.main) for [Anonymous Symbol]
    startup_mspm0g350x_uvision.o(STACK) refers (Special) to heapauxi.o(.text) for __use_two_region_memory
    startup_mspm0g350x_uvision.o(HEAP) refers (Special) to heapauxi.o(.text) for __use_two_region_memory
    startup_mspm0g350x_uvision.o(RESET) refers (Special) to heapauxi.o(.text) for __use_two_region_memory
    startup_mspm0g350x_uvision.o(RESET) refers to startup_mspm0g350x_uvision.o(STACK) for __initial_sp
    startup_mspm0g350x_uvision.o(RESET) refers to startup_mspm0g350x_uvision.o(.text) for Reset_Handler
    startup_mspm0g350x_uvision.o(RESET) refers to hw_systick.o(.text.SysTick_Handler) for SysTick_Handler
    startup_mspm0g350x_uvision.o(RESET) refers to hw_gpio_it.o(.text.GROUP1_IRQHandler) for GROUP1_IRQHandler
    startup_mspm0g350x_uvision.o(RESET) refers to mid_uart.o(.text.UART0_IRQHandler) for UART0_IRQHandler
    startup_mspm0g350x_uvision.o(RESET) refers to hw_timer.o(.text.TIMA0_IRQHandler) for TIMA0_IRQHandler
    startup_mspm0g350x_uvision.o(.text) refers (Special) to heapauxi.o(.text) for __use_two_region_memory
    startup_mspm0g350x_uvision.o(.text) refers to __main.o(!!!main) for __main
    startup_mspm0g350x_uvision.o(.text) refers to startup_mspm0g350x_uvision.o(HEAP) for Heap_Mem
    startup_mspm0g350x_uvision.o(.text) refers to startup_mspm0g350x_uvision.o(STACK) for Stack_Mem
    ti_msp_dl_config.o(.text.SYSCFG_DL_init) refers to ti_msp_dl_config.o(.text.SYSCFG_DL_initPower) for SYSCFG_DL_initPower
    ti_msp_dl_config.o(.text.SYSCFG_DL_init) refers to ti_msp_dl_config.o(.text.SYSCFG_DL_GPIO_init) for SYSCFG_DL_GPIO_init
    ti_msp_dl_config.o(.text.SYSCFG_DL_init) refers to ti_msp_dl_config.o(.text.SYSCFG_DL_SYSCTL_init) for SYSCFG_DL_SYSCTL_init
    ti_msp_dl_config.o(.text.SYSCFG_DL_init) refers to ti_msp_dl_config.o(.text.SYSCFG_DL_PWM_MOTOR_1_init) for SYSCFG_DL_PWM_MOTOR_1_init
    ti_msp_dl_config.o(.text.SYSCFG_DL_init) refers to ti_msp_dl_config.o(.text.SYSCFG_DL_PWM_MOTOR_2_init) for SYSCFG_DL_PWM_MOTOR_2_init
    ti_msp_dl_config.o(.text.SYSCFG_DL_init) refers to ti_msp_dl_config.o(.text.SYSCFG_DL_PWM_TEST_init) for SYSCFG_DL_PWM_TEST_init
    ti_msp_dl_config.o(.text.SYSCFG_DL_init) refers to ti_msp_dl_config.o(.text.SYSCFG_DL_TIMER_SCAN_init) for SYSCFG_DL_TIMER_SCAN_init
    ti_msp_dl_config.o(.text.SYSCFG_DL_init) refers to ti_msp_dl_config.o(.text.SYSCFG_DL_UART_0_init) for SYSCFG_DL_UART_0_init
    ti_msp_dl_config.o(.text.SYSCFG_DL_init) refers to ti_msp_dl_config.o(.text.SYSCFG_DL_SYSTICK_init) for SYSCFG_DL_SYSTICK_init
    ti_msp_dl_config.o(.text.SYSCFG_DL_init) refers to ti_msp_dl_config.o(.bss.gPWM_MOTOR_1Backup) for gPWM_MOTOR_1Backup
    ti_msp_dl_config.o(.text.SYSCFG_DL_init) refers to ti_msp_dl_config.o(.bss.gPWM_TESTBackup) for gPWM_TESTBackup
    ti_msp_dl_config.o(.text.SYSCFG_DL_init) refers to ti_msp_dl_config.o(.bss.gTIMER_SCANBackup) for gTIMER_SCANBackup
    ti_msp_dl_config.o(.ARM.exidx.text.SYSCFG_DL_init) refers to ti_msp_dl_config.o(.text.SYSCFG_DL_init) for [Anonymous Symbol]
    ti_msp_dl_config.o(.text.SYSCFG_DL_initPower) refers to ti_msp_dl_config.o(.text.DL_GPIO_reset) for DL_GPIO_reset
    ti_msp_dl_config.o(.text.SYSCFG_DL_initPower) refers to ti_msp_dl_config.o(.text.DL_Timer_reset) for DL_Timer_reset
    ti_msp_dl_config.o(.text.SYSCFG_DL_initPower) refers to ti_msp_dl_config.o(.text.DL_UART_reset) for DL_UART_reset
    ti_msp_dl_config.o(.text.SYSCFG_DL_initPower) refers to ti_msp_dl_config.o(.text.DL_GPIO_enablePower) for DL_GPIO_enablePower
    ti_msp_dl_config.o(.text.SYSCFG_DL_initPower) refers to ti_msp_dl_config.o(.text.DL_Timer_enablePower) for DL_Timer_enablePower
    ti_msp_dl_config.o(.text.SYSCFG_DL_initPower) refers to ti_msp_dl_config.o(.text.DL_UART_enablePower) for DL_UART_enablePower
[...]
    [Anonymous Symbol]                       0x000018fc   Section        0  mid_oled.o(.text.OLED_DrawPoint)
    __arm_cp.9_0                             0x00001988   Number         4  mid_oled.o(.text.OLED_DrawPoint)
    OLED_DrawWire                            0x0000198d   Thumb Code   200  app_oled.o(.text.OLED_DrawWire)
    [Anonymous Symbol]                       0x0000198c   Section        0  app_oled.o(.text.OLED_DrawWire)
    __arm_cp.5_0                             0x00001a54   Number         4  app_oled.o(.text.OLED_DrawWire)
    __arm_cp.5_1                             0x00001a58   Number         4  app_oled.o(.text.OLED_DrawWire)
    __arm_cp.5_2                             0x00001a5c   Number         4  app_oled.o(.text.OLED_DrawWire)
    [Anonymous Symbol]                       0x00001a60   Section        0  mid_oled.o(.text.OLED_Init)
    __arm_cp.19_0                            0x00001b5c   Number         4  mid_oled.o(.text.OLED_Init)
    [Anonymous Symbol]                       0x00001b60   Section        0  mid_oled.o(.text.OLED_Pow)
    [Anonymous Symbol]                       0x00001b90   Section        0  mid_oled.o(.text.OLED_Refresh)
    __arm_cp.7_0                             0x00001c08   Number         4  mid_oled.o(.text.OLED_Refresh)
    [Anonymous Symbol]                       0x00001c0c   Section        0  mid_oled.o(.text.OLED_ShowChar)
    __arm_cp.12_0                            0x00001dcc   Number         4  mid_oled.o(.text.OLED_ShowChar)
    __arm_cp.12_1                            0x00001dd0   Number         4  mid_oled.o(.text.OLED_ShowChar)
    __arm_cp.12_2                            0x00001dd4   Number         4  mid_oled.o(.text.OLED_ShowChar)
    __arm_cp.12_3                            0x00001dd8   Number         4  mid_oled.o(.text.OLED_ShowChar)
    [Anonymous Symbol]                       0x00001ddc   Section        0  mid_oled.o(.text.OLED_ShowNum)
    [Anonymous Symbol]                       0x00001ebe   Section        0  mid_oled.o(.text.OLED_ShowString)
    [Anonymous Symbol]                       0x00001f58   Section        0  mid_oled.o(.text.OLED_WR_Byte)
    [Anonymous Symbol]                       0x00002000   Section        0  ti_msp_dl_config.o(.text.SYSCFG_DL_GPIO_init)
    __arm_cp.2_0                             0x00002160   Number         4  ti_msp_dl_config.o(.text.SYSCFG_DL_GPIO_init)
    __arm_cp.2_1                             0x00002164   Number         4  ti_msp_dl_config.o(.text.SYSCFG_DL_GPIO_init)
    __arm_cp.2_2                             0x00002168   Number         4  ti_msp_dl_config.o(.text.SYSCFG_DL_GPIO_init)
    __arm_cp.2_3                             0x0000216c   Number         4  ti_msp_dl_config.o(.text.SYSCFG_DL_GPIO_init)
    __arm_cp.2_4                             0x00002170   Number         4  ti_msp_dl_config.o(.text.SYSCFG_DL_GPIO_init)
    [Anonymous Symbol]                       0x00002174   Section        0  ti_msp_dl_config.o(.text.SYSCFG_DL_PWM_MOTOR_1_init)
    __arm_cp.4_0                             0x000021c8   Number         4  ti_msp_dl_config.o(.text.SYSCFG_DL_PWM_MOTOR_1_init)
    __arm_cp.4_2                             0x000021cc   Number         4  ti_msp_dl_config.o(.text.SYSCFG_DL_PWM_MOTOR_1_init)
    [Anonymous Symbol]                       0x000021d0   Section        0  ti_msp_dl_config.o(.text.SYSCFG_DL_PWM_MOTOR_2_init)
    __arm_cp.5_0                             0x00002224   Number         4  ti_msp_dl_config.o(.text.SYSCFG_DL_PWM_MOTOR_2_init)
    __arm_cp.5_2                             0x00002228   Number         4  ti_msp_dl_config.o(.text.SYSCFG_DL_PWM_MOTOR_2_init)
    [Anonymous Symbol]                       0x0000222c   Section        0  ti_msp_dl_config.o(.text.SYSCFG_DL_PWM_TEST_init)
    __arm_cp.6_0                             0x00002280   Number         4  ti_msp_dl_config.o(.text.SYSCFG_DL_PWM_TEST_init)
    __arm_cp.6_2                             0x00002284   Number         4  ti_msp_dl_config.o(.text.SYSCFG_DL_PWM_TEST_init)
    [Anonymous Symbol]                       0x00002288   Section        0  ti_msp_dl_config.o(.text.SYSCFG_DL_SYSCTL_init)
    __arm_cp.3_0                             0x000022dc   Number         4  ti_msp_dl_config.o(.text.SYSCFG_DL_SYSCTL_init)
    [Anonymous Symbol]                       0x000022e0   Section        0  ti_msp_dl_config.o(.text.SYSCFG_DL_SYSTICK_init)
    [Anonymous Symbol]                       0x000022ec   Section        0  ti_msp_dl_config.o(.text.SYSCFG_DL_TIMER_SCAN_init)
    __arm_cp.7_0                             0x00002314   Number         4  ti_msp_dl_config.o(.text.SYSCFG_DL_TIMER_SCAN_init)
    __arm_cp.7_2                             0x00002318   Number         4  ti_msp_dl_config.o(.text.SYSCFG_DL_TIMER_SCAN_init)
    [Anonymous Symbol]                       0x0000231c   Section        0  ti_msp_dl_config.o(.text.SYSCFG_DL_UART_0_init)
    __arm_cp.8_0                             0x00002358   Number         4  ti_msp_dl_config.o(.text.SYSCFG_DL_UART_0_init)
    __arm_cp.8_2                             0x0000235c   Number         4  ti_msp_dl_config.o(.text.SYSCFG_DL_UART_0_init)
    [Anonymous Symbol]                       0x00002360   Section        0  ti_msp_dl_config.o(.text.SYSCFG_DL_init)
    __arm_cp.0_0                             0x0000239c   Number         4  ti_msp_dl_config.o(.text.SYSCFG_DL_init)
    __arm_cp.0_1                             0x000023a0   Number         4  ti_msp_dl_config.o(.text.SYSCFG_DL_init)
    __arm_cp.0_2                             0x000023a4   Number         4  ti_msp_dl_config.o(.text.SYSCFG_DL_init)
    [Anonymous Symbol]                       0x000023a8   Section        0  ti_msp_dl_config.o(.text.SYSCFG_DL_initPower)
    __arm_cp.1_0                             0x00002418   Number         4  ti_msp_dl_config.o(.text.SYSCFG_DL_initPower)
    __arm_cp.1_1                             0x0000241c   Number         4  ti_msp_dl_config.o(.text.SYSCFG_DL_initPower)
    __arm_cp.1_2                             0x00002420   Number         4  ti_msp_dl_config.o(.text.SYSCFG_DL_initPower)
    __arm_cp.1_3                             0x00002424   Number         4  ti_msp_dl_config.o(.text.SYSCFG_DL_initPower)
    __arm_cp.1_4                             0x00002428   Number         4  ti_msp_dl_config.o(.text.SYSCFG_DL_initPower)
    SysTick_Config                           0x0000242d   Thumb Code    68  ti_msp_dl_config.o(.text.SysTick_Config)
    [Anonymous Symbol]                       0x0000242c   Section        0  ti_msp_dl_config.o(.text.SysTick_Config)
    __arm_cp.46_0                            0x00002470   Number         4  ti_msp_dl_config.o(.text.SysTick_Config)
    __arm_cp.46_1                            0x00002474   Number         4  ti_msp_dl_config.o(.text.SysTick_Config)
    __arm_cp.46_2                            0x00002478   Number         4  ti_msp_dl_config.o(.text.SysTick_Config)
    [Anonymous Symbol]                       0x0000247c   Section        0  hw_systick.o(.text.SysTick_Handler)
    __arm_cp.2_0                             0x00002494   Number         4  hw_systick.o(.text.SysTick_Handler)
    [Anonymous Symbol]                       0x00002498   Section        0  hw_timer.o(.text.TIMA0_IRQHandler)
    __arm_cp.3_0                             0x000024d8   Number         4  hw_timer.o(.text.TIMA0_IRQHandler)
    __arm_cp.3_1                             0x000024dc   Number         4  hw_timer.o(.text.TIMA0_IRQHandler)
    [Anonymous Symbol]                       0x000024e0   Section        0  mid_uart.o(.text.UART0_IRQHandler)
    __arm_cp.9_0                             0x00002538   Number         4  mid_uart.o(.text.UART0_IRQHandler)
    __arm_cp.9_1                             0x0000253c   Number         4  mid_uart.o(.text.UART0_IRQHandler)
    __NVIC_ClearPendingIRQ                   0x00002541   Thumb Code    40  hw_timer.o(.text.__NVIC_ClearPendingIRQ)
    [Anonymous Symbol]                       0x00002540   Section        0  hw_timer.o(.text.__NVIC_ClearPendingIRQ)
    __NVIC_ClearPendingIRQ                   0x00002569   Thumb Code    40  mid_uart.o(.text.__NVIC_ClearPendingIRQ)
    [Anonymous Symbol]                       0x00002568   Section        0  mid_uart.o(.text.__NVIC_ClearPendingIRQ)
    __arm_cp.5_0                             0x00002590   Number         4  mid_uart.o(.text.__NVIC_ClearPendingIRQ)
    __NVIC_EnableIRQ                         0x00002595   Thumb Code    40  hw_gpio_it.o(.text.__NVIC_EnableIRQ)
    [Anonymous Symbol]                       0x00002594   Section        0  hw_gpio_it.o(.text.__NVIC_EnableIRQ)
    __NVIC_EnableIRQ                         0x000025bd   Thumb Code    40  hw_timer.o(.text.__NVIC_EnableIRQ)
    [Anonymous Symbol]                       0x000025bc   Section        0  hw_timer.o(.text.__NVIC_EnableIRQ)
    __NVIC_EnableIRQ                         0x000025e5   Thumb Code    40  mid_uart.o(.text.__NVIC_EnableIRQ)
    [Anonymous Symbol]                       0x000025e4   Section        0  mid_uart.o(.text.__NVIC_EnableIRQ)
    __arm_cp.6_0                             0x0000260c   Number         4  mid_uart.o(.text.__NVIC_EnableIRQ)
    __NVIC_SetPriority                       0x00002611   Thumb Code   124  ti_msp_dl_config.o(.text.__NVIC_SetPriority)
    [Anonymous Symbol]                       0x00002610   Section        0  ti_msp_dl_config.o(.text.__NVIC_SetPriority)
    __arm_cp.38_0                            0x0000268c   Number         4  ti_msp_dl_config.o(.text.__NVIC_SetPriority)
    __arm_cp.38_1                            0x00002690   Number         4  ti_msp_dl_config.o(.text.__NVIC_SetPriority)
    [Anonymous Symbol]                       0x00002694   Section        0  app_key_tesk.o(.text.btn_down_cb)
    [Anonymous Symbol]                       0x00002724   Section        0  app_key_tesk.o(.text.btn_left_cb)
    __arm_cp.4_1                             0x00002820   Number         4  app_key_tesk.o(.text.btn_left_cb)
    [Anonymous Symbol]                       0x00002824   Section        0  app_key_tesk.o(.text.btn_right_cb)
    __arm_cp.5_4                             0x0000295c   Number         4  app_key_tesk.o(.text.btn_right_cb)
    [Anonymous Symbol]                       0x00002960   Section        0  app_key_tesk.o(.text.btn_up_cb)
    __arm_cp.2_0                             0x00002a00   Number         4  app_key_tesk.o(.text.btn_up_cb)
    __arm_cp.2_1                             0x00002a04   Number         4  app_key_tesk.o(.text.btn_up_cb)
    __arm_cp.2_2                             0x00002a08   Number         4  app_key_tesk.o(.text.btn_up_cb)
    __arm_cp.2_3                             0x00002a0c   Number         4  app_key_tesk.o(.text.btn_up_cb)
    __arm_cp.2_4                             0x00002a10   Number         4  app_key_tesk.o(.text.btn_up_cb)
    button_down_read                         0x00002a15   Thumb Code    24  mid_button.o(.text.button_down_read)
    [Anonymous Symbol]                       0x00002a14   Section        0  mid_button.o(.text.button_down_read)
    button_left_read                         0x00002a2d   Thumb Code    24  mid_button.o(.text.button_left_read)
    [Anonymous Symbol]                       0x00002a2c   Section        0  mid_button.o(.text.button_left_read)
    button_right_read                        0x00002a45   Thumb Code    24  mid_button.o(.text.button_right_read)
    [Anonymous Symbol]                       0x00002a44   Section        0  mid_button.o(.text.button_right_read)
    button_up_read                           0x00002a5d   Thumb Code    24  mid_button.o(.text.button_up_read)
    [Anonymous Symbol]                       0x00002a5c   Section        0  mid_button.o(.text.button_up_read)
    [Anonymous Symbol]                       0x00002a74   Section        0  hw_systick.o(.text.delay_ms)
    __arm_cp.1_0                             0x00002aa8   Number         4  hw_systick.o(.text.delay_ms)
    [Anonymous Symbol]                       0x00002aac   Section        0  mid_encoder.o(.text.encoder_num_update)
    __arm_cp.0_0                             0x00002bc8   Number         4  mid_encoder.o(.text.encoder_num_update)
    __arm_cp.0_1                             0x00002bcc   Number         4  mid_encoder.o(.text.encoder_num_update)
    encoder_to_dec                           0x00002bd1   Thumb Code    92  mid_encoder.o(.text.encoder_to_dec)
    [Anonymous Symbol]                       0x00002bd0   Section        0  mid_encoder.o(.text.encoder_to_dec)
    __arm_cp.1_0                             0x00002c2c   Number         4  mid_encoder.o(.text.encoder_to_dec)
    [Anonymous Symbol]                       0x00002c30   Section        0  hw_encoder.o(.text.encoder_update)
    __arm_cp.3_0                             0x00002c48   Number         4  hw_encoder.o(.text.encoder_update)
    flex_button_process                      0x00002c4d   Thumb Code   912  flexible_button.o(.text.flex_button_process)
    [Anonymous Symbol]                       0x00002c4c   Section        0  flexible_button.o(.text.flex_button_process)
    __arm_cp.4_0                             0x00002fdc   Number         4  flexible_button.o(.text.flex_button_process)
    __arm_cp.4_1                             0x00002fe0   Number         4  flexible_button.o(.text.flex_button_process)
    __arm_cp.4_2                             0x00002fe4   Number         4  flexible_button.o(.text.flex_button_process)
    flex_button_read                         0x00002fe9   Thumb Code   120  flexible_button.o(.text.flex_button_read)
    [Anonymous Symbol]                       0x00002fe8   Section        0  flexible_button.o(.text.flex_button_read)
    __arm_cp.3_3                             0x00003060   Number         4  flexible_button.o(.text.flex_button_read)
    [Anonymous Symbol]                       0x00003064   Section        0  flexible_button.o(.text.flex_button_register)
    __arm_cp.0_0                             0x00003108   Number         4  flexible_button.o(.text.flex_button_register)
    __arm_cp.0_1                             0x0000310c   Number         4  flexible_button.o(.text.flex_button_register)
    __arm_cp.0_2                             0x00003110   Number         4  flexible_button.o(.text.flex_button_register)
    [Anonymous Symbol]                       0x00003114   Section        0  flexible_button.o(.text.flex_button_scan)
    [Anonymous Symbol]                       0x00003120   Section        0  hw_encoder.o(.text.get_encoder_count)
    [Anonymous Symbol]                       0x00003128   Section        0  hw_gpio_it.o(.text.gpio_encoder_init)
    [Anonymous Symbol]                       0x00003134   Section        0  hw_key.o(.text.key_scan)
    __arm_cp.0_0                             0x000031bc   Number         4  hw_key.o(.text.key_scan)
    [Anonymous Symbol]                       0x000031c0   Section        0  empty.o(.text.main)
    __arm_cp.0_0                             0x00003224   Number         4  empty.o(.text.main)
    __arm_cp.0_2                             0x00003228   Number         4  empty.o(.text.main)
    __arm_cp.0_3                             0x0000322c   Number         4  empty.o(.text.main)
    __arm_cp.0_5                             0x00003230   Number         4  empty.o(.text.main)
    [Anonymous Symbol]                       0x00003234   Section        0  hw_encoder.o(.text.mdr_scan)
    __arm_cp.4_0                             0x000032bc   Number         4  hw_encoder.o(.text.mdr_scan)
    [Anonymous Symbol]                       0x000032c0   Section        0  mid_pid.o(.text.motor_angle_control)
    __arm_cp.3_1                             0x00003340   Number         4  mid_pid.o(.text.motor_angle_control)
    [Anonymous Symbol]                       0x00003344   Section        0  mid_pid.o(.text.motor_speed_control)
    [Anonymous Symbol]                       0x000033b8   Section        0  app_motor.o(.text.motor_update)
    __arm_cp.0_0                             0x00003560   Number         4  app_motor.o(.text.motor_update)
    __arm_cp.0_1                             0x00003564   Number         4  app_motor.o(.text.motor_update)
    __arm_cp.0_2                             0x00003568   Number         4  app_motor.o(.text.motor_update)
    __arm_cp.0_3                             0x0000356c   Number         4  app_motor.o(.text.motor_update)
    __arm_cp.0_4                             0x00003570   Number         4  app_motor.o(.text.motor_update)
    __arm_cp.0_5                             0x00003574   Number         4  app_motor.o(.text.motor_update)
    __arm_cp.0_6                             0x00003578   Number         4  app_motor.o(.text.motor_update)
    __arm_cp.0_7                             0x0000357c   Number         4  app_motor.o(.text.motor_update)
    __arm_cp.0_8                             0x00003580   Number         4  app_motor.o(.text.motor_update)
    __arm_cp.0_9                             0x00003584   Number         4  app_motor.o(.text.motor_update)
    __arm_cp.0_10                            0x00003588   Number         4  app_motor.o(.text.motor_update)
    __arm_cp.0_11                            0x0000358c   Number         4  app_motor.o(.text.motor_update)
    [Anonymous Symbol]                       0x00003590   Section        0  app_oled.o(.text.oled_init)
    [Anonymous Symbol]                       0x0000359c   Section        0  app_oled.o(.text.oled_show)
    __arm_cp.4_0                             0x00003878   Number         4  app_oled.o(.text.oled_show)
    __arm_cp.4_1                             0x0000387c   Number         4  app_oled.o(.text.oled_show)
    __arm_cp.4_2                             0x00003880   Number         4  app_oled.o(.text.oled_show)
    __arm_cp.4_3                             0x00003884   Number         4  app_oled.o(.text.oled_show)
    __arm_cp.4_4                             0x00003888   Number         4  app_oled.o(.text.oled_show)
    __arm_cp.4_5                             0x0000388c   Number         4  app_oled.o(.text.oled_show)
    __arm_cp.4_6                             0x00003890   Number         4  app_oled.o(.text.oled_show)
    [Anonymous Symbol]                       0x00003894   Section        0  mid_pid.o(.text.pid_compute)
    [Anonymous Symbol]                       0x00003994   Section        0  mid_pid.o(.text.pid_init)
    restrict_pwm_max_value                   0x000039d5   Thumb Code    32  hw_motor.o(.text.restrict_pwm_max_value)
    [Anonymous Symbol]                       0x000039d4   Section        0  hw_motor.o(.text.restrict_pwm_max_value)
    set_In1                                  0x000039f5   Thumb Code    24  hw_motor.o(.text.set_In1)
    [Anonymous Symbol]                       0x000039f4   Section        0  hw_motor.o(.text.set_In1)
    __arm_cp.4_0                             0x00003a0c   Number         4  hw_motor.o(.text.set_In1)
    set_In2                                  0x00003a11   Thumb Code    24  hw_motor.o(.text.set_In2)
    [Anonymous Symbol]                       0x00003a10   Section        0  hw_motor.o(.text.set_In2)
    __arm_cp.5_0                             0x00003a28   Number         4  hw_motor.o(.text.set_In2)
    [Anonymous Symbol]                       0x00003a2c   Section        0  hw_motor.o(.text.set_motor)
    set_test                                 0x00003a5d   Thumb Code    24  hw_motor.o(.text.set_test)
    [Anonymous Symbol]                       0x00003a5c   Section        0  hw_motor.o(.text.set_test)
    __arm_cp.2_0                             0x00003a74   Number         4  hw_motor.o(.text.set_test)
    [Anonymous Symbol]                       0x00003a78   Section        0  hw_motor.o(.text.stop_motor)
    [Anonymous Symbol]                       0x00003a8c   Section        0  hw_motor.o(.text.test_motor)
    [Anonymous Symbol]                       0x00003aa8   Section        0  hw_timer.o(.text.timer_init)
    [Anonymous Symbol]                       0x00003abe   Section        0  mid_uart.o(.text.uart0_init)
    [Anonymous Symbol]                       0x00003ad4   Section        0  mid_uart.o(.text.uart0_send_char)
    __arm_cp.0_0                             0x00003afc   Number         4  mid_uart.o(.text.uart0_send_char)
    uart_limit_length                        0x00003b01   Thumb Code    40  mid_uart.o(.text.uart_limit_length)
    [Anonymous Symbol]                       0x00003b00   Section        0  mid_uart.o(.text.uart_limit_length)
    __arm_cp.12_0                            0x00003b28   Number         4  mid_uart.o(.text.uart_limit_length)
    [Anonymous Symbol]                       0x00003b2c   Section        0  mid_button.o(.text.user_button_init)
    __arm_cp.0_0                             0x00003bc4   Number         4  mid_button.o(.text.user_button_init)
    __arm_cp.0_1                             0x00003bc8   Number         4  mid_button.o(.text.user_button_init)
    __arm_cp.0_2                             0x00003bcc   Number         4  mid_button.o(.text.user_button_init)
    __arm_cp.0_3                             0x00003bd0   Number         4  mid_button.o(.text.user_button_init)
    __arm_cp.0_4                             0x00003bd4   Number         4  mid_button.o(.text.user_button_init)
    __arm_cp.0_5                             0x00003bd8   Number         4  mid_button.o(.text.user_button_init)
    __arm_cp.0_6                             0x00003bdc   Number         4  mid_button.o(.text.user_button_init)
    __arm_cp.0_7                             0x00003be0   Number         4  mid_button.o(.text.user_button_init)
    __arm_cp.0_8                             0x00003be4   Number         4  mid_button.o(.text.user_button_init)
    .text_divfast                            0x00003be8   Section      502  aeabi_sdivfast.o(.text_divfast)
    i._fgeq                                  0x00003dde   Section        0  fcmp.o(i._fgeq)
    i._fleq                                  0x00003df4   Section        0  fcmp.o(i._fleq)
    x$fpl$fadd                               0x00003e10   Section      140  faddsub.o(x$fpl$fadd)
    _fadd1                                   0x00003e1d   Thumb Code     0  faddsub.o(x$fpl$fadd)
    x$fpl$fgeqf                              0x00003e9c   Section       84  fgef.o(x$fpl$fgeqf)
    x$fpl$fleqf                              0x00003ef0   Section       84  flef.o(x$fpl$fleqf)
    x$fpl$fmul                               0x00003f44   Section      176  fmul.o(x$fpl$fmul)
    x$fpl$fsub                               0x00003ff4   Section      208  faddsub.o(x$fpl$fsub)
    _fsub1                                   0x00004001   Thumb Code     0  faddsub.o(x$fpl$fsub)
    ddiv_reciptbl                            0x000040c4   Data         128  ddiv.o(.constdata)
    .constdata                               0x000040c4   Section      128  ddiv.o(.constdata)
    x$fpl$usenofp                            0x000040c4   Section        0  usenofp.o(x$fpl$usenofp)
    fdiv_tab                                 0x00004144   Data          64  fdiv.o(.constdata)
    .constdata                               0x00004144   Section       64  fdiv.o(.constdata)
    gPWM_MOTOR_1ClockConfig                  0x00005b6c   Data           3  ti_msp_dl_config.o(.rodata.gPWM_MOTOR_1ClockConfig)
    [Anonymous Symbol]                       0x00005b6c   Section        0  ti_msp_dl_config.o(.rodata.gPWM_MOTOR_1ClockConfig)
    gPWM_MOTOR_1Config                       0x00005b70   Data           8  ti_msp_dl_config.o(.rodata.gPWM_MOTOR_1Config)
    [Anonymous Symbol]                       0x00005b70   Section        0  ti_msp_dl_config.o(.rodata.gPWM_MOTOR_1Config)
    gPWM_MOTOR_2ClockConfig                  0x00005b78   Data           3  ti_msp_dl_config.o(.rodata.gPWM_MOTOR_2ClockConfig)
    [Anonymous Symbol]                       0x00005b78   Section        0  ti_msp_dl_config.o(.rodata.gPWM_MOTOR_2ClockConfig)
    gPWM_MOTOR_2Config                       0x00005b7c   Data           8  ti_msp_dl_config.o(.rodata.gPWM_MOTOR_2Config)
    [Anonymous Symbol]                       0x00005b7c   Section        0  ti_msp_dl_config.o(.rodata.gPWM_MOTOR_2Config)
    gPWM_TESTClockConfig                     0x00005b84   Data           3  ti_msp_dl_config.o(.rodata.gPWM_TESTClockConfig)
    [Anonymous Symbol]                       0x00005b84   Section        0  ti_msp_dl_config.o(.rodata.gPWM_TESTClockConfig)
    gPWM_TESTConfig                          0x00005b88   Data           8  ti_msp_dl_config.o(.rodata.gPWM_TESTConfig)
    [Anonymous Symbol]                       0x00005b88   Section        0  ti_msp_dl_config.o(.rodata.gPWM_TESTConfig)
    gSYSPLLConfig                            0x00005b90   Data          40  ti_msp_dl_config.o(.rodata.gSYSPLLConfig)
    [Anonymous Symbol]                       0x00005b90   Section        0  ti_msp_dl_config.o(.rodata.gSYSPLLConfig)
    gTIMER_SCANClockConfig                   0x00005bb8   Data           3  ti_msp_dl_config.o(.rodata.gTIMER_SCANClockConfig)
    [Anonymous Symbol]                       0x00005bb8   Section        0  ti_msp_dl_config.o(.rodata.gTIMER_SCANClockConfig)
    gTIMER_SCANTimerConfig                   0x00005bbc   Data          20  ti_msp_dl_config.o(.rodata.gTIMER_SCANTimerConfig)
    [Anonymous Symbol]                       0x00005bbc   Section        0  ti_msp_dl_config.o(.rodata.gTIMER_SCANTimerConfig)
    gUART_0ClockConfig                       0x00005bd0   Data           2  ti_msp_dl_config.o(.rodata.gUART_0ClockConfig)
    [Anonymous Symbol]                       0x00005bd0   Section        0  ti_msp_dl_config.o(.rodata.gUART_0ClockConfig)
    gUART_0Config                            0x00005bd2   Data          10  ti_msp_dl_config.o(.rodata.gUART_0Config)
    [Anonymous Symbol]                       0x00005bd2   Section        0  ti_msp_dl_config.o(.rodata.gUART_0Config)
    [Anonymous Symbol]                       0x00005bdc   Section        0  app_oled.o(.rodata.str1.1)
    .bss                                     0x20200008   Section       96  libspace.o(.bss)
    btn_head                                 0x20200514   Data           4  flexible_button.o(.bss.btn_head)
    [Anonymous Symbol]                       0x20200514   Section        0  flexible_button.o(.bss.btn_head)
    button_cnt                               0x20200518   Data           1  flexible_button.o(.bss.button_cnt)
    [Anonymous Symbol]                       0x20200518   Section        0  flexible_button.o(.bss.button_cnt)
    user_button                              0x2020080c   Data         112  mid_button.o(.bss.user_button)
    [Anonymous Symbol]                       0x2020080c   Section        0  mid_button.o(.bss.user_button)
    Heap_Mem                                 0x20200880   Data        1024  startup_mspm0g350x_uvision.o(HEAP)
    HEAP                                     0x20200880   Section     1024  startup_mspm0g350x_uvision.o(HEAP)
    Stack_Mem                                0x20200c80   Data        1024  startup_mspm0g350x_uvision.o(STACK)
    STACK                                    0x20200c80   Section     1024  startup_mspm0g350x_uvision.o(STACK)
    __initial_sp                             0x20201080   Data           0  startup_mspm0g350x_uvision.o(STACK)

    Global Symbols

    Symbol Name                              Value     Ov Type        Size  Object(Section)

    BuildAttributes$$THM_ISAv3M$S$PE$A:L22$X:L11$S22$IEEE1$IW$~IW$USESV6$~STKCKD$USESV7$~SHL$OTIME$ROPI$EBA8$UX$STANDARDLIB$REQ8$PRES8$EABIv2 0x00000000   Number         0  anon$$obj.o ABSOLUTE
    __Vectors                                0x00000000   Data           4  startup_mspm0g350x_uvision.o(RESET)
    __ARM_exceptions_init                     - Undefined Weak Reference
    __alloca_initialize                       - Undefined Weak Reference
    __arm_preinit_                            - Undefined Weak Reference
    __arm_relocate_pie_                       - Undefined Weak Reference
    __cpp_initialize__aeabi_                  - Undefined Weak Reference
    __cxa_finalize                            - Undefined Weak Reference
    __rt_locale                               - Undefined Weak Reference
    __sigvec_lookup                           - Undefined Weak Reference
    _atexit_init                              - Undefined Weak Reference
    _call_atexit_fns                          - Undefined Weak Reference
    _clock_init                               - Undefined Weak Reference
    _fp_trap_init                             - Undefined Weak Reference
    _fp_trap_shutdown                         - Undefined Weak Reference
    _get_lc_collate                           - Undefined Weak Reference
    _get_lc_ctype                             - Undefined Weak Reference
    _get_lc_monetary                          - Undefined Weak Reference
    _get_lc_numeric                           - Undefined Weak Reference
    _get_lc_time                              - Undefined Weak Reference
    _getenv_init                              - Undefined Weak Reference
    _handle_redirection                       - Undefined Weak Reference
    _init_alloc                               - Undefined Weak Reference
    _init_user_alloc                          - Undefined Weak Reference
    _initio                                   - Undefined Weak Reference
    _rand_init                                - Undefined Weak Reference
    _signal_finish                            - Undefined Weak Reference
    _signal_init                              - Undefined Weak Reference
    _terminate_alloc                          - Undefined Weak Reference
    _terminate_user_alloc                     - Undefined Weak Reference
    _terminateio                              - Undefined Weak Reference
    __Vectors_End                            0x000000c0   Data           0  startup_mspm0g350x_uvision.o(RESET)
    __Vectors_Size                           0x000000c0   Number         0  startup_mspm0g350x_uvision.o ABSOLUTE
    __main                                   0x000000c1   Thumb Code     8  __main.o(!!!main)
    __scatterload                            0x000000c9   Thumb Code     0  __scatter.o(!!!scatter)
    __scatterload_rt2                        0x000000c9   Thumb Code    74  __scatter.o(!!!scatter)
    __scatterload_rt2_thumb_only             0x000000c9   Thumb Code     0  __scatter.o(!!!scatter)
    __scatterload_loop                       0x000000d3   Thumb Code     0  __scatter.o(!!!scatter)
    __scatterload_copy                       0x00000121   Thumb Code    26  __scatter_copy.o(!!handler_copy)
    __scatterload_null                       0x00000141   Thumb Code     2  __scatter.o(!!handler_null)
    __scatterload_zeroinit                   0x00000149   Thumb Code    28  __scatter_zi.o(!!handler_zi)
    __rt_lib_init                            0x00000165   Thumb Code     0  libinit.o(.ARM.Collect$$libinit$$00000000)
    __rt_lib_init_alloca_1                   0x00000167   Thumb Code     0  libinit2.o(.ARM.Collect$$libinit$$00000030)
    __rt_lib_init_argv_1                     0x00000167   Thumb Code     0  libinit2.o(.ARM.Collect$$libinit$$0000002E)
    __rt_lib_init_atexit_1                   0x00000167   Thumb Code     0  libinit2.o(.ARM.Collect$$libinit$$0000001D)
    __rt_lib_init_clock_1                    0x00000167   Thumb Code     0  libinit2.o(.ARM.Collect$$libinit$$00000023)
    __rt_lib_init_cpp_1                      0x00000167   Thumb Code     0  libinit2.o(.ARM.Collect$$libinit$$00000034)
    __rt_lib_init_exceptions_1               0x00000167   Thumb Code     0  libinit2.o(.ARM.Collect$$libinit$$00000032)
    __rt_lib_init_fp_1                       0x00000167   Thumb Code     0  libinit2.o(.ARM.Collect$$libinit$$00000002)
    __rt_lib_init_fp_trap_1                  0x00000167   Thumb Code     0  libinit2.o(.ARM.Collect$$libinit$$00000021)
    __rt_lib_init_getenv_1                   0x00000167   Thumb Code     0  libinit2.o(.ARM.Collect$$libinit$$00000025)
    __rt_lib_init_heap_1                     0x00000167   Thumb Code     0  libinit2.o(.ARM.Collect$$libinit$$0000000C)
    __rt_lib_init_lc_collate_1               0x00000167   Thumb Code     0  libinit2.o(.ARM.Collect$$libinit$$00000013)
    __rt_lib_init_lc_ctype_1                 0x00000167   Thumb Code     0  libinit2.o(.ARM.Collect$$libinit$$00000015)
    __rt_lib_init_lc_monetary_1              0x00000167   Thumb Code     0  libinit2.o(.ARM.Collect$$libinit$$00000017)
    __rt_lib_init_lc_numeric_1               0x00000167   Thumb Code     0  libinit2.o(.ARM.Collect$$libinit$$00000019)
    __rt_lib_init_lc_time_1                  0x00000167   Thumb Code     0  libinit2.o(.ARM.Collect$$libinit$$0000001B)
    __rt_lib_init_preinit_1                  0x00000167   Thumb Code     0  libinit2.o(.ARM.Collect$$libinit$$00000006)
    __rt_lib_init_rand_1                     0x00000167   Thumb Code     0  libinit2.o(.ARM.Collect$$libinit$$00000010)
    __rt_lib_init_relocate_pie_1             0x00000167   Thumb Code     0  libinit2.o(.ARM.Collect$$libinit$$00000004)
    __rt_lib_init_return                     0x00000167   Thumb Code     0  libinit2.o(.ARM.Collect$$libinit$$00000035)
    __rt_lib_init_signal_1                   0x00000167   Thumb Code     0  libinit2.o(.ARM.Collect$$libinit$$0000001F)
    __rt_lib_init_stdio_1                    0x00000167   Thumb Code     0  libinit2.o(.ARM.Collect$$libinit$$00000027)
    __rt_lib_init_user_alloc_1               0x00000167   Thumb Code     0  libinit2.o(.ARM.Collect$$libinit$$0000000E)
    __rt_lib_shutdown                        0x00000169   Thumb Code     0  libshutdown.o(.ARM.Collect$$libshutdown$$00000000)
    __rt_lib_shutdown_cpp_1                  0x0000016b   Thumb Code     0  libshutdown2.o(.ARM.Collect$$libshutdown$$00000002)
    __rt_lib_shutdown_fp_trap_1              0x0000016b   Thumb Code     0  libshutdown2.o(.ARM.Collect$$libshutdown$$00000007)
    __rt_lib_shutdown_heap_1                 0x0000016b   Thumb Code     0  libshutdown2.o(.ARM.Collect$$libshutdown$$0000000F)
    __rt_lib_shutdown_return                 0x0000016b   Thumb Code     0  libshutdown2.o(.ARM.Collect$$libshutdown$$00000010)
    __rt_lib_shutdown_signal_1               0x0000016b   Thumb Code     0  libshutdown2.o(.ARM.Collect$$libshutdown$$0000000A)
    __rt_lib_shutdown_stdio_1                0x0000016b   Thumb Code     0  libshutdown2.o(.ARM.Collect$$libshutdown$$00000004)
    __rt_lib_shutdown_user_alloc_1           0x0000016b   Thumb Code     0  libshutdown2.o(.ARM.Collect$$libshutdown$$0000000C)
    __rt_entry                               0x0000016d   Thumb Code     0  __rtentry.o(.ARM.Collect$$rtentry$$00000000)
    __rt_entry_presh_1                       0x0000016d   Thumb Code     0  __rtentry2.o(.ARM.Collect$$rtentry$$00000002)
    __rt_entry_sh                            0x0000016d   Thumb Code     0  __rtentry4.o(.ARM.Collect$$rtentry$$00000004)
    __rt_entry_li                            0x00000173   Thumb Code     0  __rtentry2.o(.ARM.Collect$$rtentry$$0000000A)
    __rt_entry_postsh_1                      0x00000173   Thumb Code     0  __rtentry2.o(.ARM.Collect$$rtentry$$00000009)
    __rt_entry_main                          0x00000177   Thumb Code     0  __rtentry2.o(.ARM.Collect$$rtentry$$0000000D)
    __rt_entry_postli_1                      0x00000177   Thumb Code     0  __rtentry2.o(.ARM.Collect$$rtentry$$0000000C)
    __rt_exit                                0x0000017f   Thumb Code     0  rtexit.o(.ARM.Collect$$rtexit$$00000000)
    __rt_exit_ls                             0x00000181   Thumb Code     0  rtexit2.o(.ARM.Collect$$rtexit$$00000003)
    __rt_exit_prels_1                        0x00000181   Thumb Code     0  rtexit2.o(.ARM.Collect$$rtexit$$00000002)
    __rt_exit_exit                           0x00000185   Thumb Code     0  rtexit2.o(.ARM.Collect$$rtexit$$00000004)
    Reset_Handler                            0x0000018d   Thumb Code     4  startup_mspm0g350x_uvision.o(.text)
    NMI_Handler                              0x00000191   Thumb Code     2  startup_mspm0g350x_uvision.o(.text)
    HardFault_Handler                        0x00000193   Thumb Code     2  startup_mspm0g350x_uvision.o(.text)
    SVC_Handler                              0x00000195   Thumb Code     2  startup_mspm0g350x_uvision.o(.text)
    PendSV_Handler                           0x00000197   Thumb Code     2  startup_mspm0g350x_uvision.o(.text)
    ADC0_IRQHandler                          0x0000019b   Thumb Code     0  startup_mspm0g350x_uvision.o(.text)
    ADC1_IRQHandler                          0x0000019b   Thumb Code     0  startup_mspm0g350x_uvision.o(.text)
    AES_IRQHandler                           0x0000019b   Thumb Code     0  startup_mspm0g350x_uvision.o(.text)
    CANFD0_IRQHandler                        0x0000019b   Thumb Code     0  startup_mspm0g350x_uvision.o(.text)
    DAC0_IRQHandler                          0x0000019b   Thumb Code     0  startup_mspm0g350x_uvision.o(.text)
    DMA_IRQHandler                           0x0000019b   Thumb Code     0  startup_mspm0g350x_uvision.o(.text)
    Default_Handler                          0x0000019b   Thumb Code     2  startup_mspm0g350x_uvision.o(.text)
    GROUP0_IRQHandler                        0x0000019b   Thumb Code     0  startup_mspm0g350x_uvision.o(.text)
    I2C0_IRQHandler                          0x0000019b   Thumb Code     0  startup_mspm0g350x_uvision.o(.text)
    I2C1_IRQHandler                          0x0000019b   Thumb Code     0  startup_mspm0g350x_uvision.o(.text)
    RTC_IRQHandler                           0x0000019b   Thumb Code     0  startup_mspm0g350x_uvision.o(.text)
    SPI0_IRQHandler                          0x0000019b   Thumb Code     0  startup_mspm0g350x_uvision.o(.text)
    SPI1_IRQHandler                          0x0000019b   Thumb Code     0  startup_mspm0g350x_uvision.o(.text)
    TIMA1_IRQHandler                         0x0000019b   Thumb Code     0  startup_mspm0g350x_uvision.o(.text)
    TIMG0_IRQHandler                         0x0000019b   Thumb Code     0  startup_mspm0g350x_uvision.o(.text)
    TIMG12_IRQHandler                        0x0000019b   Thumb Code     0  startup_mspm0g350x_uvision.o(.text)
    TIMG6_IRQHandler                         0x0000019b   Thumb Code     0  startup_mspm0g350x_uvision.o(.text)
    TIMG7_IRQHandler                         0x0000019b   Thumb Code     0  startup_mspm0g350x_uvision.o(.text)
    TIMG8_IRQHandler                         0x0000019b   Thumb Code     0  startup_mspm0g350x_uvision.o(.text)
    UART1_IRQHandler                         0x0000019b   Thumb Code     0  startup_mspm0g350x_uvision.o(.text)
    UART2_IRQHandler                         0x0000019b   Thumb Code     0  startup_mspm0g350x_uvision.o(.text)
    UART3_IRQHandler                         0x0000019b   Thumb Code     0  startup_mspm0g350x_uvision.o(.text)
    __user_initial_stackheap                 0x0000019d   Thumb Code    10  startup_mspm0g350x_uvision.o(.text)
    _memset_w                                0x000001bd   Thumb Code    26  rt_memclr.o(.text)
    _memset                                  0x000001d7   Thumb Code    30  rt_memclr.o(.text)
    __aeabi_memclr                           0x000001f5   Thumb Code     4  rt_memclr.o(.text)
    __rt_memclr                              0x000001f5   Thumb Code     0  rt_memclr.o(.text)
    __aeabi_memclr4                          0x000001f9   Thumb Code     0  rt_memclr.o(.text)
    __aeabi_memclr8                          0x000001f9   Thumb Code     0  rt_memclr.o(.text)
    __rt_memclr_w                            0x000001f9   Thumb Code     4  rt_memclr.o(.text)
    __aeabi_uidivmod                         0x000001fd   Thumb Code    28  aeabi_sdivfast.o(.text)
    __aeabi_idivmod                          0x00000219   Thumb Code   472  aeabi_sdivfast.o(.text)
    __use_two_region_memory                  0x000003f5   Thumb Code     2  heapauxi.o(.text)
    __rt_heap_escrow$2region                 0x000003f7   Thumb Code     2  heapauxi.o(.text)
    __rt_heap_expand$2region                 0x000003f9   Thumb Code     2  heapauxi.o(.text)
    __aeabi_d2f                              0x000003fd   Thumb Code     0  d2f.o(.text)
    _d2f                                     0x000003fd   Thumb Code   120  d2f.o(.text)
    __aeabi_ddiv                             0x00000479   Thumb Code     0  ddiv.o(.text)
    _ddiv                                    0x00000479   Thumb Code  1072  ddiv.o(.text)
    _drdiv                                   0x000008a9   Thumb Code    20  ddiv.o(.text)
    __aeabi_l2d_normalise                    0x000008c1   Thumb Code   104  dfltl.o(.text)
    __aeabi_l2d                              0x00000929   Thumb Code    20  dfltl.o(.text)
    _ll_sto_d                                0x00000929   Thumb Code     0  dfltl.o(.text)
    __aeabi_ul2d                             0x0000093d   Thumb Code     4  dfltl.o(.text)
    _ll_uto_d                                0x0000093d   Thumb Code     0  dfltl.o(.text)
    __aeabi_fdiv                             0x00000945   Thumb Code     0  fdiv.o(.text)
    _fdiv                                    0x00000945   Thumb Code   334  fdiv.o(.text)
    _frdiv                                   0x00000a93   Thumb Code     8  fdiv.o(.text)
    __aeabi_f2iz                             0x00000aa5   Thumb Code     0  ffixi.o(.text)
    _ffix                                    0x00000aa5   Thumb Code    76  ffixi.o(.text)
    __aeabi_f2lz                             0x00000af1   Thumb Code     0  ffixl.o(.text)
    _ll_sfrom_f                              0x00000af1   Thumb Code   130  ffixl.o(.text)
    __aeabi_f2uiz                            0x00000b73   Thumb Code     0  ffixui.o(.text)
    _ffixu                                   0x00000b73   Thumb Code    48  ffixui.o(.text)
    __aeabi_i2f_normalise                    0x00000ba3   Thumb Code    72  fflti.o(.text)
    __aeabi_i2f                              0x00000beb   Thumb Code    16  fflti.o(.text)
    _fflt                                    0x00000beb   Thumb Code     0  fflti.o(.text)
    __aeabi_ui2f                             0x00000bfb   Thumb Code     6  fflti.o(.text)
    _ffltu                                   0x00000bfb   Thumb Code     0  fflti.o(.text)
    __aeabi_l2f_normalise                    0x00000c01   Thumb Code   102  ffltl.o(.text)
    __aeabi_l2f                              0x00000c67   Thumb Code    22  ffltl.o(.text)
    _ll_sto_f                                0x00000c67   Thumb Code     0  ffltl.o(.text)
    __aeabi_ul2f                             0x00000c7d   Thumb Code     6  ffltl.o(.text)
    _ll_uto_f                                0x00000c7d   Thumb Code     0  ffltl.o(.text)
    __fpl_fcmp_InfNaN                        0x00000c85   Thumb Code    96  fcmpin.o(.text)
    __user_setup_stackheap                   0x00000ce9   Thumb Code    62  sys_stackheap_outer.o(.text)
    exit                                     0x00000d27   Thumb Code    16  exit.o(.text)
    __fpl_cmpreturn                          0x00000d37   Thumb Code    46  cmpret.o(.text)
    __fpl_fcheck_NaN2                        0x00000d65   Thumb Code    10  fnan2.o(.text)
    __user_libspace                          0x00000d75   Thumb Code     8  libspace.o(.text)
    __user_perproc_libspace                  0x00000d75   Thumb Code     0  libspace.o(.text)
    __user_perthread_libspace                0x00000d75   Thumb Code     0  libspace.o(.text)
    __fpl_return_NaN                         0x00000d7d   Thumb Code    94  retnan.o(.text)
    _sys_exit                                0x00000ddd   Thumb Code     8  sys_exit.o(.text)
    __I$use$semihosting                      0x00000de9   Thumb Code     0  use_no_semi.o(.text)
    __use_no_semihosting_swi                 0x00000de9   Thumb Code     2  use_no_semi.o(.text)
    DL_Common_delayCycles                    0x00000deb   Thumb Code    10  dl_common.o(.text.DL_Common_delayCycles)
    __semihosting_library_function           0x00000deb   Thumb Code     0  indicate_semi.o(.text)
    DL_SYSCTL_configSYSPLL                   0x00001035   Thumb Code   192  dl_sysctl_mspm0g1x0x_g3x0x.o(.text.DL_SYSCTL_configSYSPLL)
    DL_SYSCTL_setHFCLKSourceHFXTParams       0x00001159   Thumb Code    80  dl_sysctl_mspm0g1x0x_g3x0x.o(.text.DL_SYSCTL_setHFCLKSourceHFXTParams)
    DL_SYSCTL_switchMCLKfromSYSOSCtoHSCLK    0x000011dd   Thumb Code    40  dl_sysctl_mspm0g1x0x_g3x0x.o(.text.DL_SYSCTL_switchMCLKfromSYSOSCtoHSCLK)
    DL_Timer_initPWMMode                     0x0000125d   Thumb Code   192  dl_timer.o(.text.DL_Timer_initPWMMode)
    DL_Timer_initTimerMode                   0x0000131d   Thumb Code   240  dl_timer.o(.text.DL_Timer_initTimerMode)
    DL_Timer_setCaptCompUpdateMethod         0x00001431   Thumb Code    28  dl_timer.o(.text.DL_Timer_setCaptCompUpdateMethod)
    DL_Timer_setCaptureCompareOutCtl         0x0000144d   Thumb Code    24  dl_timer.o(.text.DL_Timer_setCaptureCompareOutCtl)
    DL_Timer_setCaptureCompareValue          0x00001465   Thumb Code    16  dl_timer.o(.text.DL_Timer_setCaptureCompareValue)
    DL_Timer_setClockConfig                  0x00001475   Thumb Code    28  dl_timer.o(.text.DL_Timer_setClockConfig)
    DL_UART_init                             0x000014f1   Thumb Code    72  dl_uart.o(.text.DL_UART_init)
    DL_UART_setClockConfig                   0x000015c9   Thumb Code    18  dl_uart.o(.text.DL_UART_setClockConfig)
    GROUP1_IRQHandler                        0x00001611   Thumb Code   164  hw_gpio_it.o(.text.GROUP1_IRQHandler)
    OLED_Clear                               0x000016bd   Thumb Code    92  mid_oled.o(.text.OLED_Clear)
    OLED_ClearLastPoint                      0x00001719   Thumb Code    96  app_oled.o(.text.OLED_ClearLastPoint)
    OLED_DrawCurPoint                        0x00001779   Thumb Code    96  app_oled.o(.text.OLED_DrawCurPoint)
    OLED_DrawLine                            0x000017d9   Thumb Code   290  mid_oled.o(.text.OLED_DrawLine)
    OLED_DrawPoint                           0x000018fd   Thumb Code   140  mid_oled.o(.text.OLED_DrawPoint)
    OLED_Init                                0x00001a61   Thumb Code   252  mid_oled.o(.text.OLED_Init)
    OLED_Pow                                 0x00001b61   Thumb Code    48  mid_oled.o(.text.OLED_Pow)
    OLED_Refresh                             0x00001b91   Thumb Code   120  mid_oled.o(.text.OLED_Refresh)
    OLED_ShowChar                            0x00001c0d   Thumb Code   448  mid_oled.o(.text.OLED_ShowChar)
    OLED_ShowNum                             0x00001ddd   Thumb Code   226  mid_oled.o(.text.OLED_ShowNum)
    OLED_ShowString                          0x00001ebf   Thumb Code   154  mid_oled.o(.text.OLED_ShowString)
    OLED_WR_Byte                             0x00001f59   Thumb Code   168  mid_oled.o(.text.OLED_WR_Byte)
    SYSCFG_DL_GPIO_init                      0x00002001   Thumb Code   352  ti_msp_dl_config.o(.text.SYSCFG_DL_GPIO_init)
    SYSCFG_DL_PWM_MOTOR_1_init               0x00002175   Thumb Code    84  ti_msp_dl_config.o(.text.SYSCFG_DL_PWM_MOTOR_1_init)
    SYSCFG_DL_PWM_MOTOR_2_init               0x000021d1   Thumb Code    84  ti_msp_dl_config.o(.text.SYSCFG_DL_PWM_MOTOR_2_init)
    SYSCFG_DL_PWM_TEST_init                  0x0000222d   Thumb Code    84  ti_msp_dl_config.o(.text.SYSCFG_DL_PWM_TEST_init)
    SYSCFG_DL_SYSCTL_init                    0x00002289   Thumb Code    84  ti_msp_dl_config.o(.text.SYSCFG_DL_SYSCTL_init)
    SYSCFG_DL_SYSTICK_init                   0x000022e1   Thumb Code    12  ti_msp_dl_config.o(.text.SYSCFG_DL_SYSTICK_init)
    SYSCFG_DL_TIMER_SCAN_init                0x000022ed   Thumb Code    40  ti_msp_dl_config.o(.text.SYSCFG_DL_TIMER_SCAN_init)
    SYSCFG_DL_UART_0_init                    0x0000231d   Thumb Code    60  ti_msp_dl_config.o(.text.SYSCFG_DL_UART_0_init)
    SYSCFG_DL_init                           0x00002361   Thumb Code    60  ti_msp_dl_config.o(.text.SYSCFG_DL_init)
    SYSCFG_DL_initPower                      0x000023a9   Thumb Code   112  ti_msp_dl_config.o(.text.SYSCFG_DL_initPower)
    SysTick_Handler                          0x0000247d   Thumb Code    24  hw_systick.o(.text.SysTick_Handler)
    TIMA0_IRQHandler                         0x00002499   Thumb Code    64  hw_timer.o(.text.TIMA0_IRQHandler)
    UART0_IRQHandler                         0x000024e1   Thumb Code    88  mid_uart.o(.text.UART0_IRQHandler)
    btn_down_cb                              0x00002695   Thumb Code   144  app_key_tesk.o(.text.btn_down_cb)
    btn_left_cb                              0x00002725   Thumb Code   252  app_key_tesk.o(.text.btn_left_cb)
    btn_right_cb                             0x00002825   Thumb Code   312  app_key_tesk.o(.text.btn_right_cb)
    btn_up_cb                                0x00002961   Thumb Code   160  app_key_tesk.o(.text.btn_up_cb)
    delay_ms                                 0x00002a75   Thumb Code    52  hw_systick.o(.text.delay_ms)
    encoder_num_update                       0x00002aad   Thumb Code   284  mid_encoder.o(.text.encoder_num_update)
    encoder_update                           0x00002c31   Thumb Code    24  hw_encoder.o(.text.encoder_update)
    flex_button_register                     0x00003065   Thumb Code   164  flexible_button.o(.text.flex_button_register)
    flex_button_scan                         0x00003115   Thumb Code    12  flexible_button.o(.text.flex_button_scan)
    get_encoder_count                        0x00003121   Thumb Code     8  hw_encoder.o(.text.get_encoder_count)
    gpio_encoder_init                        0x00003129   Thumb Code    10  hw_gpio_it.o(.text.gpio_encoder_init)
    key_scan                                 0x00003135   Thumb Code   136  hw_key.o(.text.key_scan)
    main                                     0x000031c1   Thumb Code   100  empty.o(.text.main)
    mdr_scan                                 0x00003235   Thumb Code   136  hw_encoder.o(.text.mdr_scan)
    motor_angle_control                      0x000032c1   Thumb Code   128  mid_pid.o(.text.motor_angle_control)
    motor_speed_control                      0x00003345   Thumb Code   116  mid_pid.o(.text.motor_speed_control)
    motor_update                             0x000033b9   Thumb Code   424  app_motor.o(.text.motor_update)
    oled_init                                0x00003591   Thumb Code    12  app_oled.o(.text.oled_init)
    oled_show                                0x0000359d   Thumb Code   732  app_oled.o(.text.oled_show)
    pid_compute                              0x00003895   Thumb Code   256  mid_pid.o(.text.pid_compute)
    pid_init                                 0x00003995   Thumb Code    64  mid_pid.o(.text.pid_init)
    set_motor                                0x00003a2d   Thumb Code    48  hw_motor.o(.text.set_motor)
    stop_motor                               0x00003a79   Thumb Code    20  hw_motor.o(.text.stop_motor)
    test_motor                               0x00003a8d   Thumb Code    28  hw_motor.o(.text.test_motor)
    timer_init                               0x00003aa9   Thumb Code    22  hw_timer.o(.text.timer_init)
    uart0_init                               0x00003abf   Thumb Code    22  mid_uart.o(.text.uart0_init)
    uart0_send_char                          0x00003ad5   Thumb Code    40  mid_uart.o(.text.uart0_send_char)
    user_button_init                         0x00003b2d   Thumb Code   152  mid_button.o(.text.user_button_init)
    __aeabi_uidiv                            0x00003be9   Thumb Code    68  aeabi_sdivfast.o(.text_divfast)
    __aeabi_idiv                             0x00003c2d   Thumb Code   434  aeabi_sdivfast.o(.text_divfast)
    __aeabi_fcmpge                           0x00003ddf   Thumb Code     0  fcmp.o(i._fgeq)
    _fgeq                                    0x00003ddf   Thumb Code    22  fcmp.o(i._fgeq)
    __aeabi_fcmple                           0x00003df5   Thumb Code     0  fcmp.o(i._fleq)
    _fleq                                    0x00003df5   Thumb Code    26  fcmp.o(i._fleq)
    __aeabi_fadd                             0x00003e11   Thumb Code     0  faddsub.o(x$fpl$fadd)
    _fadd                                    0x00003e11   Thumb Code   134  faddsub.o(x$fpl$fadd)
    _fcmpge                                  0x00003e9d   Thumb Code    78  fgef.o(x$fpl$fgeqf)
    __aeabi_cfcmple                          0x00003ef1   Thumb Code     0  flef.o(x$fpl$fleqf)
    _fcmple                                  0x00003ef1   Thumb Code    78  flef.o(x$fpl$fleqf)
    __aeabi_fmul                             0x00003f45   Thumb Code     0  fmul.o(x$fpl$fmul)
    _fmul                                    0x00003f45   Thumb Code   172  fmul.o(x$fpl$fmul)
    __aeabi_fsub                             0x00003ff5   Thumb Code     0  faddsub.o(x$fpl$fsub)
    _fsub                                    0x00003ff5   Thumb Code   204  faddsub.o(x$fpl$fsub)
    __I$use$fp                               0x000040c4   Number         0  usenofp.o(x$fpl$usenofp)
    asc2_0806                                0x00004184   Data         552  mid_oled.o(.rodata.asc2_0806)
    asc2_1206                                0x000043ac   Data        1140  mid_oled.o(.rodata.asc2_1206)
    asc2_1608                                0x00004820   Data        1520  mid_oled.o(.rodata.asc2_1608)
    asc2_2412                                0x00004e10   Data        3420  mid_oled.o(.rodata.asc2_2412)
    Region$$Table$$Base                      0x00005bf8   Number         0  anon$$obj.o(Region$$Table)
    Region$$Table$$Limit                     0x00005c18   Number         0  anon$$obj.o(Region$$Table)
    line_num                                 0x20200000   Data           1  app_oled.o(.data.line_num)
    pid_mode                                 0x20200001   Data           1  mid_pid.o(.data.pid_mode)
    temp_y_wire                              0x20200002   Data           1  app_oled.o(.data.temp_y_wire)
    __libspace_start                         0x20200008   Data          96  libspace.o(.bss)
    OLED_GRAM                                0x20200068   Data        1152  mid_oled.o(.bss.OLED_GRAM)
    __temporary_stack_top$libspace           0x20200068   Data           0  libspace.o(.bss)
    angle_pid                                0x202004e8   Data          40  mid_pid.o(.bss.angle_pid)
    blink_status                             0x20200510   Data           1  app_oled.o(.bss.blink_status)
    dat                                      0x2020051a   Data           2  app_motor.o(.bss.dat)
    delay_times                              0x2020051c   Data           4  hw_systick.o(.bss.delay_times)
    encoder_10                               0x20200520   Data           1  hw_encoder.o(.bss.encoder_10)
    encoder_num                              0x20200528   Data           8  mid_encoder.o(.bss.encoder_num)
    encoder_old_num                          0x20200530   Data           1  mid_encoder.o(.bss.encoder_old_num)
    gPWM_MOTOR_1Backup                       0x20200534   Data         120  ti_msp_dl_config.o(.bss.gPWM_MOTOR_1Backup)
    gPWM_TESTBackup                          0x202005ac   Data         120  ti_msp_dl_config.o(.bss.gPWM_TESTBackup)
    gTIMER_SCANBackup                        0x20200624   Data         188  ti_msp_dl_config.o(.bss.gTIMER_SCANBackup)
    g_btn_status_reg                         0x202006e0   Data           4  flexible_button.o(.bss.g_btn_status_reg)
    g_logic_level                            0x202006e4   Data           4  flexible_button.o(.bss.g_logic_level)
    motor_encoder                            0x202006e8   Data          16  hw_encoder.o(.bss.motor_encoder)
    speed_pid                                0x202006f8   Data          40  mid_pid.o(.bss.speed_pid)
    temp_y_point                             0x20200720   Data         103  app_oled.o(.bss.temp_y_point)
    uart_data                                0x20200788   Data         132  mid_uart.o(.bss.uart_data)



==============================================================================

Memory Map of the image

  Image Entry point : 0x000000c1

  Load Region LR_IROM1 (Base: 0x00000000, Size: 0x00005c20, Max: 0x00020000, ABSOLUTE)

    Execution Region ER_IROM1 (Exec base: 0x00000000, Load base: 0x00000000, Size: 0x00005c18, Max: 0x00020000, ABSOLUTE)

    Exec Addr    Load Addr    Size         Type   Attr      Idx    E Section Name        Object

    0x00000000   0x00000000   0x000000c0   Data   RO           12    RESET               startup_mspm0g350x_uvision.o
    0x000000c0   0x000000c0   0x00000008   Code   RO          636  * !!!main             c_p.l(__main.o)
    0x000000c8   0x000000c8   0x00000054   Code   RO          868    !!!scatter          c_p.l(__scatter.o)
    0x0000011c   0x0000011c   0x00000004   PAD
    0x00000120   0x00000120   0x0000001a   Code   RO          872    !!handler_copy      c_p.l(__scatter_copy.o)
    0x0000013a   0x0000013a   0x00000006   PAD
    0x00000140   0x00000140   0x00000002   Code   RO          869    !!handler_null      c_p.l(__scatter.o)
    0x00000142   0x00000142   0x00000006   PAD
    0x00000148   0x00000148   0x0000001c   Code   RO          874    !!handler_zi        c_p.l(__scatter_zi.o)
    0x00000164   0x00000164   0x00000002   Code   RO          723    .ARM.Collect$$libinit$$00000000  c_p.l(libinit.o)
    0x00000166   0x00000166   0x00000000   Code   RO          741    .ARM.Collect$$libinit$$00000002  c_p.l(libinit2.o)
    0x00000166   0x00000166   0x00000000   Code   RO          743    .ARM.Collect$$libinit$$00000004  c_p.l(libinit2.o)
    0x00000166   0x00000166   0x00000000   Code   RO          745    .ARM.Collect$$libinit$$00000006  c_p.l(libinit2.o)
    0x00000166   0x00000166   0x00000000   Code   RO          748    .ARM.Collect$$libinit$$0000000C  c_p.l(libinit2.o)
    0x00000166   0x00000166   0x00000000   Code   RO          750    .ARM.Collect$$libinit$$0000000E  c_p.l(libinit2.o)
    0x00000166   0x00000166   0x00000000   Code   RO          752    .ARM.Collect$$libinit$$00000010  c_p.l(libinit2.o)
    0x00000166   0x00000166   0x00000000   Code   RO          755    .ARM.Collect$$libinit$$00000013  c_p.l(libinit2.o)
    0x00000166   0x00000166   0x00000000   Code   RO          757    .ARM.Collect$$libinit$$00000015  c_p.l(libinit2.o)
    0x00000166   0x00000166   0x00000000   Code   RO          759    .ARM.Collect$$libinit$$00000017  c_p.l(libinit2.o)
    0x00000166   0x00000166   0x00000000   Code   RO          761    .ARM.Collect$$libinit$$00000019  c_p.l(libinit2.o)
    0x00000166   0x00000166   0x00000000   Code   RO          763    .ARM.Collect$$libinit$$0000001B  c_p.l(libinit2.o)
    0x00000166   0x00000166   0x00000000   Code   RO          765    .ARM.Collect$$libinit$$0000001D  c_p.l(libinit2.o)
    0x00000166   0x00000166   0x00000000   Code   RO          767    .ARM.Collect$$libinit$$0000001F  c_p.l(libinit2.o)
    0x00000166   0x00000166   0x00000000   Code   RO          769    .ARM.Collect$$libinit$$00000021  c_p.l(libinit2.o)
    0x00000166   0x00000166   0x00000000   Code   RO          771    .ARM.Collect$$libinit$$00000023  c_p.l(libinit2.o)
    0x00000166   0x00000166   0x00000000   Code   RO          773    .ARM.Collect$$libinit$$00000025  c_p.l(libinit2.o)
    0x00000166   0x00000166   0x00000000   Code   RO          775    .ARM.Collect$$libinit$$00000027  c_p.l(libinit2.o)
    0x00000166   0x00000166   0x00000000   Code   RO          779    .ARM.Collect$$libinit$$0000002E  c_p.l(libinit2.o)
    0x00000166   0x00000166   0x00000000   Code   RO          781    .ARM.Collect$$libinit$$00000030  c_p.l(libinit2.o)
    0x00000166   0x00000166   0x00000000   Code   RO          783    .ARM.Collect$$libinit$$00000032  c_p.l(libinit2.o)
    0x00000166   0x00000166   0x00000000   Code   RO          785    .ARM.Collect$$libinit$$00000034  c_p.l(libinit2.o)
    0x00000166   0x00000166   0x00000002   Code   RO          786    .ARM.Collect$$libinit$$00000035  c_p.l(libinit2.o)
    0x00000168   0x00000168   0x00000002   Code   RO          823    .ARM.Collect$$libshutdown$$00000000  c_p.l(libshutdown.o)
    0x0000016a   0x0000016a   0x00000000   Code   RO          851    .ARM.Collect$$libshutdown$$00000002  c_p.l(libshutdown2.o)
    0x0000016a   0x0000016a   0x00000000   Code   RO          853    .ARM.Collect$$libshutdown$$00000004  c_p.l(libshutdown2.o)
    0x0000016a   0x0000016a   0x00000000   Code   RO          856    .ARM.Collect$$libshutdown$$00000007  c_p.l(libshutdown2.o)
    0x0000016a   0x0000016a   0x00000000   Code   RO          859    .ARM.Collect$$libshutdown$$0000000A  c_p.l(libshutdown2.o)
    0x0000016a   0x0000016a   0x00000000   Code   RO          861    .ARM.Collect$$libshutdown$$0000000C  c_p.l(libshutdown2.o)
    0x0000016a   0x0000016a   0x00000000   Code   RO          864    .ARM.Collect$$libshutdown$$0000000F  c_p.l(libshutdown2.o)
    0x0000016a   0x0000016a   0x00000002   Code   RO          865    .ARM.Collect$$libshutdown$$00000010  c_p.l(libshutdown2.o)
    0x0000016c   0x0000016c   0x00000000   Code   RO          678    .ARM.Collect$$rtentry$$00000000  c_p.l(__rtentry.o)
    0x0000016c   0x0000016c   0x00000000   Code   RO          691    .ARM.Collect$$rtentry$$00000002  c_p.l(__rtentry2.o)
    0x0000016c   0x0000016c   0x00000006   Code   RO          703    .ARM.Collect$$rtentry$$00000004  c_p.l(__rtentry4.o)
    0x00000172   0x00000172   0x00000000   Code   RO          693    .ARM.Collect$$rtentry$$00000009  c_p.l(__rtentry2.o)
    0x00000172   0x00000172   0x00000004   Code   RO          694    .ARM.Collect$$rtentry$$0000000A  c_p.l(__rtentry2.o)
    0x00000176   0x00000176   0x00000000   Code   RO          696    .ARM.Collect$$rtentry$$0000000C  c_p.l(__rtentry2.o)
    0x00000176   0x00000176   0x00000008   Code   RO          697    .ARM.Collect$$rtentry$$0000000D  c_p.l(__rtentry2.o)
    0x0000017e   0x0000017e   0x00000002   Code   RO          732    .ARM.Collect$$rtexit$$00000000  c_p.l(rtexit.o)
    0x00000180   0x00000180   0x00000000   Code   RO          794    .ARM.Collect$$rtexit$$00000002  c_p.l(rtexit2.o)
    0x00000180   0x00000180   0x00000004   Code   RO          795    .ARM.Collect$$rtexit$$00000003  c_p.l(rtexit2.o)
    0x00000184   0x00000184   0x00000006   Code   RO          796    .ARM.Collect$$rtexit$$00000004  c_p.l(rtexit2.o)
    0x0000018a   0x0000018a   0x00000002   PAD
    0x0000018c   0x0000018c   0x00000030   Code   RO           13    .text               startup_mspm0g350x_uvision.o
    0x000001bc   0x000001bc   0x00000040   Code   RO          624    .text               c_p.l(rt_memclr.o)
    0x000001fc   0x000001fc   0x000001f8   Code   RO          626    .text               c_p.l(aeabi_sdivfast.o)
    0x000003f4   0x000003f4   0x00000006   Code   RO          634    .text               c_p.l(heapauxi.o)
    0x000003fa   0x000003fa   0x00000002   PAD
    0x000003fc   0x000003fc   0x0000007c   Code   RO          638    .text               fz_ps.l(d2f.o)
    0x00000478   0x00000478   0x00000448   Code   RO          640    .text               fz_ps.l(ddiv.o)
    0x000008c0   0x000008c0   0x00000084   Code   RO          643    .text               fz_ps.l(dfltl.o)
    0x00000944   0x00000944   0x00000160   Code   RO          663    .text               fz_ps.l(fdiv.o)
    0x00000aa4   0x00000aa4   0x0000004c   Code   RO          666    .text               fz_ps.l(ffixi.o)
    0x00000af0   0x00000af0   0x00000082   Code   RO          668    .text               fz_ps.l(ffixl.o)
    0x00000b72   0x00000b72   0x00000030   Code   RO          670    .text               fz_ps.l(ffixui.o)
    0x00000ba2   0x00000ba2   0x0000005e   Code   RO          672    .text               fz_ps.l(fflti.o)
    0x00000c00   0x00000c00   0x00000082   Code   RO          674    .text               fz_ps.l(ffltl.o)
    0x00000c82   0x00000c82   0x00000002   PAD
    0x00000c84   0x00000c84   0x00000064   Code   RO          707    .text               fz_ps.l(fcmpin.o)
    0x00000ce8   0x00000ce8   0x0000003e   Code   RO          709    .text               c_p.l(sys_stackheap_outer.o)
    0x00000d26   0x00000d26   0x00000010   Code   RO          712    .text               c_p.l(exit.o)
    0x00000d36   0x00000d36   0x0000002e   Code   RO          724    .text               fz_ps.l(cmpret.o)
    0x00000d64   0x00000d64   0x00000010   Code   RO          726    .text               fz_ps.l(fnan2.o)
    0x00000d74   0x00000d74   0x00000008   Code   RO          728    .text               c_p.l(libspace.o)
    0x00000d7c   0x00000d7c   0x0000005e   Code   RO          787    .text               fz_ps.l(retnan.o)
    0x00000dda   0x00000dda   0x00000002   PAD
    0x00000ddc   0x00000ddc   0x0000000c   Code   RO          789    .text               c_p.l(sys_exit.o)
    0x00000de8   0x00000de8   0x00000002   Code   RO          812    .text               c_p.l(use_no_semi.o)
    0x00000dea   0x00000dea   0x00000000   Code   RO          814    .text               c_p.l(indicate_semi.o)
    0x00000dea   0x00000dea   0x0000000a   Code   RO          455    .text.DL_Common_delayCycles  driverlib.a(dl_common.o)
    0x00000df4   0x00000df4   0x00000028   Code   RO          114    .text.DL_Common_updateReg  ti_msp_dl_config.o
    0x00000e1c   0x00000e1c   0x00000018   Code   RO           78    .text.DL_GPIO_clearInterruptStatus  ti_msp_dl_config.o
    0x00000e34   0x00000e34   0x0000001c   Code   RO          214    .text.DL_GPIO_clearInterruptStatus  hw_gpio_it.o
    0x00000e50   0x00000e50   0x00000014   Code   RO           70    .text.DL_GPIO_clearPins  ti_msp_dl_config.o
    0x00000e64   0x00000e64   0x00000014   Code   RO          322    .text.DL_GPIO_clearPins  mid_oled.o
    0x00000e78   0x00000e78   0x00000018   Code   RO           80    .text.DL_GPIO_enableInterrupt  ti_msp_dl_config.o
    0x00000e90   0x00000e90   0x00000018   Code   RO           60    .text.DL_GPIO_enableOutput  ti_msp_dl_config.o
    0x00000ea8   0x00000ea8   0x00000014   Code   RO           50    .text.DL_GPIO_enablePower  ti_msp_dl_config.o
    0x00000ebc   0x00000ebc   0x00000018   Code   RO          210    .text.DL_GPIO_getEnabledInterruptStatus  hw_gpio_it.o
    0x00000ed4   0x00000ed4   0x00000014   Code   RO           68    .text.DL_GPIO_initDigitalInput  ti_msp_dl_config.o
    0x00000ee8   0x00000ee8   0x00000030   Code   RO           66    .text.DL_GPIO_initDigitalInputFeatures  ti_msp_dl_config.o
    0x00000f18   0x00000f18   0x00000014   Code   RO           64    .text.DL_GPIO_initDigitalOutput  ti_msp_dl_config.o
    0x00000f2c   0x00000f2c   0x00000014   Code   RO           56    .text.DL_GPIO_initPeripheralAnalogFunction  ti_msp_dl_config.o
    0x00000f40   0x00000f40   0x0000001c   Code   RO           62    .text.DL_GPIO_initPeripheralInputFunction  ti_msp_dl_config.o
    0x00000f5c   0x00000f5c   0x0000001c   Code   RO           58    .text.DL_GPIO_initPeripheralOutputFunction  ti_msp_dl_config.o
    0x00000f78   0x00000f78   0x00000016   Code   RO          161    .text.DL_GPIO_readPins  hw_encoder.o
    0x00000f8e   0x00000f8e   0x00000016   Code   RO          174    .text.DL_GPIO_readPins  hw_key.o
    0x00000fa4   0x00000fa4   0x00000016   Code   RO          212    .text.DL_GPIO_readPins  hw_gpio_it.o
    0x00000fba   0x00000fba   0x00000002   PAD
    0x00000fbc   0x00000fbc   0x00000018   Code   RO           44    .text.DL_GPIO_reset  ti_msp_dl_config.o
    0x00000fd4   0x00000fd4   0x0000001c   Code   RO           74    .text.DL_GPIO_setLowerPinsPolarity  ti_msp_dl_config.o
    0x00000ff0   0x00000ff0   0x00000014   Code   RO           72    .text.DL_GPIO_setPins  ti_msp_dl_config.o
    0x00001004   0x00001004   0x00000018   Code   RO          320    .text.DL_GPIO_setPins  mid_oled.o
    0x0000101c   0x0000101c   0x00000018   Code   RO           76    .text.DL_GPIO_setUpperPinsPolarity  ti_msp_dl_config.o
    0x00001034   0x00001034   0x000000c0   Code   RO          587    .text.DL_SYSCTL_configSYSPLL  driverlib.a(dl_sysctl_mspm0g1x0x_g3x0x.o)
    0x000010f4   0x000010f4   0x0000000c   Code   RO           88    .text.DL_SYSCTL_disableHFXT  ti_msp_dl_config.o
    0x00001100   0x00001100   0x00000014   Code   RO           90    .text.DL_SYSCTL_disableSYSPLL  ti_msp_dl_config.o
    0x00001114   0x00001114   0x00000010   Code   RO           94    .text.DL_SYSCTL_enableMFCLK  ti_msp_dl_config.o
    0x00001124   0x00001124   0x00000018   Code   RO           82    .text.DL_SYSCTL_setBORThreshold  ti_msp_dl_config.o
    0x0000113c   0x0000113c   0x0000001c   Code   RO           84    .text.DL_SYSCTL_setFlashWaitState  ti_msp_dl_config.o
    0x00001158   0x00001158   0x00000050   Code   RO          601    .text.DL_SYSCTL_setHFCLKSourceHFXTParams  driverlib.a(dl_sysctl_mspm0g1x0x_g3x0x.o)
    0x000011a8   0x000011a8   0x0000001c   Code   RO           86    .text.DL_SYSCTL_setSYSOSCFreq  ti_msp_dl_config.o
    0x000011c4   0x000011c4   0x00000018   Code   RO           92    .text.DL_SYSCTL_setULPCLKDivider  ti_msp_dl_config.o
    0x000011dc   0x000011dc   0x00000028   Code   RO          595    .text.DL_SYSCTL_switchMCLKfromSYSOSCtoHSCLK  driverlib.a(dl_sysctl_mspm0g1x0x_g3x0x.o)
    0x00001204   0x00001204   0x00000010   Code   RO           98    .text.DL_Timer_enableClock  ti_msp_dl_config.o
    0x00001214   0x00001214   0x0000001c   Code   RO          102    .text.DL_Timer_enableInterrupt  ti_msp_dl_config.o
    0x00001230   0x00001230   0x00000018   Code   RO           52    .text.DL_Timer_enablePower  ti_msp_dl_config.o
    0x00001248   0x00001248   0x00000012   Code   RO          231    .text.DL_Timer_getPendingInterrupt  hw_timer.o
    0x0000125a   0x0000125a   0x00000002   PAD
    0x0000125c   0x0000125c   0x000000c0   Code   RO          486    .text.DL_Timer_initPWMMode  driverlib.a(dl_timer.o)
    0x0000131c   0x0000131c   0x000000f0   Code   RO          468    .text.DL_Timer_initTimerMode  driverlib.a(dl_timer.o)
    0x0000140c   0x0000140c   0x00000010   Code   RO           46    .text.DL_Timer_reset  ti_msp_dl_config.o
    0x0000141c   0x0000141c   0x00000014   Code   RO          100    .text.DL_Timer_setCCPDirection  ti_msp_dl_config.o
    0x00001430   0x00001430   0x0000001c   Code   RO          500    .text.DL_Timer_setCaptCompUpdateMethod  driverlib.a(dl_timer.o)
    0x0000144c   0x0000144c   0x00000018   Code   RO          490    .text.DL_Timer_setCaptureCompareOutCtl  driverlib.a(dl_timer.o)
    0x00001464   0x00001464   0x00000010   Code   RO          470    .text.DL_Timer_setCaptureCompareValue  driverlib.a(dl_timer.o)
    0x00001474   0x00001474   0x0000001c   Code   RO          464    .text.DL_Timer_setClockConfig  driverlib.a(dl_timer.o)
    0x00001490   0x00001490   0x00000016   Code   RO          110    .text.DL_UART_enable  ti_msp_dl_config.o
    0x000014a6   0x000014a6   0x00000002   PAD
    0x000014a8   0x000014a8   0x0000001c   Code   RO          108    .text.DL_UART_enableInterrupt  ti_msp_dl_config.o
    0x000014c4   0x000014c4   0x00000018   Code   RO           54    .text.DL_UART_enablePower  ti_msp_dl_config.o
    0x000014dc   0x000014dc   0x00000012   Code   RO          299    .text.DL_UART_getPendingInterrupt  mid_uart.o
    0x000014ee   0x000014ee   0x00000002   PAD
    0x000014f0   0x000014f0   0x00000048   Code   RO          547    .text.DL_UART_init  driverlib.a(dl_uart.o)
    0x00001538   0x00001538   0x00000018   Code   RO          281    .text.DL_UART_isBusy  mid_uart.o
    0x00001550   0x00001550   0x00000014   Code   RO          301    .text.DL_UART_receiveData  mid_uart.o
    0x00001564   0x00001564   0x00000018   Code   RO           48    .text.DL_UART_reset  ti_msp_dl_config.o
    0x0000157c   0x0000157c   0x0000004c   Code   RO          106    .text.DL_UART_setBaudRateDivisor  ti_msp_dl_config.o
    0x000015c8   0x000015c8   0x00000012   Code   RO          549    .text.DL_UART_setClockConfig  driverlib.a(dl_uart.o)
    0x000015da   0x000015da   0x0000001e   Code   RO          104    .text.DL_UART_setOversampling  ti_msp_dl_config.o
    0x000015f8   0x000015f8   0x00000016   Code   RO          283    .text.DL_UART_transmitData  mid_uart.o
    0x0000160e   0x0000160e   0x00000002   PAD
    0x00001610   0x00001610   0x000000ac   Code   RO          208    .text.GROUP1_IRQHandler  hw_gpio_it.o
    0x000016bc   0x000016bc   0x0000005c   Code   RO          330    .text.OLED_Clear    mid_oled.o
    0x00001718   0x00001718   0x00000060   Code   RO          427    .text.OLED_ClearLastPoint  app_oled.o
    0x00001778   0x00001778   0x00000060   Code   RO          425    .text.OLED_DrawCurPoint  app_oled.o
    0x000017d8   0x000017d8   0x00000122   Code   RO          334    .text.OLED_DrawLine  mid_oled.o
    0x000018fa   0x000018fa   0x00000002   PAD
    0x000018fc   0x000018fc   0x00000090   Code   RO          332    .text.OLED_DrawPoint  mid_oled.o
    0x0000198c   0x0000198c   0x000000d4   Code   RO          431    .text.OLED_DrawWire  app_oled.o
    0x00001a60   0x00001a60   0x00000100   Code   RO          352    .text.OLED_Init     mid_oled.o
    0x00001b60   0x00001b60   0x00000030   Code   RO          342    .text.OLED_Pow      mid_oled.o
    0x00001b90   0x00001b90   0x0000007c   Code   RO          328    .text.OLED_Refresh  mid_oled.o
    0x00001c0c   0x00001c0c   0x000001d0   Code   RO          338    .text.OLED_ShowChar  mid_oled.o
    0x00001ddc   0x00001ddc   0x000000e2   Code   RO          344    .text.OLED_ShowNum  mid_oled.o
    0x00001ebe   0x00001ebe   0x0000009a   Code   RO          340    .text.OLED_ShowString  mid_oled.o
    0x00001f58   0x00001f58   0x000000a8   Code   RO          316    .text.OLED_WR_Byte  mid_oled.o
    0x00002000   0x00002000   0x00000174   Code   RO           24    .text.SYSCFG_DL_GPIO_init  ti_msp_dl_config.o
    0x00002174   0x00002174   0x0000005c   Code   RO           28    .text.SYSCFG_DL_PWM_MOTOR_1_init  ti_msp_dl_config.o
    0x000021d0   0x000021d0   0x0000005c   Code   RO           30    .text.SYSCFG_DL_PWM_MOTOR_2_init  ti_msp_dl_config.o
    0x0000222c   0x0000222c   0x0000005c   Code   RO           32    .text.SYSCFG_DL_PWM_TEST_init  ti_msp_dl_config.o
    0x00002288   0x00002288   0x00000058   Code   RO           26    .text.SYSCFG_DL_SYSCTL_init  ti_msp_dl_config.o
    0x000022e0   0x000022e0   0x0000000c   Code   RO           38    .text.SYSCFG_DL_SYSTICK_init  ti_msp_dl_config.o
    0x000022ec   0x000022ec   0x00000030   Code   RO           34    .text.SYSCFG_DL_TIMER_SCAN_init  ti_msp_dl_config.o
    0x0000231c   0x0000231c   0x00000044   Code   RO           36    .text.SYSCFG_DL_UART_0_init  ti_msp_dl_config.o
    0x00002360   0x00002360   0x00000048   Code   RO           20    .text.SYSCFG_DL_init  ti_msp_dl_config.o
    0x000023a8   0x000023a8   0x00000084   Code   RO           22    .text.SYSCFG_DL_initPower  ti_msp_dl_config.o
    0x0000242c   0x0000242c   0x00000050   Code   RO          112    .text.SysTick_Config  ti_msp_dl_config.o
    0x0000247c   0x0000247c   0x0000001c   Code   RO          141    .text.SysTick_Handler  hw_systick.o
    0x00002498   0x00002498   0x00000048   Code   RO          229    .text.TIMA0_IRQHandler  hw_timer.o
    0x000024e0   0x000024e0   0x00000060   Code   RO          297    .text.UART0_IRQHandler  mid_uart.o
    0x00002540   0x00002540   0x00000028   Code   RO          225    .text.__NVIC_ClearPendingIRQ  hw_timer.o
    0x00002568   0x00002568   0x0000002c   Code   RO          289    .text.__NVIC_ClearPendingIRQ  mid_uart.o
    0x00002594   0x00002594   0x00000028   Code   RO          206    .text.__NVIC_EnableIRQ  hw_gpio_it.o
    0x000025bc   0x000025bc   0x00000028   Code   RO          227    .text.__NVIC_EnableIRQ  hw_timer.o
    0x000025e4   0x000025e4   0x0000002c   Code   RO          291    .text.__NVIC_EnableIRQ  mid_uart.o
    0x00002610   0x00002610   0x00000084   Code   RO           96    .text.__NVIC_SetPriority  ti_msp_dl_config.o
    0x00002694   0x00002694   0x00000090   Code   RO          407    .text.btn_down_cb   app_key_tesk.o
    0x00002724   0x00002724   0x00000100   Code   RO          409    .text.btn_left_cb   app_key_tesk.o
    0x00002824   0x00002824   0x0000013c   Code   RO          411    .text.btn_right_cb  app_key_tesk.o
    0x00002960   0x00002960   0x000000b4   Code   RO          405    .text.btn_up_cb     app_key_tesk.o
    0x00002a14   0x00002a14   0x00000018   Code   RO          265    .text.button_down_read  mid_button.o
    0x00002a2c   0x00002a2c   0x00000018   Code   RO          267    .text.button_left_read  mid_button.o
    0x00002a44   0x00002a44   0x00000018   Code   RO          269    .text.button_right_read  mid_button.o
    0x00002a5c   0x00002a5c   0x00000018   Code   RO          263    .text.button_up_read  mid_button.o
    0x00002a74   0x00002a74   0x00000038   Code   RO          139    .text.delay_ms      hw_systick.o
    0x00002aac   0x00002aac   0x00000124   Code   RO          370    .text.encoder_num_update  mid_encoder.o
    0x00002bd0   0x00002bd0   0x00000060   Code   RO          372    .text.encoder_to_dec  mid_encoder.o
    0x00002c30   0x00002c30   0x0000001c   Code   RO          157    .text.encoder_update  hw_encoder.o
    0x00002c4c   0x00002c4c   0x0000039c   Code   RO          248    .text.flex_button_process  flexible_button.o
    0x00002fe8   0x00002fe8   0x0000007c   Code   RO          246    .text.flex_button_read  flexible_button.o
    0x00003064   0x00003064   0x000000b0   Code   RO          240    .text.flex_button_register  flexible_button.o
    0x00003114   0x00003114   0x0000000c   Code   RO          244    .text.flex_button_scan  flexible_button.o
    0x00003120   0x00003120   0x00000008   Code   RO          153    .text.get_encoder_count  hw_encoder.o
    0x00003128   0x00003128   0x0000000a   Code   RO          204    .text.gpio_encoder_init  hw_gpio_it.o
    0x00003132   0x00003132   0x00000002   PAD
    0x00003134   0x00003134   0x0000008c   Code   RO          172    .text.key_scan      hw_key.o
    0x000031c0   0x000031c0   0x00000074   Code   RO            2    .text.main          empty.o
    0x00003234   0x00003234   0x0000008c   Code   RO          159    .text.mdr_scan      hw_encoder.o
    0x000032c0   0x000032c0   0x00000084   Code   RO          389    .text.motor_angle_control  mid_pid.o
    0x00003344   0x00003344   0x00000074   Code   RO          387    .text.motor_speed_control  mid_pid.o
    0x000033b8   0x000033b8   0x000001d8   Code   RO          446    .text.motor_update  app_motor.o
    0x00003590   0x00003590   0x0000000c   Code   RO          421    .text.oled_init     app_oled.o
    0x0000359c   0x0000359c   0x000002f8   Code   RO          429    .text.oled_show     app_oled.o
    0x00003894   0x00003894   0x00000100   Code   RO          383    .text.pid_compute   mid_pid.o
    0x00003994   0x00003994   0x00000040   Code   RO          385    .text.pid_init      mid_pid.o
    0x000039d4   0x000039d4   0x00000020   Code   RO          185    .text.restrict_pwm_max_value  hw_motor.o
    0x000039f4   0x000039f4   0x0000001c   Code   RO          191    .text.set_In1       hw_motor.o
    0x00003a10   0x00003a10   0x0000001c   Code   RO          193    .text.set_In2       hw_motor.o
    0x00003a2c   0x00003a2c   0x00000030   Code   RO          189    .text.set_motor     hw_motor.o
    0x00003a5c   0x00003a5c   0x0000001c   Code   RO          187    .text.set_test      hw_motor.o
    0x00003a78   0x00003a78   0x00000014   Code   RO          195    .text.stop_motor    hw_motor.o
    0x00003a8c   0x00003a8c   0x0000001c   Code   RO          183    .text.test_motor    hw_motor.o
    0x00003aa8   0x00003aa8   0x00000016   Code   RO          223    .text.timer_init    hw_timer.o
    0x00003abe   0x00003abe   0x00000016   Code   RO          287    .text.uart0_init    mid_uart.o
    0x00003ad4   0x00003ad4   0x0000002c   Code   RO          279    .text.uart0_send_char  mid_uart.o
    0x00003b00   0x00003b00   0x0000002c   Code   RO          303    .text.uart_limit_length  mid_uart.o
    0x00003b2c   0x00003b2c   0x000000bc   Code   RO          261    .text.user_button_init  mid_button.o
    0x00003be8   0x00003be8   0x000001f6   Code   RO          627    .text_divfast       c_p.l(aeabi_sdivfast.o)
    0x00003dde   0x00003dde   0x00000016   Code   RO          652    i._fgeq             fz_ps.l(fcmp.o)
    0x00003df4   0x00003df4   0x0000001a   Code   RO          654    i._fleq             fz_ps.l(fcmp.o)
    0x00003e0e   0x00003e0e   0x00000002   PAD
    0x00003e10   0x00003e10   0x0000008c   Code   RO          645    x$fpl$fadd          fz_ps.l(faddsub.o)
    0x00003e9c   0x00003e9c   0x00000054   Code   RO          685    x$fpl$fgeqf         fz_ps.l(fgef.o)
    0x00003ef0   0x00003ef0   0x00000054   Code   RO          687    x$fpl$fleqf         fz_ps.l(flef.o)
    0x00003f44   0x00003f44   0x000000b0   Code   RO          676    x$fpl$fmul          fz_ps.l(fmul.o)
    0x00003ff4   0x00003ff4   0x000000d0   Code   RO          647    x$fpl$fsub          fz_ps.l(faddsub.o)
    0x000040c4   0x000040c4   0x00000000   Code   RO          689    x$fpl$usenofp       fz_ps.l(usenofp.o)
    0x000040c4   0x000040c4   0x00000080   Data   RO          641    .constdata          fz_ps.l(ddiv.o)
    0x00004144   0x00004144   0x00000040   Data   RO          664    .constdata          fz_ps.l(fdiv.o)
    0x00004184   0x00004184   0x00000228   Data   RO          354    .rodata.asc2_0806   mid_oled.o
    0x000043ac   0x000043ac   0x00000474   Data   RO          355    .rodata.asc2_1206   mid_oled.o
    0x00004820   0x00004820   0x000005f0   Data   RO          356    .rodata.asc2_1608   mid_oled.o
    0x00004e10   0x00004e10   0x00000d5c   Data   RO          357    .rodata.asc2_2412   mid_oled.o
    0x00005b6c   0x00005b6c   0x00000003   Data   RO          120    .rodata.gPWM_MOTOR_1ClockConfig  ti_msp_dl_config.o
    0x00005b6f   0x00005b6f   0x00000001   PAD
    0x00005b70   0x00005b70   0x00000008   Data   RO          121    .rodata.gPWM_MOTOR_1Config  ti_msp_dl_config.o
    0x00005b78   0x00005b78   0x00000003   Data   RO          122    .rodata.gPWM_MOTOR_2ClockConfig  ti_msp_dl_config.o
    0x00005b7b   0x00005b7b   0x00000001   PAD
    0x00005b7c   0x00005b7c   0x00000008   Data   RO          123    .rodata.gPWM_MOTOR_2Config  ti_msp_dl_config.o
    0x00005b84   0x00005b84   0x00000003   Data   RO          124    .rodata.gPWM_TESTClockConfig  ti_msp_dl_config.o
    0x00005b87   0x00005b87   0x00000001   PAD
    0x00005b88   0x00005b88   0x00000008   Data   RO          125    .rodata.gPWM_TESTConfig  ti_msp_dl_config.o
    0x00005b90   0x00005b90   0x00000028   Data   RO          119    .rodata.gSYSPLLConfig  ti_msp_dl_config.o
    0x00005bb8   0x00005bb8   0x00000003   Data   RO          126    .rodata.gTIMER_SCANClockConfig  ti_msp_dl_config.o
    0x00005bbb   0x00005bbb   0x00000001   PAD
    0x00005bbc   0x00005bbc   0x00000014   Data   RO          127    .rodata.gTIMER_SCANTimerConfig  ti_msp_dl_config.o
    0x00005bd0   0x00005bd0   0x00000002   Data   RO          128    .rodata.gUART_0ClockConfig  ti_msp_dl_config.o
    0x00005bd2   0x00005bd2   0x0000000a   Data   RO          129    .rodata.gUART_0Config  ti_msp_dl_config.o
    0x00005bdc   0x00005bdc   0x00000016   Data   RO          436    .rodata.str1.1      app_oled.o
    0x00005bf2   0x00005bf2   0x00000006   PAD
    0x00005bf8   0x00005bf8   0x00000020   Data   RO          867    Region$$Table       anon$$obj.o


    Execution Region RW_IRAM2 (Exec base: 0x20200000, Load base: 0x00005c18, Size: 0x00001080, Max: 0x00008000, ABSOLUTE)

    Exec Addr    Load Addr    Size         Type   Attr      Idx    E Section Name        Object

    0x20200000   0x00005c18   0x00000001   Data   RW          435    .data.line_num      app_oled.o
    0x20200001   0x00005c19   0x00000001   Data   RW          391    .data.pid_mode      mid_pid.o
    0x20200002   0x00005c1a   0x00000001   Data   RW          434    .data.temp_y_wire   app_oled.o
    0x20200003   0x00005c1b   0x00000005   PAD
    0x20200008        -       0x00000060   Zero   RW          729    .bss                c_p.l(libspace.o)
    0x20200068        -       0x00000480   Zero   RW          362    .bss.OLED_GRAM      mid_oled.o
    0x202004e8        -       0x00000028   Zero   RW          393    .bss.angle_pid      mid_pid.o
    0x20200510        -       0x00000001   Zero   RW          433    .bss.blink_status   app_oled.o
    0x20200511   0x00005c1b   0x00000003   PAD
    0x20200514        -       0x00000004   Zero   RW          252    .bss.btn_head       flexible_button.o
    0x20200518        -       0x00000001   Zero   RW          253    .bss.button_cnt     flexible_button.o
    0x20200519   0x00005c1b   0x00000001   PAD
    0x2020051a        -       0x00000002   Zero   RW          448    .bss.dat            app_motor.o
    0x2020051c        -       0x00000004   Zero   RW          143    .bss.delay_times    hw_systick.o
    0x20200520        -       0x00000001   Zero   RW          164    .bss.encoder_10     hw_encoder.o
    0x20200521   0x00005c1b   0x00000007   PAD
    0x20200528        -       0x00000008   Zero   RW          374    .bss.encoder_num    mid_encoder.o
    0x20200530        -       0x00000001   Zero   RW          375    .bss.encoder_old_num  mid_encoder.o
    0x20200531   0x00005c1b   0x00000003   PAD
    0x20200534        -       0x00000078   Zero   RW          116    .bss.gPWM_MOTOR_1Backup  ti_msp_dl_config.o
    0x202005ac        -       0x00000078   Zero   RW          117    .bss.gPWM_TESTBackup  ti_msp_dl_config.o
    0x20200624        -       0x000000bc   Zero   RW          118    .bss.gTIMER_SCANBackup  ti_msp_dl_config.o
    0x202006e0        -       0x00000004   Zero   RW          251    .bss.g_btn_status_reg  flexible_button.o
    0x202006e4        -       0x00000004   Zero   RW          250    .bss.g_logic_level  flexible_button.o
    0x202006e8        -       0x00000010   Zero   RW          163    .bss.motor_encoder  hw_encoder.o
    0x202006f8        -       0x00000028   Zero   RW          392    .bss.speed_pid      mid_pid.o
    0x20200720        -       0x00000067   Zero   RW          438    .bss.temp_y_point   app_oled.o
    0x20200787   0x00005c1b   0x00000001   PAD
    0x20200788        -       0x00000084   Zero   RW          305    .bss.uart_data      mid_uart.o
    0x2020080c        -       0x00000070   Zero   RW          271    .bss.user_button    mid_button.o
    0x2020087c   0x00005c1b   0x00000004   PAD
    0x20200880        -       0x00000400   Zero   RW           11    HEAP                startup_mspm0g350x_uvision.o
    0x20200c80        -       0x00000400   Zero   RW           10    STACK               startup_mspm0g350x_uvision.o



  Load Region LR_BCR (Base: 0x41c00000, Size: 0x00000000, Max: 0x00000100, ABSOLUTE)

    Execution Region BCR_CONFIG (Exec base: 0x41c00000, Load base: 0x41c00000, Size: 0x00000000, Max: 0x00000080, ABSOLUTE)

    **** No section assigned to this execution region ****



  Load Region LR_BSL (Base: 0x41c00100, Size: 0x00000000, Max: 0x00000100, ABSOLUTE)

    Execution Region BSL_CONFIG (Exec base: 0x41c00100, Load base: 0x41c00100, Size: 0x00000000, Max: 0x00000080, ABSOLUTE)

    **** No section assigned to this execution region ****


==============================================================================

Image component sizes


      Code (inc. data)   RO Data    RW Data    ZI Data      Debug   Object Name

       896        136          0          0          0       2720   app_key_tesk.o
       472         68          0          0          2        762   app_motor.o
      1176         60         22          2        104       2232   app_oled.o
       116         16          0          0          0        373   empty.o
      1236         28          0          0         13       3520   flexible_button.o
       198          8          0          0         17       4359   hw_encoder.o
       296         16          0          0          0       5372   hw_gpio_it.o
       162          4          0          0          0       3605   hw_key.o
       212         12          0          0          0       4060   hw_motor.o
        84          8          0          0          4        905   hw_systick.o
       192          8          0          0          0       5411   hw_timer.o
       284         36          0          0        112       2047   mid_button.o
       388         12          0          0          9       1058   mid_encoder.o
      2010         32       6632          0       1152      10376   mid_oled.o
       568          4          0          1         80       2045   mid_pid.o
       378         32          0          0        132       6300   mid_uart.o
        48         22        192          0       2048        660   startup_mspm0g350x_uvision.o
      2152        196        108          0        428      31961   ti_msp_dl_config.o

    ----------------------------------------------------------------------
     10882        698       6996          4       4124      87766   Object Totals
         0          0         32          0          0          0   (incl. Generated)
        14          0         10          1         23          0   (incl. Padding)

    ----------------------------------------------------------------------

      Code (inc. data)   RO Data    RW Data    ZI Data      Debug   Library Member Name

         8          0          0          0          0         68   __main.o
         0          0          0          0          0          0   __rtentry.o
        12          0          0          0          0          0   __rtentry2.o
         6          0          0          0          0          0   __rtentry4.o
        86         10          0          0          0          0   __scatter.o
        26          0          0          0          0          0   __scatter_copy.o
        28          0          0          0          0          0   __scatter_zi.o
      1006          4          0          0          0        184   aeabi_sdivfast.o
        16          0          0          0          0         68   exit.o
         6          0          0          0          0        136   heapauxi.o
         0          0          0          0          0          0   indicate_semi.o
         2          0          0          0          0          0   libinit.o
         2          0          0          0          0          0   libinit2.o
         2          0          0          0          0          0   libshutdown.o
         2          0          0          0          0          0   libshutdown2.o
         8          4          0          0         96         68   libspace.o
        64          0          0          0          0        108   rt_memclr.o
         2          0          0          0          0          0   rtexit.o
        10          0          0          0          0          0   rtexit2.o
        12          4          0          0          0         60   sys_exit.o
        62          0          0          0          0         80   sys_stackheap_outer.o
         2          0          0          0          0         68   use_no_semi.o
        10          0          0          0          0        802   dl_common.o
       312         24          0          0          0      18490   dl_sysctl_mspm0g1x0x_g3x0x.o
       528        192          0          0          0      35449   dl_timer.o
        90          8          0          0          0      14127   dl_uart.o
        46          0          0          0          0         60   cmpret.o
       124          4          0          0          0         72   d2f.o
      1096         26        128          0          0        112   ddiv.o
       132          4          0          0          0        100   dfltl.o
       348          8          0          0          0        160   faddsub.o
        48          0          0          0          0        136   fcmp.o
       100          4          0          0          0         68   fcmpin.o
       352         10         64          0          0         92   fdiv.o
        76          0          0          0          0         68   ffixi.o
       130          0          0          0          0         72   ffixl.o
        48          0          0          0          0         60   ffixui.o
        94          0          0          0          0         92   fflti.o
       130          0          0          0          0        100   ffltl.o
        84          4          0          0          0         76   fgef.o
        84          4          0          0          0         76   flef.o
       176          4          0          0          0         80   fmul.o
        16          6          0          0          0         68   fnan2.o
        94          0          0          0          0         68   retnan.o
         0          0          0          0          0          0   usenofp.o

    ----------------------------------------------------------------------
      5506        324        192          0         96      71268   Library Totals
        26          4          0          0          0          0   (incl. Padding)

    ----------------------------------------------------------------------

      Code (inc. data)   RO Data    RW Data    ZI Data      Debug   Library Name

      1362         22          0          0         96        840   c_p.l
       940        224          0          0          0      68868   driverlib.a
      3178         74        192          0          0       1560   fz_ps.l

    ----------------------------------------------------------------------
      5506        324        192          0         96      71268   Library Totals

    ----------------------------------------------------------------------

==============================================================================


      Code (inc. data)   RO Data    RW Data    ZI Data      Debug   

     16388       1022       7188          4       4220     157542   Grand Totals
     16388       1022       7188          4       4220     157542   ELF Image Totals
     16388       1022       7188          4          0          0   ROM Totals

==============================================================================

    Total RO  Size (Code + RO Data)                23576 (  23.02kB)
    Total RW  Size (RW Data + ZI Data)              4224 (   4.12kB)
    Total ROM Size (Code + RO Data + RW Data)      23580 (  23.03kB)

==============================================================================

