Component: Arm Compiler for Embedded 6.21 Tool: armlink [5ec1fa00]

==============================================================================

Section Cross References

    empty.o(.text.main) refers to ti_msp_dl_config.o(.text.SYSCFG_DL_init) for SYSCFG_DL_init
    empty.o(.text.main) refers to hw_dma.o(.text.dma_init) for dma_init
    empty.o(.text.main) refers to mid_ws2812.o(.text.rgb_SetRGB) for rgb_SetRGB
    empty.o(.text.main) refers to mid_ws2812.o(.text.rgb_SendArray) for rgb_SendArray
    empty.o(.text.main) refers to hw_systick.o(.text.delay_ms) for delay_ms
    empty.o(.ARM.exidx.text.main) refers to empty.o(.text.main) for [Anonymous Symbol]
    startup_mspm0g350x_uvision.o(STACK) refers (Special) to heapauxi.o(.text) for __use_two_region_memory
    startup_mspm0g350x_uvision.o(HEAP) refers (Special) to heapauxi.o(.text) for __use_two_region_memory
    startup_mspm0g350x_uvision.o(RESET) refers (Special) to heapauxi.o(.text) for __use_two_region_memory
    startup_mspm0g350x_uvision.o(RESET) refers to startup_mspm0g350x_uvision.o(STACK) for __initial_sp
    startup_mspm0g350x_uvision.o(RESET) refers to startup_mspm0g350x_uvision.o(.text) for Reset_Handler
    startup_mspm0g350x_uvision.o(RESET) refers to hw_systick.o(.text.SysTick_Handler) for SysTick_Handler
    startup_mspm0g350x_uvision.o(RESET) refers to hw_gpio_it.o(.text.GROUP1_IRQHandler) for GROUP1_IRQHandler
    startup_mspm0g350x_uvision.o(RESET) refers to mid_uart.o(.text.UART0_IRQHandler) for UART0_IRQHandler
    startup_mspm0g350x_uvision.o(RESET) refers to hw_timer.o(.text.TIMA0_IRQHandler) for TIMA0_IRQHandler
    startup_mspm0g350x_uvision.o(RESET) refers to mid_ws2812.o(.text.TIMA1_IRQHandler) for TIMA1_IRQHandler
    startup_mspm0g350x_uvision.o(RESET) refers to hw_dma.o(.text.DMA_IRQHandler) for DMA_IRQHandler
    startup_mspm0g350x_uvision.o(.text) refers (Special) to heapauxi.o(.text) for __use_two_region_memory
    startup_mspm0g350x_uvision.o(.text) refers to __main.o(!!!main) for __main
    startup_mspm0g350x_uvision.o(.text) refers to startup_mspm0g350x_uvision.o(HEAP) for Heap_Mem
    startup_mspm0g350x_uvision.o(.text) refers to startup_mspm0g350x_uvision.o(STACK) for Stack_Mem
    ti_msp_dl_config.o(.text.SYSCFG_DL_init) refers to ti_msp_dl_config.o(.text.SYSCFG_DL_initPower) for SYSCFG_DL_initPower
    ti_msp_dl_config.o(.text.SYSCFG_DL_init) refers to ti_msp_dl_config.o(.text.SYSCFG_DL_GPIO_init) for SYSCFG_DL_GPIO_init
    ti_msp_dl_config.o(.text.SYSCFG_DL_init) refers to ti_msp_dl_config.o(.text.SYSCFG_DL_SYSCTL_init) for SYSCFG_DL_SYSCTL_init
    ti_msp_dl_config.o(.text.SYSCFG_DL_init) refers to ti_msp_dl_config.o(.text.SYSCFG_DL_PWM_MOTOR_1_init) for SYSCFG_DL_PWM_MOTOR_1_init
    ti_msp_dl_config.o(.text.SYSCFG_DL_init) refers to ti_msp_dl_config.o(.text.SYSCFG_DL_PWM_MOTOR_2_init) for SYSCFG_DL_PWM_MOTOR_2_init
    ti_msp_dl_config.o(.text.SYSCFG_DL_init) refers to ti_msp_dl_config.o(.text.SYSCFG_DL_PWM_TEST_init) for SYSCFG_DL_PWM_TEST_init
    ti_msp_dl_config.o(.text.SYSCFG_DL_init) refers to ti_msp_dl_config.o(.text.SYSCFG_DL_PWM_WS2812_init) for SYSCFG_DL_PWM_WS2812_init
    ti_msp_dl_config.o(.text.SYSCFG_DL_init) refers to ti_msp_dl_config.o(.text.SYSCFG_DL_TIMER_SCAN_init) for SYSCFG_DL_TIMER_SCAN_init
    ti_msp_dl_config.o(.text.SYSCFG_DL_init) refers to ti_msp_dl_config.o(.text.SYSCFG_DL_UART_0_init) for SYSCFG_DL_UART_0_init
    ti_msp_dl_config.o(.text.SYSCFG_DL_init) refers to ti_msp_dl_config.o(.text.SYSCFG_DL_DMA_init) for SYSCFG_DL_DMA_init
    ti_msp_dl_config.o(.text.SYSCFG_DL_init) refers to ti_msp_dl_config.o(.text.SYSCFG_DL_SYSTICK_init) for SYSCFG_DL_SYSTICK_init
    ti_msp_dl_config.o(.text.SYSCFG_DL_init) refers to ti_msp_dl_config.o(.bss.gPWM_MOTOR_1Backup) for gPWM_MOTOR_1Backup
    ti_msp_dl_config.o(.text.SYSCFG_DL_init) refers to ti_msp_dl_config.o(.bss.gPWM_TESTBackup) for gPWM_TESTBackup
    ti_msp_dl_config.o(.text.SYSCFG_DL_init) refers to ti_msp_dl_config.o(.bss.gPWM_WS2812Backup) for gPWM_WS2812Backup
    ti_msp_dl_config.o(.text.SYSCFG_DL_init) refers to ti_msp_dl_config.o(.bss.gTIMER_SCANBackup) for gTIMER_SCANBackup
    ti_msp_dl_config.o(.ARM.exidx.text.SYSCFG_DL_init) refers to ti_msp_dl_config.o(.text.SYSCFG_DL_init) for [Anonymous Symbol]
    ti_msp_dl_config.o(.text.SYSCFG_DL_initPower) refers to ti_msp_dl_config.o(.text.DL_GPIO_reset) for DL_GPIO_reset
    ti_msp_dl_config.o(.text.SYSCFG_DL_initPower) refers to ti_msp_dl_config.o(.text.DL_Timer_reset) for DL_Timer_reset
    ti_msp_dl_config.o(.text.SYSCFG_DL_initPower) refers to ti_msp_dl_config.o(.text.DL_UART_reset) for DL_UART_reset
    ti_msp_dl_config.o(.text.SYSCFG_DL_initPower) refers to ti_msp_dl_config.o(.text.DL_GPIO_enablePower) for DL_GPIO_enablePower
    ti_msp_dl_config.o(.text.SYSCFG_DL_initPower) refers to ti_msp_dl_config.o(.text.DL_Timer_enablePower) for DL_Timer_enablePower
[...]
    .ARM.Collect$$libinit$$00000013          0x00000166   Section        0  libinit2.o(.ARM.Collect$$libinit$$00000013)
    .ARM.Collect$$libinit$$00000015          0x00000166   Section        0  libinit2.o(.ARM.Collect$$libinit$$00000015)
    .ARM.Collect$$libinit$$00000017          0x00000166   Section        0  libinit2.o(.ARM.Collect$$libinit$$00000017)
    .ARM.Collect$$libinit$$00000019          0x00000166   Section        0  libinit2.o(.ARM.Collect$$libinit$$00000019)
    .ARM.Collect$$libinit$$0000001B          0x00000166   Section        0  libinit2.o(.ARM.Collect$$libinit$$0000001B)
    .ARM.Collect$$libinit$$0000001D          0x00000166   Section        0  libinit2.o(.ARM.Collect$$libinit$$0000001D)
    .ARM.Collect$$libinit$$0000001F          0x00000166   Section        0  libinit2.o(.ARM.Collect$$libinit$$0000001F)
    .ARM.Collect$$libinit$$00000021          0x00000166   Section        0  libinit2.o(.ARM.Collect$$libinit$$00000021)
    .ARM.Collect$$libinit$$00000023          0x00000166   Section        0  libinit2.o(.ARM.Collect$$libinit$$00000023)
    .ARM.Collect$$libinit$$00000025          0x00000166   Section        0  libinit2.o(.ARM.Collect$$libinit$$00000025)
    .ARM.Collect$$libinit$$00000027          0x00000166   Section        0  libinit2.o(.ARM.Collect$$libinit$$00000027)
    .ARM.Collect$$libinit$$0000002E          0x00000166   Section        0  libinit2.o(.ARM.Collect$$libinit$$0000002E)
    .ARM.Collect$$libinit$$00000030          0x00000166   Section        0  libinit2.o(.ARM.Collect$$libinit$$00000030)
    .ARM.Collect$$libinit$$00000032          0x00000166   Section        0  libinit2.o(.ARM.Collect$$libinit$$00000032)
    .ARM.Collect$$libinit$$00000034          0x00000166   Section        0  libinit2.o(.ARM.Collect$$libinit$$00000034)
    .ARM.Collect$$libinit$$00000035          0x00000166   Section        2  libinit2.o(.ARM.Collect$$libinit$$00000035)
    .ARM.Collect$$libshutdown$$00000000      0x00000168   Section        2  libshutdown.o(.ARM.Collect$$libshutdown$$00000000)
    .ARM.Collect$$libshutdown$$00000002      0x0000016a   Section        0  libshutdown2.o(.ARM.Collect$$libshutdown$$00000002)
    .ARM.Collect$$libshutdown$$00000004      0x0000016a   Section        0  libshutdown2.o(.ARM.Collect$$libshutdown$$00000004)
    .ARM.Collect$$libshutdown$$00000007      0x0000016a   Section        0  libshutdown2.o(.ARM.Collect$$libshutdown$$00000007)
    .ARM.Collect$$libshutdown$$0000000A      0x0000016a   Section        0  libshutdown2.o(.ARM.Collect$$libshutdown$$0000000A)
    .ARM.Collect$$libshutdown$$0000000C      0x0000016a   Section        0  libshutdown2.o(.ARM.Collect$$libshutdown$$0000000C)
    .ARM.Collect$$libshutdown$$0000000F      0x0000016a   Section        0  libshutdown2.o(.ARM.Collect$$libshutdown$$0000000F)
    .ARM.Collect$$libshutdown$$00000010      0x0000016a   Section        2  libshutdown2.o(.ARM.Collect$$libshutdown$$00000010)
    .ARM.Collect$$rtentry$$00000000          0x0000016c   Section        0  __rtentry.o(.ARM.Collect$$rtentry$$00000000)
    .ARM.Collect$$rtentry$$00000002          0x0000016c   Section        0  __rtentry2.o(.ARM.Collect$$rtentry$$00000002)
    .ARM.Collect$$rtentry$$00000004          0x0000016c   Section        6  __rtentry4.o(.ARM.Collect$$rtentry$$00000004)
    .ARM.Collect$$rtentry$$00000009          0x00000172   Section        0  __rtentry2.o(.ARM.Collect$$rtentry$$00000009)
    .ARM.Collect$$rtentry$$0000000A          0x00000172   Section        4  __rtentry2.o(.ARM.Collect$$rtentry$$0000000A)
    .ARM.Collect$$rtentry$$0000000C          0x00000176   Section        0  __rtentry2.o(.ARM.Collect$$rtentry$$0000000C)
    .ARM.Collect$$rtentry$$0000000D          0x00000176   Section        8  __rtentry2.o(.ARM.Collect$$rtentry$$0000000D)
    .ARM.Collect$$rtexit$$00000000           0x0000017e   Section        2  rtexit.o(.ARM.Collect$$rtexit$$00000000)
    .ARM.Collect$$rtexit$$00000002           0x00000180   Section        0  rtexit2.o(.ARM.Collect$$rtexit$$00000002)
    .ARM.Collect$$rtexit$$00000003           0x00000180   Section        4  rtexit2.o(.ARM.Collect$$rtexit$$00000003)
    .ARM.Collect$$rtexit$$00000004           0x00000184   Section        6  rtexit2.o(.ARM.Collect$$rtexit$$00000004)
    .text                                    0x0000018c   Section       48  startup_mspm0g350x_uvision.o(.text)
    .text                                    0x000001bc   Section        0  heapauxi.o(.text)
    .text                                    0x000001c2   Section       62  sys_stackheap_outer.o(.text)
    .text                                    0x00000200   Section        0  exit.o(.text)
    .text                                    0x00000210   Section        8  libspace.o(.text)
    .text                                    0x00000218   Section        0  sys_exit.o(.text)
    .text                                    0x00000224   Section        2  use_no_semi.o(.text)
    [Anonymous Symbol]                       0x00000226   Section        0  dl_common.o(.text.DL_Common_delayCycles)
    .text                                    0x00000226   Section        0  indicate_semi.o(.text)
    DL_Common_updateReg                      0x00000231   Thumb Code    40  ti_msp_dl_config.o(.text.DL_Common_updateReg)
    [Anonymous Symbol]                       0x00000230   Section        0  ti_msp_dl_config.o(.text.DL_Common_updateReg)
    DL_DMA_clearInterruptStatus              0x00000259   Thumb Code    20  ti_msp_dl_config.o(.text.DL_DMA_clearInterruptStatus)
    [Anonymous Symbol]                       0x00000258   Section        0  ti_msp_dl_config.o(.text.DL_DMA_clearInterruptStatus)
    DL_DMA_enableChannel                     0x0000026d   Thumb Code    38  hw_dma.o(.text.DL_DMA_enableChannel)
    [Anonymous Symbol]                       0x0000026c   Section        0  hw_dma.o(.text.DL_DMA_enableChannel)
    DL_DMA_enableInterrupt                   0x00000295   Thumb Code    24  ti_msp_dl_config.o(.text.DL_DMA_enableInterrupt)
    [Anonymous Symbol]                       0x00000294   Section        0  ti_msp_dl_config.o(.text.DL_DMA_enableInterrupt)
    [Anonymous Symbol]                       0x000002ac   Section        0  dl_dma.o(.text.DL_DMA_initChannel)
    __arm_cp.0_0                             0x000002ec   Number         4  dl_dma.o(.text.DL_DMA_initChannel)
    DL_DMA_setDestAddr                       0x000002f1   Thumb Code    36  hw_dma.o(.text.DL_DMA_setDestAddr)
    [Anonymous Symbol]                       0x000002f0   Section        0  hw_dma.o(.text.DL_DMA_setDestAddr)
    __arm_cp.3_0                             0x00000314   Number         4  hw_dma.o(.text.DL_DMA_setDestAddr)
    DL_DMA_setSrcAddr                        0x00000319   Thumb Code    36  hw_dma.o(.text.DL_DMA_setSrcAddr)
    [Anonymous Symbol]                       0x00000318   Section        0  hw_dma.o(.text.DL_DMA_setSrcAddr)
    __arm_cp.2_0                             0x0000033c   Number         4  hw_dma.o(.text.DL_DMA_setSrcAddr)
    DL_DMA_setSrcIncrement                   0x00000341   Thumb Code    46  ti_msp_dl_config.o(.text.DL_DMA_setSrcIncrement)
    [Anonymous Symbol]                       0x00000340   Section        0  ti_msp_dl_config.o(.text.DL_DMA_setSrcIncrement)
    DL_DMA_setTransferSize                   0x00000371   Thumb Code    44  hw_dma.o(.text.DL_DMA_setTransferSize)
    [Anonymous Symbol]                       0x00000370   Section        0  hw_dma.o(.text.DL_DMA_setTransferSize)
    __arm_cp.4_0                             0x0000039c   Number         4  hw_dma.o(.text.DL_DMA_setTransferSize)
    DL_DMA_startTransfer                     0x000003a1   Thumb Code    38  mid_ws2812.o(.text.DL_DMA_startTransfer)
    [Anonymous Symbol]                       0x000003a0   Section        0  mid_ws2812.o(.text.DL_DMA_startTransfer)
    DL_GPIO_clearInterruptStatus             0x000003c9   Thumb Code    24  ti_msp_dl_config.o(.text.DL_GPIO_clearInterruptStatus)
    [Anonymous Symbol]                       0x000003c8   Section        0  ti_msp_dl_config.o(.text.DL_GPIO_clearInterruptStatus)
    DL_GPIO_clearInterruptStatus             0x000003e1   Thumb Code    24  hw_gpio_it.o(.text.DL_GPIO_clearInterruptStatus)
    [Anonymous Symbol]                       0x000003e0   Section        0  hw_gpio_it.o(.text.DL_GPIO_clearInterruptStatus)
    __arm_cp.5_0                             0x000003f8   Number         4  hw_gpio_it.o(.text.DL_GPIO_clearInterruptStatus)
    DL_GPIO_clearPins                        0x000003fd   Thumb Code    20  ti_msp_dl_config.o(.text.DL_GPIO_clearPins)
    [Anonymous Symbol]                       0x000003fc   Section        0  ti_msp_dl_config.o(.text.DL_GPIO_clearPins)
    DL_GPIO_enableInterrupt                  0x00000411   Thumb Code    24  ti_msp_dl_config.o(.text.DL_GPIO_enableInterrupt)
    [Anonymous Symbol]                       0x00000410   Section        0  ti_msp_dl_config.o(.text.DL_GPIO_enableInterrupt)
    __arm_cp.31_0                            0x00000428   Number         4  ti_msp_dl_config.o(.text.DL_GPIO_enableInterrupt)
    DL_GPIO_enableOutput                     0x0000042d   Thumb Code    20  ti_msp_dl_config.o(.text.DL_GPIO_enableOutput)
    [Anonymous Symbol]                       0x0000042c   Section        0  ti_msp_dl_config.o(.text.DL_GPIO_enableOutput)
    __arm_cp.22_0                            0x00000440   Number         4  ti_msp_dl_config.o(.text.DL_GPIO_enableOutput)
    DL_GPIO_enablePower                      0x00000445   Thumb Code    20  ti_msp_dl_config.o(.text.DL_GPIO_enablePower)
    [Anonymous Symbol]                       0x00000444   Section        0  ti_msp_dl_config.o(.text.DL_GPIO_enablePower)
    __arm_cp.17_0                            0x00000458   Number         4  ti_msp_dl_config.o(.text.DL_GPIO_enablePower)
    DL_GPIO_getEnabledInterruptStatus        0x0000045d   Thumb Code    20  hw_gpio_it.o(.text.DL_GPIO_getEnabledInterruptStatus)
    [Anonymous Symbol]                       0x0000045c   Section        0  hw_gpio_it.o(.text.DL_GPIO_getEnabledInterruptStatus)
    __arm_cp.3_0                             0x00000470   Number         4  hw_gpio_it.o(.text.DL_GPIO_getEnabledInterruptStatus)
    DL_GPIO_initDigitalInput                 0x00000475   Thumb Code    20  ti_msp_dl_config.o(.text.DL_GPIO_initDigitalInput)
    [Anonymous Symbol]                       0x00000474   Section        0  ti_msp_dl_config.o(.text.DL_GPIO_initDigitalInput)
    DL_GPIO_initDigitalInputFeatures         0x00000489   Thumb Code    44  ti_msp_dl_config.o(.text.DL_GPIO_initDigitalInputFeatures)
    [Anonymous Symbol]                       0x00000488   Section        0  ti_msp_dl_config.o(.text.DL_GPIO_initDigitalInputFeatures)
    __arm_cp.24_0                            0x000004b4   Number         4  ti_msp_dl_config.o(.text.DL_GPIO_initDigitalInputFeatures)
    DL_GPIO_initDigitalOutput                0x000004b9   Thumb Code    20  ti_msp_dl_config.o(.text.DL_GPIO_initDigitalOutput)
    [Anonymous Symbol]                       0x000004b8   Section        0  ti_msp_dl_config.o(.text.DL_GPIO_initDigitalOutput)
    DL_GPIO_initPeripheralAnalogFunction     0x000004cd   Thumb Code    20  ti_msp_dl_config.o(.text.DL_GPIO_initPeripheralAnalogFunction)
    [Anonymous Symbol]                       0x000004cc   Section        0  ti_msp_dl_config.o(.text.DL_GPIO_initPeripheralAnalogFunction)
    DL_GPIO_initPeripheralInputFunction      0x000004e1   Thumb Code    24  ti_msp_dl_config.o(.text.DL_GPIO_initPeripheralInputFunction)
    [Anonymous Symbol]                       0x000004e0   Section        0  ti_msp_dl_config.o(.text.DL_GPIO_initPeripheralInputFunction)
    __arm_cp.23_0                            0x000004f8   Number         4  ti_msp_dl_config.o(.text.DL_GPIO_initPeripheralInputFunction)
    DL_GPIO_initPeripheralOutputFunction     0x000004fd   Thumb Code    24  ti_msp_dl_config.o(.text.DL_GPIO_initPeripheralOutputFunction)
    [Anonymous Symbol]                       0x000004fc   Section        0  ti_msp_dl_config.o(.text.DL_GPIO_initPeripheralOutputFunction)
    __arm_cp.21_0                            0x00000514   Number         4  ti_msp_dl_config.o(.text.DL_GPIO_initPeripheralOutputFunction)
    DL_GPIO_readPins                         0x00000519   Thumb Code    22  hw_encoder.o(.text.DL_GPIO_readPins)
    [Anonymous Symbol]                       0x00000518   Section        0  hw_encoder.o(.text.DL_GPIO_readPins)
    DL_GPIO_readPins                         0x0000052f   Thumb Code    22  hw_gpio_it.o(.text.DL_GPIO_readPins)
    [Anonymous Symbol]                       0x0000052e   Section        0  hw_gpio_it.o(.text.DL_GPIO_readPins)
    DL_GPIO_reset                            0x00000545   Thumb Code    16  ti_msp_dl_config.o(.text.DL_GPIO_reset)
    [Anonymous Symbol]                       0x00000544   Section        0  ti_msp_dl_config.o(.text.DL_GPIO_reset)
    __arm_cp.14_0                            0x00000554   Number         4  ti_msp_dl_config.o(.text.DL_GPIO_reset)
    __arm_cp.14_1                            0x00000558   Number         4  ti_msp_dl_config.o(.text.DL_GPIO_reset)
    DL_GPIO_setLowerPinsPolarity             0x0000055d   Thumb Code    24  ti_msp_dl_config.o(.text.DL_GPIO_setLowerPinsPolarity)
    [Anonymous Symbol]                       0x0000055c   Section        0  ti_msp_dl_config.o(.text.DL_GPIO_setLowerPinsPolarity)
    __arm_cp.28_0                            0x00000574   Number         4  ti_msp_dl_config.o(.text.DL_GPIO_setLowerPinsPolarity)
    DL_GPIO_setUpperPinsPolarity             0x00000579   Thumb Code    24  ti_msp_dl_config.o(.text.DL_GPIO_setUpperPinsPolarity)
    [Anonymous Symbol]                       0x00000578   Section        0  ti_msp_dl_config.o(.text.DL_GPIO_setUpperPinsPolarity)
    [Anonymous Symbol]                       0x00000590   Section        0  dl_sysctl_mspm0g1x0x_g3x0x.o(.text.DL_SYSCTL_configSYSPLL)
    __arm_cp.0_2                             0x00000644   Number         4  dl_sysctl_mspm0g1x0x_g3x0x.o(.text.DL_SYSCTL_configSYSPLL)
    __arm_cp.0_3                             0x00000648   Number         4  dl_sysctl_mspm0g1x0x_g3x0x.o(.text.DL_SYSCTL_configSYSPLL)
    __arm_cp.0_4                             0x0000064c   Number         4  dl_sysctl_mspm0g1x0x_g3x0x.o(.text.DL_SYSCTL_configSYSPLL)
    DL_SYSCTL_disableHFXT                    0x00000651   Thumb Code    12  ti_msp_dl_config.o(.text.DL_SYSCTL_disableHFXT)
    [Anonymous Symbol]                       0x00000650   Section        0  ti_msp_dl_config.o(.text.DL_SYSCTL_disableHFXT)
    DL_SYSCTL_disableSYSPLL                  0x0000065d   Thumb Code    16  ti_msp_dl_config.o(.text.DL_SYSCTL_disableSYSPLL)
    [Anonymous Symbol]                       0x0000065c   Section        0  ti_msp_dl_config.o(.text.DL_SYSCTL_disableSYSPLL)
    __arm_cp.36_0                            0x0000066c   Number         4  ti_msp_dl_config.o(.text.DL_SYSCTL_disableSYSPLL)
    DL_SYSCTL_enableMFCLK                    0x00000671   Thumb Code    16  ti_msp_dl_config.o(.text.DL_SYSCTL_enableMFCLK)
    [Anonymous Symbol]                       0x00000670   Section        0  ti_msp_dl_config.o(.text.DL_SYSCTL_enableMFCLK)
    DL_SYSCTL_setBORThreshold                0x00000681   Thumb Code    20  ti_msp_dl_config.o(.text.DL_SYSCTL_setBORThreshold)
    [Anonymous Symbol]                       0x00000680   Section        0  ti_msp_dl_config.o(.text.DL_SYSCTL_setBORThreshold)
    __arm_cp.32_0                            0x00000694   Number         4  ti_msp_dl_config.o(.text.DL_SYSCTL_setBORThreshold)
    DL_SYSCTL_setFlashWaitState              0x00000699   Thumb Code    28  ti_msp_dl_config.o(.text.DL_SYSCTL_setFlashWaitState)
    [Anonymous Symbol]                       0x00000698   Section        0  ti_msp_dl_config.o(.text.DL_SYSCTL_setFlashWaitState)
    [Anonymous Symbol]                       0x000006b4   Section        0  dl_sysctl_mspm0g1x0x_g3x0x.o(.text.DL_SYSCTL_setHFCLKSourceHFXTParams)
    __arm_cp.7_0                             0x00000700   Number         4  dl_sysctl_mspm0g1x0x_g3x0x.o(.text.DL_SYSCTL_setHFCLKSourceHFXTParams)
    DL_SYSCTL_setSYSOSCFreq                  0x00000705   Thumb Code    24  ti_msp_dl_config.o(.text.DL_SYSCTL_setSYSOSCFreq)
    [Anonymous Symbol]                       0x00000704   Section        0  ti_msp_dl_config.o(.text.DL_SYSCTL_setSYSOSCFreq)
    __arm_cp.34_0                            0x0000071c   Number         4  ti_msp_dl_config.o(.text.DL_SYSCTL_setSYSOSCFreq)
    DL_SYSCTL_setULPCLKDivider               0x00000721   Thumb Code    24  ti_msp_dl_config.o(.text.DL_SYSCTL_setULPCLKDivider)
    [Anonymous Symbol]                       0x00000720   Section        0  ti_msp_dl_config.o(.text.DL_SYSCTL_setULPCLKDivider)
    [Anonymous Symbol]                       0x00000738   Section        0  dl_sysctl_mspm0g1x0x_g3x0x.o(.text.DL_SYSCTL_switchMCLKfromSYSOSCtoHSCLK)
    __arm_cp.4_0                             0x00000758   Number         4  dl_sysctl_mspm0g1x0x_g3x0x.o(.text.DL_SYSCTL_switchMCLKfromSYSOSCtoHSCLK)
    __arm_cp.4_1                             0x0000075c   Number         4  dl_sysctl_mspm0g1x0x_g3x0x.o(.text.DL_SYSCTL_switchMCLKfromSYSOSCtoHSCLK)
    [Anonymous Symbol]                       0x00000760   Section        0  dl_timer.o(.text.DL_TimerA_initPWMMode)
    __arm_cp.31_0                            0x000007cc   Number         4  dl_timer.o(.text.DL_TimerA_initPWMMode)
    DL_Timer_enableClock                     0x000007d1   Thumb Code    16  ti_msp_dl_config.o(.text.DL_Timer_enableClock)
    [Anonymous Symbol]                       0x000007d0   Section        0  ti_msp_dl_config.o(.text.DL_Timer_enableClock)
    DL_Timer_enableInterrupt                 0x000007e1   Thumb Code    24  ti_msp_dl_config.o(.text.DL_Timer_enableInterrupt)
    [Anonymous Symbol]                       0x000007e0   Section        0  ti_msp_dl_config.o(.text.DL_Timer_enableInterrupt)
    DL_Timer_enablePower                     0x000007f9   Thumb Code    20  ti_msp_dl_config.o(.text.DL_Timer_enablePower)
    [Anonymous Symbol]                       0x000007f8   Section        0  ti_msp_dl_config.o(.text.DL_Timer_enablePower)
    DL_Timer_enableShadowFeatures            0x0000080d   Thumb Code    20  ti_msp_dl_config.o(.text.DL_Timer_enableShadowFeatures)
    [Anonymous Symbol]                       0x0000080c   Section        0  ti_msp_dl_config.o(.text.DL_Timer_enableShadowFeatures)
    DL_Timer_getPendingInterrupt             0x00000821   Thumb Code    18  hw_timer.o(.text.DL_Timer_getPendingInterrupt)
    [Anonymous Symbol]                       0x00000820   Section        0  hw_timer.o(.text.DL_Timer_getPendingInterrupt)
    DL_Timer_getPendingInterrupt             0x00000833   Thumb Code    18  mid_ws2812.o(.text.DL_Timer_getPendingInterrupt)
    [Anonymous Symbol]                       0x00000832   Section        0  mid_ws2812.o(.text.DL_Timer_getPendingInterrupt)
    [Anonymous Symbol]                       0x00000844   Section        0  dl_timer.o(.text.DL_Timer_initPWMMode)
    __arm_cp.11_1                            0x000008f0   Number         4  dl_timer.o(.text.DL_Timer_initPWMMode)
    __arm_cp.11_2                            0x000008f4   Number         4  dl_timer.o(.text.DL_Timer_initPWMMode)
    __arm_cp.11_3                            0x000008f8   Number         4  dl_timer.o(.text.DL_Timer_initPWMMode)
    __arm_cp.11_4                            0x000008fc   Number         4  dl_timer.o(.text.DL_Timer_initPWMMode)
    __arm_cp.11_6                            0x00000900   Number         4  dl_timer.o(.text.DL_Timer_initPWMMode)
    [Anonymous Symbol]                       0x00000904   Section        0  dl_timer.o(.text.DL_Timer_initTimerMode)
    __arm_cp.2_0                             0x000009e4   Number         4  dl_timer.o(.text.DL_Timer_initTimerMode)
    __arm_cp.2_1                             0x000009e8   Number         4  dl_timer.o(.text.DL_Timer_initTimerMode)
    __arm_cp.2_2                             0x000009ec   Number         4  dl_timer.o(.text.DL_Timer_initTimerMode)
    __arm_cp.2_3                             0x000009f0   Number         4  dl_timer.o(.text.DL_Timer_initTimerMode)
    DL_Timer_reset                           0x000009f5   Thumb Code    16  ti_msp_dl_config.o(.text.DL_Timer_reset)
    [Anonymous Symbol]                       0x000009f4   Section        0  ti_msp_dl_config.o(.text.DL_Timer_reset)
    DL_Timer_setCCPDirection                 0x00000a05   Thumb Code    20  ti_msp_dl_config.o(.text.DL_Timer_setCCPDirection)
    [Anonymous Symbol]                       0x00000a04   Section        0  ti_msp_dl_config.o(.text.DL_Timer_setCCPDirection)
    [Anonymous Symbol]                       0x00000a18   Section        0  dl_timer.o(.text.DL_Timer_setCaptCompUpdateMethod)
    __arm_cp.18_0                            0x00000a30   Number         4  dl_timer.o(.text.DL_Timer_setCaptCompUpdateMethod)
    [Anonymous Symbol]                       0x00000a34   Section        0  dl_timer.o(.text.DL_Timer_setCaptureCompareOutCtl)
    __arm_cp.13_0                            0x00000a48   Number         4  dl_timer.o(.text.DL_Timer_setCaptureCompareOutCtl)
    [Anonymous Symbol]                       0x00000a4c   Section        0  dl_timer.o(.text.DL_Timer_setCaptureCompareValue)
    __arm_cp.3_0                             0x00000a58   Number         4  dl_timer.o(.text.DL_Timer_setCaptureCompareValue)
    [Anonymous Symbol]                       0x00000a5c   Section        0  dl_timer.o(.text.DL_Timer_setClockConfig)
    __arm_cp.0_0                             0x00000a74   Number         4  dl_timer.o(.text.DL_Timer_setClockConfig)
    DL_UART_enable                           0x00000a79   Thumb Code    22  ti_msp_dl_config.o(.text.DL_UART_enable)
    [Anonymous Symbol]                       0x00000a78   Section        0  ti_msp_dl_config.o(.text.DL_UART_enable)
    DL_UART_enableInterrupt                  0x00000a91   Thumb Code    24  ti_msp_dl_config.o(.text.DL_UART_enableInterrupt)
    [Anonymous Symbol]                       0x00000a90   Section        0  ti_msp_dl_config.o(.text.DL_UART_enableInterrupt)
    __arm_cp.46_0                            0x00000aa8   Number         4  ti_msp_dl_config.o(.text.DL_UART_enableInterrupt)
    DL_UART_enablePower                      0x00000aad   Thumb Code    20  ti_msp_dl_config.o(.text.DL_UART_enablePower)
    [Anonymous Symbol]                       0x00000aac   Section        0  ti_msp_dl_config.o(.text.DL_UART_enablePower)
    __arm_cp.19_0                            0x00000ac0   Number         4  ti_msp_dl_config.o(.text.DL_UART_enablePower)
    DL_UART_getPendingInterrupt              0x00000ac5   Thumb Code    18  mid_uart.o(.text.DL_UART_getPendingInterrupt)
    [Anonymous Symbol]                       0x00000ac4   Section        0  mid_uart.o(.text.DL_UART_getPendingInterrupt)
    [Anonymous Symbol]                       0x00000ad8   Section        0  dl_uart.o(.text.DL_UART_init)
    __arm_cp.0_0                             0x00000b18   Number         4  dl_uart.o(.text.DL_UART_init)
    __arm_cp.0_1                             0x00000b1c   Number         4  dl_uart.o(.text.DL_UART_init)
    DL_UART_isBusy                           0x00000b21   Thumb Code    20  mid_uart.o(.text.DL_UART_isBusy)
    [Anonymous Symbol]                       0x00000b20   Section        0  mid_uart.o(.text.DL_UART_isBusy)
    __arm_cp.1_0                             0x00000b34   Number         4  mid_uart.o(.text.DL_UART_isBusy)
    DL_UART_receiveData                      0x00000b39   Thumb Code    16  mid_uart.o(.text.DL_UART_receiveData)
    [Anonymous Symbol]                       0x00000b38   Section        0  mid_uart.o(.text.DL_UART_receiveData)
    __arm_cp.11_0                            0x00000b48   Number         4  mid_uart.o(.text.DL_UART_receiveData)
    DL_UART_reset                            0x00000b4d   Thumb Code    16  ti_msp_dl_config.o(.text.DL_UART_reset)
    [Anonymous Symbol]                       0x00000b4c   Section        0  ti_msp_dl_config.o(.text.DL_UART_reset)
    __arm_cp.16_0                            0x00000b5c   Number         4  ti_msp_dl_config.o(.text.DL_UART_reset)
    __arm_cp.16_1                            0x00000b60   Number         4  ti_msp_dl_config.o(.text.DL_UART_reset)
    DL_UART_setBaudRateDivisor               0x00000b65   Thumb Code    60  ti_msp_dl_config.o(.text.DL_UART_setBaudRateDivisor)
    [Anonymous Symbol]                       0x00000b64   Section        0  ti_msp_dl_config.o(.text.DL_UART_setBaudRateDivisor)
    __arm_cp.45_0                            0x00000ba0   Number         4  ti_msp_dl_config.o(.text.DL_UART_setBaudRateDivisor)
    __arm_cp.45_1                            0x00000ba4   Number         4  ti_msp_dl_config.o(.text.DL_UART_setBaudRateDivisor)
    __arm_cp.45_2                            0x00000ba8   Number         4  ti_msp_dl_config.o(.text.DL_UART_setBaudRateDivisor)
    __arm_cp.45_3                            0x00000bac   Number         4  ti_msp_dl_config.o(.text.DL_UART_setBaudRateDivisor)
    [Anonymous Symbol]                       0x00000bb0   Section        0  dl_uart.o(.text.DL_UART_setClockConfig)
    DL_UART_setOversampling                  0x00000bc3   Thumb Code    30  ti_msp_dl_config.o(.text.DL_UART_setOversampling)
    [Anonymous Symbol]                       0x00000bc2   Section        0  ti_msp_dl_config.o(.text.DL_UART_setOversampling)
    DL_UART_transmitData                     0x00000be1   Thumb Code    22  mid_uart.o(.text.DL_UART_transmitData)
    [Anonymous Symbol]                       0x00000be0   Section        0  mid_uart.o(.text.DL_UART_transmitData)
    [Anonymous Symbol]                       0x00000bf8   Section        0  hw_dma.o(.text.DMA_IRQHandler)
    __arm_cp.6_0                             0x00000c08   Number         4  hw_dma.o(.text.DMA_IRQHandler)
    [Anonymous Symbol]                       0x00000c0c   Section        0  hw_gpio_it.o(.text.GROUP1_IRQHandler)
    __arm_cp.2_1                             0x00000cb0   Number         4  hw_gpio_it.o(.text.GROUP1_IRQHandler)
    [Anonymous Symbol]                       0x00000cb4   Section        0  ti_msp_dl_config.o(.text.SYSCFG_DL_DMA_WS2812_init)
    __arm_cp.48_0                            0x00000ce8   Number         4  ti_msp_dl_config.o(.text.SYSCFG_DL_DMA_WS2812_init)
    __arm_cp.48_1                            0x00000cec   Number         4  ti_msp_dl_config.o(.text.SYSCFG_DL_DMA_WS2812_init)
    [Anonymous Symbol]                       0x00000cf0   Section        0  ti_msp_dl_config.o(.text.SYSCFG_DL_DMA_init)
    [Anonymous Symbol]                       0x00000cf8   Section        0  ti_msp_dl_config.o(.text.SYSCFG_DL_GPIO_init)
    __arm_cp.2_0                             0x00000e5c   Number         4  ti_msp_dl_config.o(.text.SYSCFG_DL_GPIO_init)
    __arm_cp.2_1                             0x00000e60   Number         4  ti_msp_dl_config.o(.text.SYSCFG_DL_GPIO_init)
    __arm_cp.2_3                             0x00000e64   Number         4  ti_msp_dl_config.o(.text.SYSCFG_DL_GPIO_init)
    [Anonymous Symbol]                       0x00000e68   Section        0  ti_msp_dl_config.o(.text.SYSCFG_DL_PWM_MOTOR_1_init)
    __arm_cp.4_0                             0x00000ebc   Number         4  ti_msp_dl_config.o(.text.SYSCFG_DL_PWM_MOTOR_1_init)
    __arm_cp.4_2                             0x00000ec0   Number         4  ti_msp_dl_config.o(.text.SYSCFG_DL_PWM_MOTOR_1_init)
    [Anonymous Symbol]                       0x00000ec4   Section        0  ti_msp_dl_config.o(.text.SYSCFG_DL_PWM_MOTOR_2_init)
    __arm_cp.5_0                             0x00000f18   Number         4  ti_msp_dl_config.o(.text.SYSCFG_DL_PWM_MOTOR_2_init)
    __arm_cp.5_2                             0x00000f1c   Number         4  ti_msp_dl_config.o(.text.SYSCFG_DL_PWM_MOTOR_2_init)
    [Anonymous Symbol]                       0x00000f20   Section        0  ti_msp_dl_config.o(.text.SYSCFG_DL_PWM_TEST_init)
    __arm_cp.6_0                             0x00000f74   Number         4  ti_msp_dl_config.o(.text.SYSCFG_DL_PWM_TEST_init)
    __arm_cp.6_2                             0x00000f78   Number         4  ti_msp_dl_config.o(.text.SYSCFG_DL_PWM_TEST_init)
    [Anonymous Symbol]                       0x00000f7c   Section        0  ti_msp_dl_config.o(.text.SYSCFG_DL_PWM_WS2812_init)
    __arm_cp.7_0                             0x00000fd8   Number         4  ti_msp_dl_config.o(.text.SYSCFG_DL_PWM_WS2812_init)
    __arm_cp.7_2                             0x00000fdc   Number         4  ti_msp_dl_config.o(.text.SYSCFG_DL_PWM_WS2812_init)
    [Anonymous Symbol]                       0x00000fe0   Section        0  ti_msp_dl_config.o(.text.SYSCFG_DL_SYSCTL_init)
    __arm_cp.3_0                             0x00001034   Number         4  ti_msp_dl_config.o(.text.SYSCFG_DL_SYSCTL_init)
    [Anonymous Symbol]                       0x00001038   Section        0  ti_msp_dl_config.o(.text.SYSCFG_DL_SYSTICK_init)
    [Anonymous Symbol]                       0x00001044   Section        0  ti_msp_dl_config.o(.text.SYSCFG_DL_TIMER_SCAN_init)
    __arm_cp.8_0                             0x0000106c   Number         4  ti_msp_dl_config.o(.text.SYSCFG_DL_TIMER_SCAN_init)
    __arm_cp.8_2                             0x00001070   Number         4  ti_msp_dl_config.o(.text.SYSCFG_DL_TIMER_SCAN_init)
    [Anonymous Symbol]                       0x00001074   Section        0  ti_msp_dl_config.o(.text.SYSCFG_DL_UART_0_init)
    __arm_cp.9_0                             0x000010b0   Number         4  ti_msp_dl_config.o(.text.SYSCFG_DL_UART_0_init)
    __arm_cp.9_2                             0x000010b4   Number         4  ti_msp_dl_config.o(.text.SYSCFG_DL_UART_0_init)
    [Anonymous Symbol]                       0x000010b8   Section        0  ti_msp_dl_config.o(.text.SYSCFG_DL_init)
    __arm_cp.0_0                             0x00001100   Number         4  ti_msp_dl_config.o(.text.SYSCFG_DL_init)
    __arm_cp.0_1                             0x00001104   Number         4  ti_msp_dl_config.o(.text.SYSCFG_DL_init)
    __arm_cp.0_2                             0x00001108   Number         4  ti_msp_dl_config.o(.text.SYSCFG_DL_init)
    __arm_cp.0_3                             0x0000110c   Number         4  ti_msp_dl_config.o(.text.SYSCFG_DL_init)
    [Anonymous Symbol]                       0x00001110   Section        0  ti_msp_dl_config.o(.text.SYSCFG_DL_initPower)
    __arm_cp.1_0                             0x00001190   Number         4  ti_msp_dl_config.o(.text.SYSCFG_DL_initPower)
    __arm_cp.1_1                             0x00001194   Number         4  ti_msp_dl_config.o(.text.SYSCFG_DL_initPower)
    __arm_cp.1_2                             0x00001198   Number         4  ti_msp_dl_config.o(.text.SYSCFG_DL_initPower)
    __arm_cp.1_3                             0x0000119c   Number         4  ti_msp_dl_config.o(.text.SYSCFG_DL_initPower)
    __arm_cp.1_4                             0x000011a0   Number         4  ti_msp_dl_config.o(.text.SYSCFG_DL_initPower)
    SysTick_Config                           0x000011a5   Thumb Code    68  ti_msp_dl_config.o(.text.SysTick_Config)
    [Anonymous Symbol]                       0x000011a4   Section        0  ti_msp_dl_config.o(.text.SysTick_Config)
    __arm_cp.52_0                            0x000011e8   Number         4  ti_msp_dl_config.o(.text.SysTick_Config)
    __arm_cp.52_1                            0x000011ec   Number         4  ti_msp_dl_config.o(.text.SysTick_Config)
    __arm_cp.52_2                            0x000011f0   Number         4  ti_msp_dl_config.o(.text.SysTick_Config)
    [Anonymous Symbol]                       0x000011f4   Section        0  hw_systick.o(.text.SysTick_Handler)
    [Anonymous Symbol]                       0x0000120c   Section        0  hw_timer.o(.text.TIMA0_IRQHandler)
    __arm_cp.3_0                             0x0000124c   Number         4  hw_timer.o(.text.TIMA0_IRQHandler)
    __arm_cp.3_2                             0x00001250   Number         4  hw_timer.o(.text.TIMA0_IRQHandler)
    [Anonymous Symbol]                       0x00001254   Section        0  mid_ws2812.o(.text.TIMA1_IRQHandler)
    __arm_cp.5_0                             0x00001288   Number         4  mid_ws2812.o(.text.TIMA1_IRQHandler)
    __arm_cp.5_1                             0x0000128c   Number         4  mid_ws2812.o(.text.TIMA1_IRQHandler)
    [Anonymous Symbol]                       0x00001290   Section        0  mid_uart.o(.text.UART0_IRQHandler)
    __arm_cp.9_0                             0x000012e8   Number         4  mid_uart.o(.text.UART0_IRQHandler)
    __arm_cp.9_1                             0x000012ec   Number         4  mid_uart.o(.text.UART0_IRQHandler)
    __NVIC_ClearPendingIRQ                   0x000012f1   Thumb Code    40  hw_dma.o(.text.__NVIC_ClearPendingIRQ)
    [Anonymous Symbol]                       0x000012f0   Section        0  hw_dma.o(.text.__NVIC_ClearPendingIRQ)
    __NVIC_ClearPendingIRQ                   0x00001319   Thumb Code    40  mid_ws2812.o(.text.__NVIC_ClearPendingIRQ)
    [Anonymous Symbol]                       0x00001318   Section        0  mid_ws2812.o(.text.__NVIC_ClearPendingIRQ)
    __arm_cp.8_0                             0x00001340   Number         4  mid_ws2812.o(.text.__NVIC_ClearPendingIRQ)
    __NVIC_EnableIRQ                         0x00001345   Thumb Code    40  hw_dma.o(.text.__NVIC_EnableIRQ)
    [Anonymous Symbol]                       0x00001344   Section        0  hw_dma.o(.text.__NVIC_EnableIRQ)
    __NVIC_EnableIRQ                         0x0000136d   Thumb Code    40  mid_ws2812.o(.text.__NVIC_EnableIRQ)
    [Anonymous Symbol]                       0x0000136c   Section        0  mid_ws2812.o(.text.__NVIC_EnableIRQ)
    __arm_cp.9_0                             0x00001394   Number         4  mid_ws2812.o(.text.__NVIC_EnableIRQ)
    __NVIC_SetPriority                       0x00001399   Thumb Code   124  ti_msp_dl_config.o(.text.__NVIC_SetPriority)
    [Anonymous Symbol]                       0x00001398   Section        0  ti_msp_dl_config.o(.text.__NVIC_SetPriority)
    __arm_cp.39_0                            0x00001414   Number         4  ti_msp_dl_config.o(.text.__NVIC_SetPriority)
    __arm_cp.39_1                            0x00001418   Number         4  ti_msp_dl_config.o(.text.__NVIC_SetPriority)
    [Anonymous Symbol]                       0x0000141c   Section        0  hw_systick.o(.text.delay_ms)
    __arm_cp.1_0                             0x00001450   Number         4  hw_systick.o(.text.delay_ms)
    [Anonymous Symbol]                       0x00001454   Section        0  hw_dma.o(.text.dma_init)
    __arm_cp.0_0                             0x00001490   Number         4  hw_dma.o(.text.dma_init)
    __arm_cp.0_1                             0x00001494   Number         4  hw_dma.o(.text.dma_init)
    __arm_cp.0_2                             0x00001498   Number         4  hw_dma.o(.text.dma_init)
    [Anonymous Symbol]                       0x0000149c   Section        0  mid_encoder.o(.text.encoder_num_update)
    __arm_cp.0_0                             0x000015b8   Number         4  mid_encoder.o(.text.encoder_num_update)
    __arm_cp.0_1                             0x000015bc   Number         4  mid_encoder.o(.text.encoder_num_update)
    __arm_cp.0_2                             0x000015c0   Number         4  mid_encoder.o(.text.encoder_num_update)
    encoder_to_dec                           0x000015c5   Thumb Code    92  mid_encoder.o(.text.encoder_to_dec)
    [Anonymous Symbol]                       0x000015c4   Section        0  mid_encoder.o(.text.encoder_to_dec)
    __arm_cp.1_0                             0x00001620   Number         4  mid_encoder.o(.text.encoder_to_dec)
    [Anonymous Symbol]                       0x00001624   Section        0  hw_encoder.o(.text.encoder_update)
    __arm_cp.3_0                             0x0000163c   Number         4  hw_encoder.o(.text.encoder_update)
    flex_button_process                      0x00001641   Thumb Code   912  flexible_button.o(.text.flex_button_process)
    [Anonymous Symbol]                       0x00001640   Section        0  flexible_button.o(.text.flex_button_process)
    __arm_cp.4_0                             0x000019d0   Number         4  flexible_button.o(.text.flex_button_process)
    __arm_cp.4_1                             0x000019d4   Number         4  flexible_button.o(.text.flex_button_process)
    __arm_cp.4_2                             0x000019d8   Number         4  flexible_button.o(.text.flex_button_process)
    flex_button_read                         0x000019dd   Thumb Code   120  flexible_button.o(.text.flex_button_read)
    [Anonymous Symbol]                       0x000019dc   Section        0  flexible_button.o(.text.flex_button_read)
    __arm_cp.3_0                             0x00001a54   Number         4  flexible_button.o(.text.flex_button_read)
    __arm_cp.3_1                             0x00001a58   Number         4  flexible_button.o(.text.flex_button_read)
    __arm_cp.3_2                             0x00001a5c   Number         4  flexible_button.o(.text.flex_button_read)
    __arm_cp.3_3                             0x00001a60   Number         4  flexible_button.o(.text.flex_button_read)
    [Anonymous Symbol]                       0x00001a64   Section        0  flexible_button.o(.text.flex_button_scan)
    [Anonymous Symbol]                       0x00001a70   Section        0  empty.o(.text.main)
    __arm_cp.0_0                             0x00001abc   Number         4  empty.o(.text.main)
    [Anonymous Symbol]                       0x00001ac0   Section        0  hw_encoder.o(.text.mdr_scan)
    __arm_cp.4_0                             0x00001b48   Number         4  hw_encoder.o(.text.mdr_scan)
    [Anonymous Symbol]                       0x00001b4c   Section        0  mid_ws2812.o(.text.rgb_SendArray)
    rgb_SetColor                             0x00001b55   Thumb Code   112  mid_ws2812.o(.text.rgb_SetColor)
    [Anonymous Symbol]                       0x00001b54   Section        0  mid_ws2812.o(.text.rgb_SetColor)
    __arm_cp.1_0                             0x00001bc4   Number         4  mid_ws2812.o(.text.rgb_SetColor)
    __arm_cp.1_1                             0x00001bc8   Number         4  mid_ws2812.o(.text.rgb_SetColor)
    [Anonymous Symbol]                       0x00001bcc   Section        0  mid_ws2812.o(.text.rgb_SetRGB)
    [Anonymous Symbol]                       0x00001c04   Section        0  mid_uart.o(.text.uart0_send_char)
    __arm_cp.0_0                             0x00001c2c   Number         4  mid_uart.o(.text.uart0_send_char)
    uart_limit_length                        0x00001c31   Thumb Code    40  mid_uart.o(.text.uart_limit_length)
    [Anonymous Symbol]                       0x00001c30   Section        0  mid_uart.o(.text.uart_limit_length)
    __arm_cp.12_0                            0x00001c58   Number         4  mid_uart.o(.text.uart_limit_length)
    ws2812_enable                            0x00001c5d   Thumb Code    52  mid_ws2812.o(.text.ws2812_enable)
    [Anonymous Symbol]                       0x00001c5c   Section        0  mid_ws2812.o(.text.ws2812_enable)
    __arm_cp.4_0                             0x00001c90   Number         4  mid_ws2812.o(.text.ws2812_enable)
    __arm_cp.4_1                             0x00001c94   Number         4  mid_ws2812.o(.text.ws2812_enable)
    __arm_cp.4_2                             0x00001c98   Number         4  mid_ws2812.o(.text.ws2812_enable)
    gDMA_WS2812Config                        0x00001c9c   Data          24  ti_msp_dl_config.o(.rodata.gDMA_WS2812Config)
    [Anonymous Symbol]                       0x00001c9c   Section        0  ti_msp_dl_config.o(.rodata.gDMA_WS2812Config)
    gPWM_MOTOR_1ClockConfig                  0x00001cb4   Data           3  ti_msp_dl_config.o(.rodata.gPWM_MOTOR_1ClockConfig)
    [Anonymous Symbol]                       0x00001cb4   Section        0  ti_msp_dl_config.o(.rodata.gPWM_MOTOR_1ClockConfig)
    gPWM_MOTOR_1Config                       0x00001cb8   Data           8  ti_msp_dl_config.o(.rodata.gPWM_MOTOR_1Config)
    [Anonymous Symbol]                       0x00001cb8   Section        0  ti_msp_dl_config.o(.rodata.gPWM_MOTOR_1Config)
    gPWM_MOTOR_2ClockConfig                  0x00001cc0   Data           3  ti_msp_dl_config.o(.rodata.gPWM_MOTOR_2ClockConfig)
    [Anonymous Symbol]                       0x00001cc0   Section        0  ti_msp_dl_config.o(.rodata.gPWM_MOTOR_2ClockConfig)
    gPWM_MOTOR_2Config                       0x00001cc4   Data           8  ti_msp_dl_config.o(.rodata.gPWM_MOTOR_2Config)
    [Anonymous Symbol]                       0x00001cc4   Section        0  ti_msp_dl_config.o(.rodata.gPWM_MOTOR_2Config)
    gPWM_TESTClockConfig                     0x00001ccc   Data           3  ti_msp_dl_config.o(.rodata.gPWM_TESTClockConfig)
    [Anonymous Symbol]                       0x00001ccc   Section        0  ti_msp_dl_config.o(.rodata.gPWM_TESTClockConfig)
    gPWM_TESTConfig                          0x00001cd0   Data           8  ti_msp_dl_config.o(.rodata.gPWM_TESTConfig)
    [Anonymous Symbol]                       0x00001cd0   Section        0  ti_msp_dl_config.o(.rodata.gPWM_TESTConfig)
    gPWM_WS2812ClockConfig                   0x00001cd8   Data           3  ti_msp_dl_config.o(.rodata.gPWM_WS2812ClockConfig)
    [Anonymous Symbol]                       0x00001cd8   Section        0  ti_msp_dl_config.o(.rodata.gPWM_WS2812ClockConfig)
    gPWM_WS2812Config                        0x00001cdc   Data           8  ti_msp_dl_config.o(.rodata.gPWM_WS2812Config)
    [Anonymous Symbol]                       0x00001cdc   Section        0  ti_msp_dl_config.o(.rodata.gPWM_WS2812Config)
    gSYSPLLConfig                            0x00001ce4   Data          40  ti_msp_dl_config.o(.rodata.gSYSPLLConfig)
    [Anonymous Symbol]                       0x00001ce4   Section        0  ti_msp_dl_config.o(.rodata.gSYSPLLConfig)
    gTIMER_SCANClockConfig                   0x00001d0c   Data           3  ti_msp_dl_config.o(.rodata.gTIMER_SCANClockConfig)
    [Anonymous Symbol]                       0x00001d0c   Section        0  ti_msp_dl_config.o(.rodata.gTIMER_SCANClockConfig)
    gTIMER_SCANTimerConfig                   0x00001d10   Data          20  ti_msp_dl_config.o(.rodata.gTIMER_SCANTimerConfig)
    [Anonymous Symbol]                       0x00001d10   Section        0  ti_msp_dl_config.o(.rodata.gTIMER_SCANTimerConfig)
    gUART_0ClockConfig                       0x00001d24   Data           2  ti_msp_dl_config.o(.rodata.gUART_0ClockConfig)
    [Anonymous Symbol]                       0x00001d24   Section        0  ti_msp_dl_config.o(.rodata.gUART_0ClockConfig)
    gUART_0Config                            0x00001d26   Data          10  ti_msp_dl_config.o(.rodata.gUART_0Config)
    [Anonymous Symbol]                       0x00001d26   Section        0  ti_msp_dl_config.o(.rodata.gUART_0Config)
    .bss                                     0x20200008   Section       96  libspace.o(.bss)
    btn_head                                 0x20200ba8   Data           4  flexible_button.o(.bss.btn_head)
    [Anonymous Symbol]                       0x20200ba8   Section        0  flexible_button.o(.bss.btn_head)
    button_cnt                               0x20200bac   Data           1  flexible_button.o(.bss.button_cnt)
    [Anonymous Symbol]                       0x20200bac   Section        0  flexible_button.o(.bss.button_cnt)
    Heap_Mem                                 0x20200ed0   Data        1024  startup_mspm0g350x_uvision.o(HEAP)
    HEAP                                     0x20200ed0   Section     1024  startup_mspm0g350x_uvision.o(HEAP)
    Stack_Mem                                0x202012d0   Data        1024  startup_mspm0g350x_uvision.o(STACK)
    STACK                                    0x202012d0   Section     1024  startup_mspm0g350x_uvision.o(STACK)
    __initial_sp                             0x202016d0   Data           0  startup_mspm0g350x_uvision.o(STACK)

    Global Symbols

    Symbol Name                              Value     Ov Type        Size  Object(Section)

    BuildAttributes$$THM_ISAv3M$S$PE$A:L22$X:L11$S22$IEEE1$IW$~IW$USESV6$~STKCKD$USESV7$~SHL$OTIME$ROPI$EBA8$UX$STANDARDLIB$REQ8$PRES8$EABIv2 0x00000000   Number         0  anon$$obj.o ABSOLUTE
    __Vectors                                0x00000000   Data           4  startup_mspm0g350x_uvision.o(RESET)
    __ARM_exceptions_init                     - Undefined Weak Reference
    __alloca_initialize                       - Undefined Weak Reference
    __arm_preinit_                            - Undefined Weak Reference
    __arm_relocate_pie_                       - Undefined Weak Reference
    __cpp_initialize__aeabi_                  - Undefined Weak Reference
    __cxa_finalize                            - Undefined Weak Reference
    __rt_locale                               - Undefined Weak Reference
    __sigvec_lookup                           - Undefined Weak Reference
    _atexit_init                              - Undefined Weak Reference
    _call_atexit_fns                          - Undefined Weak Reference
    _clock_init                               - Undefined Weak Reference
    _fp_trap_init                             - Undefined Weak Reference
    _fp_trap_shutdown                         - Undefined Weak Reference
    _get_lc_collate                           - Undefined Weak Reference
    _get_lc_ctype                             - Undefined Weak Reference
    _get_lc_monetary                          - Undefined Weak Reference
    _get_lc_numeric                           - Undefined Weak Reference
    _get_lc_time                              - Undefined Weak Reference
    _getenv_init                              - Undefined Weak Reference
    _handle_redirection                       - Undefined Weak Reference
    _init_alloc                               - Undefined Weak Reference
    _init_user_alloc                          - Undefined Weak Reference
    _initio                                   - Undefined Weak Reference
    _rand_init                                - Undefined Weak Reference
    _signal_finish                            - Undefined Weak Reference
    _signal_init                              - Undefined Weak Reference
    _terminate_alloc                          - Undefined Weak Reference
    _terminate_user_alloc                     - Undefined Weak Reference
    _terminateio                              - Undefined Weak Reference
    __Vectors_End                            0x000000c0   Data           0  startup_mspm0g350x_uvision.o(RESET)
    __Vectors_Size                           0x000000c0   Number         0  startup_mspm0g350x_uvision.o ABSOLUTE
    __main                                   0x000000c1   Thumb Code     8  __main.o(!!!main)
    __scatterload                            0x000000c9   Thumb Code     0  __scatter.o(!!!scatter)
    __scatterload_rt2                        0x000000c9   Thumb Code    74  __scatter.o(!!!scatter)
    __scatterload_rt2_thumb_only             0x000000c9   Thumb Code     0  __scatter.o(!!!scatter)
    __scatterload_loop                       0x000000d3   Thumb Code     0  __scatter.o(!!!scatter)
    __scatterload_copy                       0x00000121   Thumb Code    26  __scatter_copy.o(!!handler_copy)
    __scatterload_null                       0x00000141   Thumb Code     2  __scatter.o(!!handler_null)
    __scatterload_zeroinit                   0x00000149   Thumb Code    28  __scatter_zi.o(!!handler_zi)
    __rt_lib_init                            0x00000165   Thumb Code     0  libinit.o(.ARM.Collect$$libinit$$00000000)
    __rt_lib_init_alloca_1                   0x00000167   Thumb Code     0  libinit2.o(.ARM.Collect$$libinit$$00000030)
    __rt_lib_init_argv_1                     0x00000167   Thumb Code     0  libinit2.o(.ARM.Collect$$libinit$$0000002E)
    __rt_lib_init_atexit_1                   0x00000167   Thumb Code     0  libinit2.o(.ARM.Collect$$libinit$$0000001D)
    __rt_lib_init_clock_1                    0x00000167   Thumb Code     0  libinit2.o(.ARM.Collect$$libinit$$00000023)
    __rt_lib_init_cpp_1                      0x00000167   Thumb Code     0  libinit2.o(.ARM.Collect$$libinit$$00000034)
    __rt_lib_init_exceptions_1               0x00000167   Thumb Code     0  libinit2.o(.ARM.Collect$$libinit$$00000032)
    __rt_lib_init_fp_1                       0x00000167   Thumb Code     0  libinit2.o(.ARM.Collect$$libinit$$00000002)
    __rt_lib_init_fp_trap_1                  0x00000167   Thumb Code     0  libinit2.o(.ARM.Collect$$libinit$$00000021)
    __rt_lib_init_getenv_1                   0x00000167   Thumb Code     0  libinit2.o(.ARM.Collect$$libinit$$00000025)
    __rt_lib_init_heap_1                     0x00000167   Thumb Code     0  libinit2.o(.ARM.Collect$$libinit$$0000000C)
    __rt_lib_init_lc_collate_1               0x00000167   Thumb Code     0  libinit2.o(.ARM.Collect$$libinit$$00000013)
    __rt_lib_init_lc_ctype_1                 0x00000167   Thumb Code     0  libinit2.o(.ARM.Collect$$libinit$$00000015)
    __rt_lib_init_lc_monetary_1              0x00000167   Thumb Code     0  libinit2.o(.ARM.Collect$$libinit$$00000017)
    __rt_lib_init_lc_numeric_1               0x00000167   Thumb Code     0  libinit2.o(.ARM.Collect$$libinit$$00000019)
    __rt_lib_init_lc_time_1                  0x00000167   Thumb Code     0  libinit2.o(.ARM.Collect$$libinit$$0000001B)
    __rt_lib_init_preinit_1                  0x00000167   Thumb Code     0  libinit2.o(.ARM.Collect$$libinit$$00000006)
    __rt_lib_init_rand_1                     0x00000167   Thumb Code     0  libinit2.o(.ARM.Collect$$libinit$$00000010)
    __rt_lib_init_relocate_pie_1             0x00000167   Thumb Code     0  libinit2.o(.ARM.Collect$$libinit$$00000004)
    __rt_lib_init_return                     0x00000167   Thumb Code     0  libinit2.o(.ARM.Collect$$libinit$$00000035)
    __rt_lib_init_signal_1                   0x00000167   Thumb Code     0  libinit2.o(.ARM.Collect$$libinit$$0000001F)
    __rt_lib_init_stdio_1                    0x00000167   Thumb Code     0  libinit2.o(.ARM.Collect$$libinit$$00000027)
    __rt_lib_init_user_alloc_1               0x00000167   Thumb Code     0  libinit2.o(.ARM.Collect$$libinit$$0000000E)
    __rt_lib_shutdown                        0x00000169   Thumb Code     0  libshutdown.o(.ARM.Collect$$libshutdown$$00000000)
    __rt_lib_shutdown_cpp_1                  0x0000016b   Thumb Code     0  libshutdown2.o(.ARM.Collect$$libshutdown$$00000002)
    __rt_lib_shutdown_fp_trap_1              0x0000016b   Thumb Code     0  libshutdown2.o(.ARM.Collect$$libshutdown$$00000007)
    __rt_lib_shutdown_heap_1                 0x0000016b   Thumb Code     0  libshutdown2.o(.ARM.Collect$$libshutdown$$0000000F)
    __rt_lib_shutdown_return                 0x0000016b   Thumb Code     0  libshutdown2.o(.ARM.Collect$$libshutdown$$00000010)
    __rt_lib_shutdown_signal_1               0x0000016b   Thumb Code     0  libshutdown2.o(.ARM.Collect$$libshutdown$$0000000A)
    __rt_lib_shutdown_stdio_1                0x0000016b   Thumb Code     0  libshutdown2.o(.ARM.Collect$$libshutdown$$00000004)
    __rt_lib_shutdown_user_alloc_1           0x0000016b   Thumb Code     0  libshutdown2.o(.ARM.Collect$$libshutdown$$0000000C)
    __rt_entry                               0x0000016d   Thumb Code     0  __rtentry.o(.ARM.Collect$$rtentry$$00000000)
    __rt_entry_presh_1                       0x0000016d   Thumb Code     0  __rtentry2.o(.ARM.Collect$$rtentry$$00000002)
    __rt_entry_sh                            0x0000016d   Thumb Code     0  __rtentry4.o(.ARM.Collect$$rtentry$$00000004)
    __rt_entry_li                            0x00000173   Thumb Code     0  __rtentry2.o(.ARM.Collect$$rtentry$$0000000A)
    __rt_entry_postsh_1                      0x00000173   Thumb Code     0  __rtentry2.o(.ARM.Collect$$rtentry$$00000009)
    __rt_entry_main                          0x00000177   Thumb Code     0  __rtentry2.o(.ARM.Collect$$rtentry$$0000000D)
    __rt_entry_postli_1                      0x00000177   Thumb Code     0  __rtentry2.o(.ARM.Collect$$rtentry$$0000000C)
    __rt_exit                                0x0000017f   Thumb Code     0  rtexit.o(.ARM.Collect$$rtexit$$00000000)
    __rt_exit_ls                             0x00000181   Thumb Code     0  rtexit2.o(.ARM.Collect$$rtexit$$00000003)
    __rt_exit_prels_1                        0x00000181   Thumb Code     0  rtexit2.o(.ARM.Collect$$rtexit$$00000002)
    __rt_exit_exit                           0x00000185   Thumb Code     0  rtexit2.o(.ARM.Collect$$rtexit$$00000004)
    Reset_Handler                            0x0000018d   Thumb Code     4  startup_mspm0g350x_uvision.o(.text)
    NMI_Handler                              0x00000191   Thumb Code     2  startup_mspm0g350x_uvision.o(.text)
    HardFault_Handler                        0x00000193   Thumb Code     2  startup_mspm0g350x_uvision.o(.text)
    SVC_Handler                              0x00000195   Thumb Code     2  startup_mspm0g350x_uvision.o(.text)
    PendSV_Handler                           0x00000197   Thumb Code     2  startup_mspm0g350x_uvision.o(.text)
    ADC0_IRQHandler                          0x0000019b   Thumb Code     0  startup_mspm0g350x_uvision.o(.text)
    ADC1_IRQHandler                          0x0000019b   Thumb Code     0  startup_mspm0g350x_uvision.o(.text)
    AES_IRQHandler                           0x0000019b   Thumb Code     0  startup_mspm0g350x_uvision.o(.text)
    CANFD0_IRQHandler                        0x0000019b   Thumb Code     0  startup_mspm0g350x_uvision.o(.text)
    DAC0_IRQHandler                          0x0000019b   Thumb Code     0  startup_mspm0g350x_uvision.o(.text)
    Default_Handler                          0x0000019b   Thumb Code     2  startup_mspm0g350x_uvision.o(.text)
    GROUP0_IRQHandler                        0x0000019b   Thumb Code     0  startup_mspm0g350x_uvision.o(.text)
    I2C0_IRQHandler                          0x0000019b   Thumb Code     0  startup_mspm0g350x_uvision.o(.text)
    I2C1_IRQHandler                          0x0000019b   Thumb Code     0  startup_mspm0g350x_uvision.o(.text)
    RTC_IRQHandler                           0x0000019b   Thumb Code     0  startup_mspm0g350x_uvision.o(.text)
    SPI0_IRQHandler                          0x0000019b   Thumb Code     0  startup_mspm0g350x_uvision.o(.text)
    SPI1_IRQHandler                          0x0000019b   Thumb Code     0  startup_mspm0g350x_uvision.o(.text)
    TIMG0_IRQHandler                         0x0000019b   Thumb Code     0  startup_mspm0g350x_uvision.o(.text)
    TIMG12_IRQHandler                        0x0000019b   Thumb Code     0  startup_mspm0g350x_uvision.o(.text)
    TIMG6_IRQHandler                         0x0000019b   Thumb Code     0  startup_mspm0g350x_uvision.o(.text)
    TIMG7_IRQHandler                         0x0000019b   Thumb Code     0  startup_mspm0g350x_uvision.o(.text)
    TIMG8_IRQHandler                         0x0000019b   Thumb Code     0  startup_mspm0g350x_uvision.o(.text)
    UART1_IRQHandler                         0x0000019b   Thumb Code     0  startup_mspm0g350x_uvision.o(.text)
    UART2_IRQHandler                         0x0000019b   Thumb Code     0  startup_mspm0g350x_uvision.o(.text)
    UART3_IRQHandler                         0x0000019b   Thumb Code     0  startup_mspm0g350x_uvision.o(.text)
    __user_initial_stackheap                 0x0000019d   Thumb Code    10  startup_mspm0g350x_uvision.o(.text)
    __use_two_region_memory                  0x000001bd   Thumb Code     2  heapauxi.o(.text)
    __rt_heap_escrow$2region                 0x000001bf   Thumb Code     2  heapauxi.o(.text)
    __rt_heap_expand$2region                 0x000001c1   Thumb Code     2  heapauxi.o(.text)
    __user_setup_stackheap                   0x000001c3   Thumb Code    62  sys_stackheap_outer.o(.text)
    exit                                     0x00000201   Thumb Code    16  exit.o(.text)
    __user_libspace                          0x00000211   Thumb Code     8  libspace.o(.text)
    __user_perproc_libspace                  0x00000211   Thumb Code     0  libspace.o(.text)
    __user_perthread_libspace                0x00000211   Thumb Code     0  libspace.o(.text)
    _sys_exit                                0x00000219   Thumb Code     8  sys_exit.o(.text)
    __I$use$semihosting                      0x00000225   Thumb Code     0  use_no_semi.o(.text)
    __use_no_semihosting_swi                 0x00000225   Thumb Code     2  use_no_semi.o(.text)
    DL_Common_delayCycles                    0x00000227   Thumb Code    10  dl_common.o(.text.DL_Common_delayCycles)
    __semihosting_library_function           0x00000227   Thumb Code     0  indicate_semi.o(.text)
    DL_DMA_initChannel                       0x000002ad   Thumb Code    68  dl_dma.o(.text.DL_DMA_initChannel)
    DL_SYSCTL_configSYSPLL                   0x00000591   Thumb Code   192  dl_sysctl_mspm0g1x0x_g3x0x.o(.text.DL_SYSCTL_configSYSPLL)
    DL_SYSCTL_setHFCLKSourceHFXTParams       0x000006b5   Thumb Code    80  dl_sysctl_mspm0g1x0x_g3x0x.o(.text.DL_SYSCTL_setHFCLKSourceHFXTParams)
    DL_SYSCTL_switchMCLKfromSYSOSCtoHSCLK    0x00000739   Thumb Code    40  dl_sysctl_mspm0g1x0x_g3x0x.o(.text.DL_SYSCTL_switchMCLKfromSYSOSCtoHSCLK)
    DL_TimerA_initPWMMode                    0x00000761   Thumb Code   112  dl_timer.o(.text.DL_TimerA_initPWMMode)
    DL_Timer_initPWMMode                     0x00000845   Thumb Code   192  dl_timer.o(.text.DL_Timer_initPWMMode)
    DL_Timer_initTimerMode                   0x00000905   Thumb Code   240  dl_timer.o(.text.DL_Timer_initTimerMode)
    DL_Timer_setCaptCompUpdateMethod         0x00000a19   Thumb Code    28  dl_timer.o(.text.DL_Timer_setCaptCompUpdateMethod)
    DL_Timer_setCaptureCompareOutCtl         0x00000a35   Thumb Code    24  dl_timer.o(.text.DL_Timer_setCaptureCompareOutCtl)
    DL_Timer_setCaptureCompareValue          0x00000a4d   Thumb Code    16  dl_timer.o(.text.DL_Timer_setCaptureCompareValue)
    DL_Timer_setClockConfig                  0x00000a5d   Thumb Code    28  dl_timer.o(.text.DL_Timer_setClockConfig)
    DL_UART_init                             0x00000ad9   Thumb Code    72  dl_uart.o(.text.DL_UART_init)
    DL_UART_setClockConfig                   0x00000bb1   Thumb Code    18  dl_uart.o(.text.DL_UART_setClockConfig)
    DMA_IRQHandler                           0x00000bf9   Thumb Code    16  hw_dma.o(.text.DMA_IRQHandler)
    GROUP1_IRQHandler                        0x00000c0d   Thumb Code   164  hw_gpio_it.o(.text.GROUP1_IRQHandler)
    SYSCFG_DL_DMA_WS2812_init                0x00000cb5   Thumb Code    52  ti_msp_dl_config.o(.text.SYSCFG_DL_DMA_WS2812_init)
    SYSCFG_DL_DMA_init                       0x00000cf1   Thumb Code     8  ti_msp_dl_config.o(.text.SYSCFG_DL_DMA_init)
    SYSCFG_DL_GPIO_init                      0x00000cf9   Thumb Code   356  ti_msp_dl_config.o(.text.SYSCFG_DL_GPIO_init)
    SYSCFG_DL_PWM_MOTOR_1_init               0x00000e69   Thumb Code    84  ti_msp_dl_config.o(.text.SYSCFG_DL_PWM_MOTOR_1_init)
    SYSCFG_DL_PWM_MOTOR_2_init               0x00000ec5   Thumb Code    84  ti_msp_dl_config.o(.text.SYSCFG_DL_PWM_MOTOR_2_init)
    SYSCFG_DL_PWM_TEST_init                  0x00000f21   Thumb Code    84  ti_msp_dl_config.o(.text.SYSCFG_DL_PWM_TEST_init)
    SYSCFG_DL_PWM_WS2812_init                0x00000f7d   Thumb Code    92  ti_msp_dl_config.o(.text.SYSCFG_DL_PWM_WS2812_init)
    SYSCFG_DL_SYSCTL_init                    0x00000fe1   Thumb Code    84  ti_msp_dl_config.o(.text.SYSCFG_DL_SYSCTL_init)
    SYSCFG_DL_SYSTICK_init                   0x00001039   Thumb Code    12  ti_msp_dl_config.o(.text.SYSCFG_DL_SYSTICK_init)
    SYSCFG_DL_TIMER_SCAN_init                0x00001045   Thumb Code    40  ti_msp_dl_config.o(.text.SYSCFG_DL_TIMER_SCAN_init)
    SYSCFG_DL_UART_0_init                    0x00001075   Thumb Code    60  ti_msp_dl_config.o(.text.SYSCFG_DL_UART_0_init)
    SYSCFG_DL_init                           0x000010b9   Thumb Code    72  ti_msp_dl_config.o(.text.SYSCFG_DL_init)
    SYSCFG_DL_initPower                      0x00001111   Thumb Code   128  ti_msp_dl_config.o(.text.SYSCFG_DL_initPower)
    SysTick_Handler                          0x000011f5   Thumb Code    24  hw_systick.o(.text.SysTick_Handler)
    TIMA0_IRQHandler                         0x0000120d   Thumb Code    64  hw_timer.o(.text.TIMA0_IRQHandler)
    TIMA1_IRQHandler                         0x00001255   Thumb Code    52  mid_ws2812.o(.text.TIMA1_IRQHandler)
    UART0_IRQHandler                         0x00001291   Thumb Code    88  mid_uart.o(.text.UART0_IRQHandler)
    delay_ms                                 0x0000141d   Thumb Code    52  hw_systick.o(.text.delay_ms)
    dma_init                                 0x00001455   Thumb Code    60  hw_dma.o(.text.dma_init)
    encoder_num_update                       0x0000149d   Thumb Code   284  mid_encoder.o(.text.encoder_num_update)
    encoder_update                           0x00001625   Thumb Code    24  hw_encoder.o(.text.encoder_update)
    flex_button_scan                         0x00001a65   Thumb Code    12  flexible_button.o(.text.flex_button_scan)
    main                                     0x00001a71   Thumb Code    76  empty.o(.text.main)
    mdr_scan                                 0x00001ac1   Thumb Code   136  hw_encoder.o(.text.mdr_scan)
    rgb_SendArray                            0x00001b4d   Thumb Code     8  mid_ws2812.o(.text.rgb_SendArray)
    rgb_SetRGB                               0x00001bcd   Thumb Code    54  mid_ws2812.o(.text.rgb_SetRGB)
    uart0_send_char                          0x00001c05   Thumb Code    40  mid_uart.o(.text.uart0_send_char)
    Region$$Table$$Base                      0x00001d30   Number         0  anon$$obj.o(Region$$Table)
    Region$$Table$$Limit                     0x00001d50   Number         0  anon$$obj.o(Region$$Table)
    ledsCount                                0x20200000   Data           4  mid_ws2812.o(.data.ledsCount)
    pid_mode                                 0x20200004   Data           1  mid_pid.o(.data.pid_mode)
    __libspace_start                         0x20200008   Data          96  libspace.o(.bss)
    TimerCCValueArray                        0x20200068   Data        2880  mid_ws2812.o(.bss.TimerCCValueArray)
    __temporary_stack_top$libspace           0x20200068   Data           0  libspace.o(.bss)
    delay_times                              0x20200bb0   Data           4  hw_systick.o(.bss.delay_times)
    encoder_10                               0x20200bb4   Data           1  hw_encoder.o(.bss.encoder_10)
    encoder_num                              0x20200bb8   Data           8  mid_encoder.o(.bss.encoder_num)
    encoder_old_num                          0x20200bc0   Data           1  mid_encoder.o(.bss.encoder_old_num)
    gChannel0InterruptTaken                  0x20200bc1   Data           1  hw_dma.o(.bss.gChannel0InterruptTaken)
    gPWM_MOTOR_1Backup                       0x20200bc4   Data         120  ti_msp_dl_config.o(.bss.gPWM_MOTOR_1Backup)
    gPWM_TESTBackup                          0x20200c3c   Data         120  ti_msp_dl_config.o(.bss.gPWM_TESTBackup)
    gPWM_WS2812Backup                        0x20200cb4   Data         188  ti_msp_dl_config.o(.bss.gPWM_WS2812Backup)
    gTIMER_SCANBackup                        0x20200d70   Data         188  ti_msp_dl_config.o(.bss.gTIMER_SCANBackup)
    g_btn_status_reg                         0x20200e2c   Data           4  flexible_button.o(.bss.g_btn_status_reg)
    g_logic_level                            0x20200e30   Data           4  flexible_button.o(.bss.g_logic_level)
    motor_encoder                            0x20200e38   Data          16  hw_encoder.o(.bss.motor_encoder)
    uart_data                                0x20200e48   Data         132  mid_uart.o(.bss.uart_data)



==============================================================================

Memory Map of the image

  Image Entry point : 0x000000c1

  Load Region LR_IROM1 (Base: 0x00000000, Size: 0x00001d58, Max: 0x00020000, ABSOLUTE)

    Execution Region ER_IROM1 (Exec base: 0x00000000, Load base: 0x00000000, Size: 0x00001d50, Max: 0x00020000, ABSOLUTE)

    Exec Addr    Load Addr    Size         Type   Attr      Idx    E Section Name        Object

    0x00000000   0x00000000   0x000000c0   Data   RO           12    RESET               startup_mspm0g350x_uvision.o
    0x000000c0   0x000000c0   0x00000008   Code   RO          716  * !!!main             c_p.l(__main.o)
    0x000000c8   0x000000c8   0x00000054   Code   RO          948    !!!scatter          c_p.l(__scatter.o)
    0x0000011c   0x0000011c   0x00000004   PAD
    0x00000120   0x00000120   0x0000001a   Code   RO          952    !!handler_copy      c_p.l(__scatter_copy.o)
    0x0000013a   0x0000013a   0x00000006   PAD
    0x00000140   0x00000140   0x00000002   Code   RO          949    !!handler_null      c_p.l(__scatter.o)
    0x00000142   0x00000142   0x00000006   PAD
    0x00000148   0x00000148   0x0000001c   Code   RO          954    !!handler_zi        c_p.l(__scatter_zi.o)
    0x00000164   0x00000164   0x00000002   Code   RO          803    .ARM.Collect$$libinit$$00000000  c_p.l(libinit.o)
    0x00000166   0x00000166   0x00000000   Code   RO          821    .ARM.Collect$$libinit$$00000002  c_p.l(libinit2.o)
    0x00000166   0x00000166   0x00000000   Code   RO          823    .ARM.Collect$$libinit$$00000004  c_p.l(libinit2.o)
    0x00000166   0x00000166   0x00000000   Code   RO          825    .ARM.Collect$$libinit$$00000006  c_p.l(libinit2.o)
    0x00000166   0x00000166   0x00000000   Code   RO          828    .ARM.Collect$$libinit$$0000000C  c_p.l(libinit2.o)
    0x00000166   0x00000166   0x00000000   Code   RO          830    .ARM.Collect$$libinit$$0000000E  c_p.l(libinit2.o)
    0x00000166   0x00000166   0x00000000   Code   RO          832    .ARM.Collect$$libinit$$00000010  c_p.l(libinit2.o)
    0x00000166   0x00000166   0x00000000   Code   RO          835    .ARM.Collect$$libinit$$00000013  c_p.l(libinit2.o)
    0x00000166   0x00000166   0x00000000   Code   RO          837    .ARM.Collect$$libinit$$00000015  c_p.l(libinit2.o)
    0x00000166   0x00000166   0x00000000   Code   RO          839    .ARM.Collect$$libinit$$00000017  c_p.l(libinit2.o)
    0x00000166   0x00000166   0x00000000   Code   RO          841    .ARM.Collect$$libinit$$00000019  c_p.l(libinit2.o)
    0x00000166   0x00000166   0x00000000   Code   RO          843    .ARM.Collect$$libinit$$0000001B  c_p.l(libinit2.o)
    0x00000166   0x00000166   0x00000000   Code   RO          845    .ARM.Collect$$libinit$$0000001D  c_p.l(libinit2.o)
    0x00000166   0x00000166   0x00000000   Code   RO          847    .ARM.Collect$$libinit$$0000001F  c_p.l(libinit2.o)
    0x00000166   0x00000166   0x00000000   Code   RO          849    .ARM.Collect$$libinit$$00000021  c_p.l(libinit2.o)
    0x00000166   0x00000166   0x00000000   Code   RO          851    .ARM.Collect$$libinit$$00000023  c_p.l(libinit2.o)
    0x00000166   0x00000166   0x00000000   Code   RO          853    .ARM.Collect$$libinit$$00000025  c_p.l(libinit2.o)
    0x00000166   0x00000166   0x00000000   Code   RO          855    .ARM.Collect$$libinit$$00000027  c_p.l(libinit2.o)
    0x00000166   0x00000166   0x00000000   Code   RO          859    .ARM.Collect$$libinit$$0000002E  c_p.l(libinit2.o)
    0x00000166   0x00000166   0x00000000   Code   RO          861    .ARM.Collect$$libinit$$00000030  c_p.l(libinit2.o)
    0x00000166   0x00000166   0x00000000   Code   RO          863    .ARM.Collect$$libinit$$00000032  c_p.l(libinit2.o)
    0x00000166   0x00000166   0x00000000   Code   RO          865    .ARM.Collect$$libinit$$00000034  c_p.l(libinit2.o)
    0x00000166   0x00000166   0x00000002   Code   RO          866    .ARM.Collect$$libinit$$00000035  c_p.l(libinit2.o)
    0x00000168   0x00000168   0x00000002   Code   RO          903    .ARM.Collect$$libshutdown$$00000000  c_p.l(libshutdown.o)
    0x0000016a   0x0000016a   0x00000000   Code   RO          931    .ARM.Collect$$libshutdown$$00000002  c_p.l(libshutdown2.o)
    0x0000016a   0x0000016a   0x00000000   Code   RO          933    .ARM.Collect$$libshutdown$$00000004  c_p.l(libshutdown2.o)
    0x0000016a   0x0000016a   0x00000000   Code   RO          936    .ARM.Collect$$libshutdown$$00000007  c_p.l(libshutdown2.o)
    0x0000016a   0x0000016a   0x00000000   Code   RO          939    .ARM.Collect$$libshutdown$$0000000A  c_p.l(libshutdown2.o)
    0x0000016a   0x0000016a   0x00000000   Code   RO          941    .ARM.Collect$$libshutdown$$0000000C  c_p.l(libshutdown2.o)
    0x0000016a   0x0000016a   0x00000000   Code   RO          944    .ARM.Collect$$libshutdown$$0000000F  c_p.l(libshutdown2.o)
    0x0000016a   0x0000016a   0x00000002   Code   RO          945    .ARM.Collect$$libshutdown$$00000010  c_p.l(libshutdown2.o)
    0x0000016c   0x0000016c   0x00000000   Code   RO          758    .ARM.Collect$$rtentry$$00000000  c_p.l(__rtentry.o)
    0x0000016c   0x0000016c   0x00000000   Code   RO          771    .ARM.Collect$$rtentry$$00000002  c_p.l(__rtentry2.o)
    0x0000016c   0x0000016c   0x00000006   Code   RO          783    .ARM.Collect$$rtentry$$00000004  c_p.l(__rtentry4.o)
    0x00000172   0x00000172   0x00000000   Code   RO          773    .ARM.Collect$$rtentry$$00000009  c_p.l(__rtentry2.o)
    0x00000172   0x00000172   0x00000004   Code   RO          774    .ARM.Collect$$rtentry$$0000000A  c_p.l(__rtentry2.o)
    0x00000176   0x00000176   0x00000000   Code   RO          776    .ARM.Collect$$rtentry$$0000000C  c_p.l(__rtentry2.o)
    0x00000176   0x00000176   0x00000008   Code   RO          777    .ARM.Collect$$rtentry$$0000000D  c_p.l(__rtentry2.o)
    0x0000017e   0x0000017e   0x00000002   Code   RO          812    .ARM.Collect$$rtexit$$00000000  c_p.l(rtexit.o)
    0x00000180   0x00000180   0x00000000   Code   RO          874    .ARM.Collect$$rtexit$$00000002  c_p.l(rtexit2.o)
    0x00000180   0x00000180   0x00000004   Code   RO          875    .ARM.Collect$$rtexit$$00000003  c_p.l(rtexit2.o)
    0x00000184   0x00000184   0x00000006   Code   RO          876    .ARM.Collect$$rtexit$$00000004  c_p.l(rtexit2.o)
    0x0000018a   0x0000018a   0x00000002   PAD
    0x0000018c   0x0000018c   0x00000030   Code   RO           13    .text               startup_mspm0g350x_uvision.o
    0x000001bc   0x000001bc   0x00000006   Code   RO          714    .text               c_p.l(heapauxi.o)
    0x000001c2   0x000001c2   0x0000003e   Code   RO          789    .text               c_p.l(sys_stackheap_outer.o)
    0x00000200   0x00000200   0x00000010   Code   RO          792    .text               c_p.l(exit.o)
    0x00000210   0x00000210   0x00000008   Code   RO          808    .text               c_p.l(libspace.o)
    0x00000218   0x00000218   0x0000000c   Code   RO          869    .text               c_p.l(sys_exit.o)
    0x00000224   0x00000224   0x00000002   Code   RO          892    .text               c_p.l(use_no_semi.o)
    0x00000226   0x00000226   0x00000000   Code   RO          894    .text               c_p.l(indicate_semi.o)
    0x00000226   0x00000226   0x0000000a   Code   RO          525    .text.DL_Common_delayCycles  driverlib.a(dl_common.o)
    0x00000230   0x00000230   0x00000028   Code   RO          126    .text.DL_Common_updateReg  ti_msp_dl_config.o
    0x00000258   0x00000258   0x00000014   Code   RO          118    .text.DL_DMA_clearInterruptStatus  ti_msp_dl_config.o
    0x0000026c   0x0000026c   0x00000026   Code   RO          266    .text.DL_DMA_enableChannel  hw_dma.o
    0x00000292   0x00000292   0x00000002   PAD
    0x00000294   0x00000294   0x00000018   Code   RO          120    .text.DL_DMA_enableInterrupt  ti_msp_dl_config.o
    0x000002ac   0x000002ac   0x00000044   Code   RO          534    .text.DL_DMA_initChannel  driverlib.a(dl_dma.o)
    0x000002f0   0x000002f0   0x00000028   Code   RO          262    .text.DL_DMA_setDestAddr  hw_dma.o
    0x00000318   0x00000318   0x00000028   Code   RO          260    .text.DL_DMA_setSrcAddr  hw_dma.o
    0x00000340   0x00000340   0x0000002e   Code   RO          122    .text.DL_DMA_setSrcIncrement  ti_msp_dl_config.o
    0x0000036e   0x0000036e   0x00000002   PAD
    0x00000370   0x00000370   0x00000030   Code   RO          264    .text.DL_DMA_setTransferSize  hw_dma.o
    0x000003a0   0x000003a0   0x00000026   Code   RO          455    .text.DL_DMA_startTransfer  mid_ws2812.o
    0x000003c6   0x000003c6   0x00000002   PAD
    0x000003c8   0x000003c8   0x00000018   Code   RO           80    .text.DL_GPIO_clearInterruptStatus  ti_msp_dl_config.o
    0x000003e0   0x000003e0   0x0000001c   Code   RO          230    .text.DL_GPIO_clearInterruptStatus  hw_gpio_it.o
    0x000003fc   0x000003fc   0x00000014   Code   RO           74    .text.DL_GPIO_clearPins  ti_msp_dl_config.o
    0x00000410   0x00000410   0x0000001c   Code   RO           82    .text.DL_GPIO_enableInterrupt  ti_msp_dl_config.o
    0x0000042c   0x0000042c   0x00000018   Code   RO           64    .text.DL_GPIO_enableOutput  ti_msp_dl_config.o
    0x00000444   0x00000444   0x00000018   Code   RO           54    .text.DL_GPIO_enablePower  ti_msp_dl_config.o
    0x0000045c   0x0000045c   0x00000018   Code   RO          226    .text.DL_GPIO_getEnabledInterruptStatus  hw_gpio_it.o
    0x00000474   0x00000474   0x00000014   Code   RO           70    .text.DL_GPIO_initDigitalInput  ti_msp_dl_config.o
    0x00000488   0x00000488   0x00000030   Code   RO           68    .text.DL_GPIO_initDigitalInputFeatures  ti_msp_dl_config.o
    0x000004b8   0x000004b8   0x00000014   Code   RO           72    .text.DL_GPIO_initDigitalOutput  ti_msp_dl_config.o
    0x000004cc   0x000004cc   0x00000014   Code   RO           60    .text.DL_GPIO_initPeripheralAnalogFunction  ti_msp_dl_config.o
    0x000004e0   0x000004e0   0x0000001c   Code   RO           66    .text.DL_GPIO_initPeripheralInputFunction  ti_msp_dl_config.o
    0x000004fc   0x000004fc   0x0000001c   Code   RO           62    .text.DL_GPIO_initPeripheralOutputFunction  ti_msp_dl_config.o
    0x00000518   0x00000518   0x00000016   Code   RO          177    .text.DL_GPIO_readPins  hw_encoder.o
    0x0000052e   0x0000052e   0x00000016   Code   RO          228    .text.DL_GPIO_readPins  hw_gpio_it.o
    0x00000544   0x00000544   0x00000018   Code   RO           48    .text.DL_GPIO_reset  ti_msp_dl_config.o
    0x0000055c   0x0000055c   0x0000001c   Code   RO           76    .text.DL_GPIO_setLowerPinsPolarity  ti_msp_dl_config.o
    0x00000578   0x00000578   0x00000018   Code   RO           78    .text.DL_GPIO_setUpperPinsPolarity  ti_msp_dl_config.o
    0x00000590   0x00000590   0x000000c0   Code   RO          667    .text.DL_SYSCTL_configSYSPLL  driverlib.a(dl_sysctl_mspm0g1x0x_g3x0x.o)
    0x00000650   0x00000650   0x0000000c   Code   RO           90    .text.DL_SYSCTL_disableHFXT  ti_msp_dl_config.o
    0x0000065c   0x0000065c   0x00000014   Code   RO           92    .text.DL_SYSCTL_disableSYSPLL  ti_msp_dl_config.o
    0x00000670   0x00000670   0x00000010   Code   RO           96    .text.DL_SYSCTL_enableMFCLK  ti_msp_dl_config.o
    0x00000680   0x00000680   0x00000018   Code   RO           84    .text.DL_SYSCTL_setBORThreshold  ti_msp_dl_config.o
    0x00000698   0x00000698   0x0000001c   Code   RO           86    .text.DL_SYSCTL_setFlashWaitState  ti_msp_dl_config.o
    0x000006b4   0x000006b4   0x00000050   Code   RO          681    .text.DL_SYSCTL_setHFCLKSourceHFXTParams  driverlib.a(dl_sysctl_mspm0g1x0x_g3x0x.o)
    0x00000704   0x00000704   0x0000001c   Code   RO           88    .text.DL_SYSCTL_setSYSOSCFreq  ti_msp_dl_config.o
    0x00000720   0x00000720   0x00000018   Code   RO           94    .text.DL_SYSCTL_setULPCLKDivider  ti_msp_dl_config.o
    0x00000738   0x00000738   0x00000028   Code   RO          675    .text.DL_SYSCTL_switchMCLKfromSYSOSCtoHSCLK  driverlib.a(dl_sysctl_mspm0g1x0x_g3x0x.o)
    0x00000760   0x00000760   0x00000070   Code   RO          606    .text.DL_TimerA_initPWMMode  driverlib.a(dl_timer.o)
    0x000007d0   0x000007d0   0x00000010   Code   RO          100    .text.DL_Timer_enableClock  ti_msp_dl_config.o
    0x000007e0   0x000007e0   0x00000018   Code   RO          104    .text.DL_Timer_enableInterrupt  ti_msp_dl_config.o
    0x000007f8   0x000007f8   0x00000014   Code   RO           56    .text.DL_Timer_enablePower  ti_msp_dl_config.o
    0x0000080c   0x0000080c   0x00000014   Code   RO          106    .text.DL_Timer_enableShadowFeatures  ti_msp_dl_config.o
    0x00000820   0x00000820   0x00000012   Code   RO          247    .text.DL_Timer_getPendingInterrupt  hw_timer.o
    0x00000832   0x00000832   0x00000012   Code   RO          453    .text.DL_Timer_getPendingInterrupt  mid_ws2812.o
    0x00000844   0x00000844   0x000000c0   Code   RO          566    .text.DL_Timer_initPWMMode  driverlib.a(dl_timer.o)
    0x00000904   0x00000904   0x000000f0   Code   RO          548    .text.DL_Timer_initTimerMode  driverlib.a(dl_timer.o)
    0x000009f4   0x000009f4   0x00000010   Code   RO           50    .text.DL_Timer_reset  ti_msp_dl_config.o
    0x00000a04   0x00000a04   0x00000014   Code   RO          102    .text.DL_Timer_setCCPDirection  ti_msp_dl_config.o
    0x00000a18   0x00000a18   0x0000001c   Code   RO          580    .text.DL_Timer_setCaptCompUpdateMethod  driverlib.a(dl_timer.o)
    0x00000a34   0x00000a34   0x00000018   Code   RO          570    .text.DL_Timer_setCaptureCompareOutCtl  driverlib.a(dl_timer.o)
    0x00000a4c   0x00000a4c   0x00000010   Code   RO          550    .text.DL_Timer_setCaptureCompareValue  driverlib.a(dl_timer.o)
    0x00000a5c   0x00000a5c   0x0000001c   Code   RO          544    .text.DL_Timer_setClockConfig  driverlib.a(dl_timer.o)
    0x00000a78   0x00000a78   0x00000016   Code   RO          114    .text.DL_UART_enable  ti_msp_dl_config.o
    0x00000a8e   0x00000a8e   0x00000002   PAD
    0x00000a90   0x00000a90   0x0000001c   Code   RO          112    .text.DL_UART_enableInterrupt  ti_msp_dl_config.o
    0x00000aac   0x00000aac   0x00000018   Code   RO           58    .text.DL_UART_enablePower  ti_msp_dl_config.o
    0x00000ac4   0x00000ac4   0x00000012   Code   RO          339    .text.DL_UART_getPendingInterrupt  mid_uart.o
    0x00000ad6   0x00000ad6   0x00000002   PAD
    0x00000ad8   0x00000ad8   0x00000048   Code   RO          627    .text.DL_UART_init  driverlib.a(dl_uart.o)
    0x00000b20   0x00000b20   0x00000018   Code   RO          321    .text.DL_UART_isBusy  mid_uart.o
    0x00000b38   0x00000b38   0x00000014   Code   RO          341    .text.DL_UART_receiveData  mid_uart.o
    0x00000b4c   0x00000b4c   0x00000018   Code   RO           52    .text.DL_UART_reset  ti_msp_dl_config.o
    0x00000b64   0x00000b64   0x0000004c   Code   RO          110    .text.DL_UART_setBaudRateDivisor  ti_msp_dl_config.o
    0x00000bb0   0x00000bb0   0x00000012   Code   RO          629    .text.DL_UART_setClockConfig  driverlib.a(dl_uart.o)
    0x00000bc2   0x00000bc2   0x0000001e   Code   RO          108    .text.DL_UART_setOversampling  ti_msp_dl_config.o
    0x00000be0   0x00000be0   0x00000016   Code   RO          323    .text.DL_UART_transmitData  mid_uart.o
    0x00000bf6   0x00000bf6   0x00000002   PAD
    0x00000bf8   0x00000bf8   0x00000014   Code   RO          268    .text.DMA_IRQHandler  hw_dma.o
    0x00000c0c   0x00000c0c   0x000000a8   Code   RO          224    .text.GROUP1_IRQHandler  hw_gpio_it.o
    0x00000cb4   0x00000cb4   0x0000003c   Code   RO          116    .text.SYSCFG_DL_DMA_WS2812_init  ti_msp_dl_config.o
    0x00000cf0   0x00000cf0   0x00000008   Code   RO           40    .text.SYSCFG_DL_DMA_init  ti_msp_dl_config.o
    0x00000cf8   0x00000cf8   0x00000170   Code   RO           24    .text.SYSCFG_DL_GPIO_init  ti_msp_dl_config.o
    0x00000e68   0x00000e68   0x0000005c   Code   RO           28    .text.SYSCFG_DL_PWM_MOTOR_1_init  ti_msp_dl_config.o
    0x00000ec4   0x00000ec4   0x0000005c   Code   RO           30    .text.SYSCFG_DL_PWM_MOTOR_2_init  ti_msp_dl_config.o
    0x00000f20   0x00000f20   0x0000005c   Code   RO           32    .text.SYSCFG_DL_PWM_TEST_init  ti_msp_dl_config.o
    0x00000f7c   0x00000f7c   0x00000064   Code   RO           34    .text.SYSCFG_DL_PWM_WS2812_init  ti_msp_dl_config.o
    0x00000fe0   0x00000fe0   0x00000058   Code   RO           26    .text.SYSCFG_DL_SYSCTL_init  ti_msp_dl_config.o
    0x00001038   0x00001038   0x0000000c   Code   RO           42    .text.SYSCFG_DL_SYSTICK_init  ti_msp_dl_config.o
    0x00001044   0x00001044   0x00000030   Code   RO           36    .text.SYSCFG_DL_TIMER_SCAN_init  ti_msp_dl_config.o
    0x00001074   0x00001074   0x00000044   Code   RO           38    .text.SYSCFG_DL_UART_0_init  ti_msp_dl_config.o
    0x000010b8   0x000010b8   0x00000058   Code   RO           20    .text.SYSCFG_DL_init  ti_msp_dl_config.o
    0x00001110   0x00001110   0x00000094   Code   RO           22    .text.SYSCFG_DL_initPower  ti_msp_dl_config.o
    0x000011a4   0x000011a4   0x00000050   Code   RO          124    .text.SysTick_Config  ti_msp_dl_config.o
    0x000011f4   0x000011f4   0x00000018   Code   RO          157    .text.SysTick_Handler  hw_systick.o
    0x0000120c   0x0000120c   0x00000048   Code   RO          245    .text.TIMA0_IRQHandler  hw_timer.o
    0x00001254   0x00001254   0x0000003c   Code   RO          451    .text.TIMA1_IRQHandler  mid_ws2812.o
    0x00001290   0x00001290   0x00000060   Code   RO          337    .text.UART0_IRQHandler  mid_uart.o
    0x000012f0   0x000012f0   0x00000028   Code   RO          270    .text.__NVIC_ClearPendingIRQ  hw_dma.o
    0x00001318   0x00001318   0x0000002c   Code   RO          457    .text.__NVIC_ClearPendingIRQ  mid_ws2812.o
    0x00001344   0x00001344   0x00000028   Code   RO          258    .text.__NVIC_EnableIRQ  hw_dma.o
    0x0000136c   0x0000136c   0x0000002c   Code   RO          459    .text.__NVIC_EnableIRQ  mid_ws2812.o
    0x00001398   0x00001398   0x00000084   Code   RO           98    .text.__NVIC_SetPriority  ti_msp_dl_config.o
    0x0000141c   0x0000141c   0x00000038   Code   RO          155    .text.delay_ms      hw_systick.o
    0x00001454   0x00001454   0x00000048   Code   RO          256    .text.dma_init      hw_dma.o
    0x0000149c   0x0000149c   0x00000128   Code   RO          410    .text.encoder_num_update  mid_encoder.o
    0x000015c4   0x000015c4   0x00000060   Code   RO          412    .text.encoder_to_dec  mid_encoder.o
    0x00001624   0x00001624   0x0000001c   Code   RO          173    .text.encoder_update  hw_encoder.o
    0x00001640   0x00001640   0x0000039c   Code   RO          288    .text.flex_button_process  flexible_button.o
    0x000019dc   0x000019dc   0x00000088   Code   RO          286    .text.flex_button_read  flexible_button.o
    0x00001a64   0x00001a64   0x0000000c   Code   RO          284    .text.flex_button_scan  flexible_button.o
    0x00001a70   0x00001a70   0x00000050   Code   RO            2    .text.main          empty.o
    0x00001ac0   0x00001ac0   0x0000008c   Code   RO          175    .text.mdr_scan      hw_encoder.o
    0x00001b4c   0x00001b4c   0x00000008   Code   RO          447    .text.rgb_SendArray  mid_ws2812.o
    0x00001b54   0x00001b54   0x00000078   Code   RO          443    .text.rgb_SetColor  mid_ws2812.o
    0x00001bcc   0x00001bcc   0x00000036   Code   RO          441    .text.rgb_SetRGB    mid_ws2812.o
    0x00001c02   0x00001c02   0x00000002   PAD
    0x00001c04   0x00001c04   0x0000002c   Code   RO          319    .text.uart0_send_char  mid_uart.o
    0x00001c30   0x00001c30   0x0000002c   Code   RO          343    .text.uart_limit_length  mid_uart.o
    0x00001c5c   0x00001c5c   0x00000040   Code   RO          449    .text.ws2812_enable  mid_ws2812.o
    0x00001c9c   0x00001c9c   0x00000018   Data   RO          145    .rodata.gDMA_WS2812Config  ti_msp_dl_config.o
    0x00001cb4   0x00001cb4   0x00000003   Data   RO          133    .rodata.gPWM_MOTOR_1ClockConfig  ti_msp_dl_config.o
    0x00001cb7   0x00001cb7   0x00000001   PAD
    0x00001cb8   0x00001cb8   0x00000008   Data   RO          134    .rodata.gPWM_MOTOR_1Config  ti_msp_dl_config.o
    0x00001cc0   0x00001cc0   0x00000003   Data   RO          135    .rodata.gPWM_MOTOR_2ClockConfig  ti_msp_dl_config.o
    0x00001cc3   0x00001cc3   0x00000001   PAD
    0x00001cc4   0x00001cc4   0x00000008   Data   RO          136    .rodata.gPWM_MOTOR_2Config  ti_msp_dl_config.o
    0x00001ccc   0x00001ccc   0x00000003   Data   RO          137    .rodata.gPWM_TESTClockConfig  ti_msp_dl_config.o
    0x00001ccf   0x00001ccf   0x00000001   PAD
    0x00001cd0   0x00001cd0   0x00000008   Data   RO          138    .rodata.gPWM_TESTConfig  ti_msp_dl_config.o
    0x00001cd8   0x00001cd8   0x00000003   Data   RO          139    .rodata.gPWM_WS2812ClockConfig  ti_msp_dl_config.o
    0x00001cdb   0x00001cdb   0x00000001   PAD
    0x00001cdc   0x00001cdc   0x00000008   Data   RO          140    .rodata.gPWM_WS2812Config  ti_msp_dl_config.o
    0x00001ce4   0x00001ce4   0x00000028   Data   RO          132    .rodata.gSYSPLLConfig  ti_msp_dl_config.o
    0x00001d0c   0x00001d0c   0x00000003   Data   RO          141    .rodata.gTIMER_SCANClockConfig  ti_msp_dl_config.o
    0x00001d0f   0x00001d0f   0x00000001   PAD
    0x00001d10   0x00001d10   0x00000014   Data   RO          142    .rodata.gTIMER_SCANTimerConfig  ti_msp_dl_config.o
    0x00001d24   0x00001d24   0x00000002   Data   RO          143    .rodata.gUART_0ClockConfig  ti_msp_dl_config.o
    0x00001d26   0x00001d26   0x0000000a   Data   RO          144    .rodata.gUART_0Config  ti_msp_dl_config.o
    0x00001d30   0x00001d30   0x00000020   Data   RO          947    Region$$Table       anon$$obj.o


    Execution Region RW_IRAM2 (Exec base: 0x20200000, Load base: 0x00001d50, Size: 0x000016d0, Max: 0x00008000, ABSOLUTE)

    Exec Addr    Load Addr    Size         Type   Attr      Idx    E Section Name        Object

    0x20200000   0x00001d50   0x00000004   Data   RW          461    .data.ledsCount     mid_ws2812.o
    0x20200004   0x00001d54   0x00000001   Data   RW          431    .data.pid_mode      mid_pid.o
    0x20200005   0x00001d55   0x00000003   PAD
    0x20200008        -       0x00000060   Zero   RW          809    .bss                c_p.l(libspace.o)
    0x20200068        -       0x00000b40   Zero   RW          463    .bss.TimerCCValueArray  mid_ws2812.o
    0x20200ba8        -       0x00000004   Zero   RW          292    .bss.btn_head       flexible_button.o
    0x20200bac        -       0x00000001   Zero   RW          293    .bss.button_cnt     flexible_button.o
    0x20200bad   0x00001d55   0x00000003   PAD
    0x20200bb0        -       0x00000004   Zero   RW          159    .bss.delay_times    hw_systick.o
    0x20200bb4        -       0x00000001   Zero   RW          180    .bss.encoder_10     hw_encoder.o
    0x20200bb5   0x00001d55   0x00000003   PAD
    0x20200bb8        -       0x00000008   Zero   RW          414    .bss.encoder_num    mid_encoder.o
    0x20200bc0        -       0x00000001   Zero   RW          415    .bss.encoder_old_num  mid_encoder.o
    0x20200bc1        -       0x00000001   Zero   RW          272    .bss.gChannel0InterruptTaken  hw_dma.o
    0x20200bc2   0x00001d55   0x00000002   PAD
    0x20200bc4        -       0x00000078   Zero   RW          128    .bss.gPWM_MOTOR_1Backup  ti_msp_dl_config.o
    0x20200c3c        -       0x00000078   Zero   RW          129    .bss.gPWM_TESTBackup  ti_msp_dl_config.o
    0x20200cb4        -       0x000000bc   Zero   RW          130    .bss.gPWM_WS2812Backup  ti_msp_dl_config.o
    0x20200d70        -       0x000000bc   Zero   RW          131    .bss.gTIMER_SCANBackup  ti_msp_dl_config.o
    0x20200e2c        -       0x00000004   Zero   RW          291    .bss.g_btn_status_reg  flexible_button.o
    0x20200e30        -       0x00000004   Zero   RW          290    .bss.g_logic_level  flexible_button.o
    0x20200e34   0x00001d55   0x00000004   PAD
    0x20200e38        -       0x00000010   Zero   RW          179    .bss.motor_encoder  hw_encoder.o
    0x20200e48        -       0x00000084   Zero   RW          345    .bss.uart_data      mid_uart.o
    0x20200ecc   0x00001d55   0x00000004   PAD
    0x20200ed0        -       0x00000400   Zero   RW           11    HEAP                startup_mspm0g350x_uvision.o
    0x202012d0        -       0x00000400   Zero   RW           10    STACK               startup_mspm0g350x_uvision.o



  Load Region LR_BCR (Base: 0x41c00000, Size: 0x00000000, Max: 0x00000100, ABSOLUTE)

    Execution Region BCR_CONFIG (Exec base: 0x41c00000, Load base: 0x41c00000, Size: 0x00000000, Max: 0x00000080, ABSOLUTE)

    **** No section assigned to this execution region ****



  Load Region LR_BSL (Base: 0x41c00100, Size: 0x00000000, Max: 0x00000100, ABSOLUTE)

    Execution Region BSL_CONFIG (Exec base: 0x41c00100, Load base: 0x41c00100, Size: 0x00000000, Max: 0x00000080, ABSOLUTE)

    **** No section assigned to this execution region ****


==============================================================================

Image component sizes


      Code (inc. data)   RO Data    RW Data    ZI Data      Debug   Object Name

        80          4          0          0          0        453   empty.o
      1072         28          0          0         13       3520   flexible_button.o
       338         28          0          0          1       6372   hw_dma.o
       190          8          0          0         17       4359   hw_encoder.o
       242         12          0          0          0       5372   hw_gpio_it.o
        80          4          0          0          4        905   hw_systick.o
        90          8          0          0          0       5411   hw_timer.o
       392         16          0          0          9       1058   mid_encoder.o
         0          0          0          1          0       1905   mid_pid.o
       268         24          0          0        132       6300   mid_uart.o
       450         36          0          4       2880       7542   mid_ws2812.o
        48         22        192          0       2048        660   startup_mspm0g350x_uvision.o
      2438        208        143          0        616      35178   ti_msp_dl_config.o

    ----------------------------------------------------------------------
      5702        398        372          8       5736      79035   Object Totals
         0          0         32          0          0          0   (incl. Generated)
        14          0          5          3         16          0   (incl. Padding)

    ----------------------------------------------------------------------

      Code (inc. data)   RO Data    RW Data    ZI Data      Debug   Library Member Name

         8          0          0          0          0         68   __main.o
         0          0          0          0          0          0   __rtentry.o
        12          0          0          0          0          0   __rtentry2.o
         6          0          0          0          0          0   __rtentry4.o
        86         10          0          0          0          0   __scatter.o
        26          0          0          0          0          0   __scatter_copy.o
        28          0          0          0          0          0   __scatter_zi.o
        16          0          0          0          0         68   exit.o
         6          0          0          0          0        136   heapauxi.o
         0          0          0          0          0          0   indicate_semi.o
         2          0          0          0          0          0   libinit.o
         2          0          0          0          0          0   libinit2.o
         2          0          0          0          0          0   libshutdown.o
         2          0          0          0          0          0   libshutdown2.o
         8          4          0          0         96         68   libspace.o
         2          0          0          0          0          0   rtexit.o
        10          0          0          0          0          0   rtexit2.o
        12          4          0          0          0         60   sys_exit.o
        62          0          0          0          0         80   sys_stackheap_outer.o
         2          0          0          0          0         68   use_no_semi.o
        10          0          0          0          0        802   dl_common.o
        68          4          0          0          0       4504   dl_dma.o
       312         24          0          0          0      18490   dl_sysctl_mspm0g1x0x_g3x0x.o
       640        196          0          0          0      35449   dl_timer.o
        90          8          0          0          0      14127   dl_uart.o

    ----------------------------------------------------------------------
      1430        254          0          0         96      73920   Library Totals
        18          4          0          0          0          0   (incl. Padding)

    ----------------------------------------------------------------------

      Code (inc. data)   RO Data    RW Data    ZI Data      Debug   Library Name

       292         18          0          0         96        548   c_p.l
      1120        232          0          0          0      73372   driverlib.a

    ----------------------------------------------------------------------
      1430        254          0          0         96      73920   Library Totals

    ----------------------------------------------------------------------

==============================================================================


      Code (inc. data)   RO Data    RW Data    ZI Data      Debug   

      7132        652        372          8       5832     152631   Grand Totals
      7132        652        372          8       5832     152631   ELF Image Totals
      7132        652        372          8          0          0   ROM Totals

==============================================================================

    Total RO  Size (Code + RO Data)                 7504 (   7.33kB)
    Total RW  Size (RW Data + ZI Data)              5840 (   5.70kB)
    Total ROM Size (Code + RO Data + RW Data)       7512 (   7.34kB)

==============================================================================

